Archive member included to satisfy reference by file (symbol)

C:\Users\le_lianxiang\Desktop\Missile\Middlewares\ST\ARM\DSP\Lib\libarm_cortexM4lf_math.a(arm_mat_trans_f32.o)
                              CMakeFiles/EC_C_Board.elf.dir/user/algorithm/src/Kalman_filter.cpp.obj (arm_mat_trans_f32)
C:\Users\le_lianxiang\Desktop\Missile\Middlewares\ST\ARM\DSP\Lib\libarm_cortexM4lf_math.a(arm_mat_sub_f32.o)
                              CMakeFiles/EC_C_Board.elf.dir/user/algorithm/src/Kalman_filter.cpp.obj (arm_mat_sub_f32)
C:\Users\le_lianxiang\Desktop\Missile\Middlewares\ST\ARM\DSP\Lib\libarm_cortexM4lf_math.a(arm_mat_mult_f32.o)
                              CMakeFiles/EC_C_Board.elf.dir/user/algorithm/src/Kalman_filter.cpp.obj (arm_mat_mult_f32)
C:\Users\le_lianxiang\Desktop\Missile\Middlewares\ST\ARM\DSP\Lib\libarm_cortexM4lf_math.a(arm_mat_inverse_f32.o)
                              CMakeFiles/EC_C_Board.elf.dir/user/algorithm/src/Kalman_filter.cpp.obj (arm_mat_inverse_f32)
C:\Users\le_lianxiang\Desktop\Missile\Middlewares\ST\ARM\DSP\Lib\libarm_cortexM4lf_math.a(arm_mat_init_f32.o)
                              CMakeFiles/EC_C_Board.elf.dir/user/algorithm/src/Kalman_filter.cpp.obj (arm_mat_init_f32)
C:\Users\le_lianxiang\Desktop\Missile\Middlewares\ST\ARM\DSP\Lib\libarm_cortexM4lf_math.a(arm_mat_add_f32.o)
                              CMakeFiles/EC_C_Board.elf.dir/user/algorithm/src/Kalman_filter.cpp.obj (arm_mat_add_f32)
C:\Users\le_lianxiang\Desktop\Missile\Middlewares\ST\ARM\DSP\Lib\libarm_cortexM4lf_math.a(arm_sin_f32.o)
                              CMakeFiles/EC_C_Board.elf.dir/user/application/src/ins.cpp.obj (arm_sin_f32)
C:\Users\le_lianxiang\Desktop\Missile\Middlewares\ST\ARM\DSP\Lib\libarm_cortexM4lf_math.a(arm_cos_f32.o)
                              CMakeFiles/EC_C_Board.elf.dir/user/application/src/ins.cpp.obj (arm_cos_f32)
C:\Users\le_lianxiang\Desktop\Missile\Middlewares\ST\ARM\DSP\Lib\libarm_cortexM4lf_math.a(arm_common_tables.o)
                              C:\Users\le_lianxiang\Desktop\Missile\Middlewares\ST\ARM\DSP\Lib\libarm_cortexM4lf_math.a(arm_sin_f32.o) (sinTable_f32)
i:/cubemxandvscode/gcc-arm-none-eabi/bin/../lib/gcc/arm-none-eabi/10.3.1/../../../../arm-none-eabi/lib/thumb/v7e-m+fp/hard\libm.a(lib_a-s_ldexp.o)
                              CMakeFiles/EC_C_Board.elf.dir/user/modules/src/referee.c.obj (ldexp)
i:/cubemxandvscode/gcc-arm-none-eabi/bin/../lib/gcc/arm-none-eabi/10.3.1/../../../../arm-none-eabi/lib/thumb/v7e-m+fp/hard\libm.a(lib_a-s_scalbn.o)
                              i:/cubemxandvscode/gcc-arm-none-eabi/bin/../lib/gcc/arm-none-eabi/10.3.1/../../../../arm-none-eabi/lib/thumb/v7e-m+fp/hard\libm.a(lib_a-s_ldexp.o) (scalbn)
i:/cubemxandvscode/gcc-arm-none-eabi/bin/../lib/gcc/arm-none-eabi/10.3.1/../../../../arm-none-eabi/lib/thumb/v7e-m+fp/hard\libm.a(lib_a-wf_acos.o)
                              CMakeFiles/EC_C_Board.elf.dir/user/algorithm/src/QuaternionEKF.cpp.obj (acosf)
i:/cubemxandvscode/gcc-arm-none-eabi/bin/../lib/gcc/arm-none-eabi/10.3.1/../../../../arm-none-eabi/lib/thumb/v7e-m+fp/hard\libm.a(lib_a-wf_asin.o)
                              CMakeFiles/EC_C_Board.elf.dir/user/algorithm/src/QuaternionEKF.cpp.obj (asinf)
i:/cubemxandvscode/gcc-arm-none-eabi/bin/../lib/gcc/arm-none-eabi/10.3.1/../../../../arm-none-eabi/lib/thumb/v7e-m+fp/hard\libm.a(lib_a-wf_atan2.o)
                              CMakeFiles/EC_C_Board.elf.dir/user/algorithm/src/QuaternionEKF.cpp.obj (atan2f)
i:/cubemxandvscode/gcc-arm-none-eabi/bin/../lib/gcc/arm-none-eabi/10.3.1/../../../../arm-none-eabi/lib/thumb/v7e-m+fp/hard\libm.a(lib_a-wf_sqrt.o)
                              CMakeFiles/EC_C_Board.elf.dir/user/modules/src/bmi088_driver.cpp.obj (sqrtf)
i:/cubemxandvscode/gcc-arm-none-eabi/bin/../lib/gcc/arm-none-eabi/10.3.1/../../../../arm-none-eabi/lib/thumb/v7e-m+fp/hard\libm.a(lib_a-ef_acos.o)
                              i:/cubemxandvscode/gcc-arm-none-eabi/bin/../lib/gcc/arm-none-eabi/10.3.1/../../../../arm-none-eabi/lib/thumb/v7e-m+fp/hard\libm.a(lib_a-wf_acos.o) (__ieee754_acosf)
i:/cubemxandvscode/gcc-arm-none-eabi/bin/../lib/gcc/arm-none-eabi/10.3.1/../../../../arm-none-eabi/lib/thumb/v7e-m+fp/hard\libm.a(lib_a-ef_asin.o)
                              i:/cubemxandvscode/gcc-arm-none-eabi/bin/../lib/gcc/arm-none-eabi/10.3.1/../../../../arm-none-eabi/lib/thumb/v7e-m+fp/hard\libm.a(lib_a-wf_asin.o) (__ieee754_asinf)
i:/cubemxandvscode/gcc-arm-none-eabi/bin/../lib/gcc/arm-none-eabi/10.3.1/../../../../arm-none-eabi/lib/thumb/v7e-m+fp/hard\libm.a(lib_a-ef_atan2.o)
                              i:/cubemxandvscode/gcc-arm-none-eabi/bin/../lib/gcc/arm-none-eabi/10.3.1/../../../../arm-none-eabi/lib/thumb/v7e-m+fp/hard\libm.a(lib_a-wf_atan2.o) (__ieee754_atan2f)
i:/cubemxandvscode/gcc-arm-none-eabi/bin/../lib/gcc/arm-none-eabi/10.3.1/../../../../arm-none-eabi/lib/thumb/v7e-m+fp/hard\libm.a(lib_a-ef_sqrt.o)
[...]
Memory Configuration

Name             Origin             Length             Attributes
CCMRAM           0x10000000         0x00010000         xrw
RAM              0x20000000         0x00020000         xrw
FLASH            0x08000000         0x00100000         xr
*default*        0x00000000         0xffffffff

Linker script and memory map

LOAD i:/cubemxandvscode/gcc-arm-none-eabi/bin/../lib/gcc/arm-none-eabi/10.3.1/thumb/v7e-m+fp/hard/crti.o
LOAD i:/cubemxandvscode/gcc-arm-none-eabi/bin/../lib/gcc/arm-none-eabi/10.3.1/thumb/v7e-m+fp/hard/crtbegin.o
LOAD i:/cubemxandvscode/gcc-arm-none-eabi/bin/../lib/gcc/arm-none-eabi/10.3.1/../../../../arm-none-eabi/lib/thumb/v7e-m+fp/hard/crt0.o
LOAD CMakeFiles/EC_C_Board.elf.dir/Core/Src/can.c.obj
LOAD CMakeFiles/EC_C_Board.elf.dir/Core/Src/crc.c.obj
LOAD CMakeFiles/EC_C_Board.elf.dir/Core/Src/dma.c.obj
LOAD CMakeFiles/EC_C_Board.elf.dir/Core/Src/freertos.c.obj
LOAD CMakeFiles/EC_C_Board.elf.dir/Core/Src/gpio.c.obj
LOAD CMakeFiles/EC_C_Board.elf.dir/Core/Src/main.c.obj
LOAD CMakeFiles/EC_C_Board.elf.dir/Core/Src/spi.c.obj
LOAD CMakeFiles/EC_C_Board.elf.dir/Core/Src/stm32f4xx_hal_msp.c.obj
LOAD CMakeFiles/EC_C_Board.elf.dir/Core/Src/stm32f4xx_hal_timebase_tim.c.obj
LOAD CMakeFiles/EC_C_Board.elf.dir/Core/Src/stm32f4xx_it.c.obj
LOAD CMakeFiles/EC_C_Board.elf.dir/Core/Src/syscalls.c.obj
LOAD CMakeFiles/EC_C_Board.elf.dir/Core/Src/sysmem.c.obj
LOAD CMakeFiles/EC_C_Board.elf.dir/Core/Src/system_stm32f4xx.c.obj
LOAD CMakeFiles/EC_C_Board.elf.dir/Core/Src/tim.c.obj
LOAD CMakeFiles/EC_C_Board.elf.dir/Core/Src/usart.c.obj
LOAD CMakeFiles/EC_C_Board.elf.dir/Core/Startup/startup_stm32f407ighx.s.obj
LOAD CMakeFiles/EC_C_Board.elf.dir/Drivers/STM32F4xx_HAL_Driver/Src/stm32f4xx_hal.c.obj
LOAD CMakeFiles/EC_C_Board.elf.dir/Drivers/STM32F4xx_HAL_Driver/Src/stm32f4xx_hal_can.c.obj
LOAD CMakeFiles/EC_C_Board.elf.dir/Drivers/STM32F4xx_HAL_Driver/Src/stm32f4xx_hal_cortex.c.obj
LOAD CMakeFiles/EC_C_Board.elf.dir/Drivers/STM32F4xx_HAL_Driver/Src/stm32f4xx_hal_crc.c.obj
LOAD CMakeFiles/EC_C_Board.elf.dir/Drivers/STM32F4xx_HAL_Driver/Src/stm32f4xx_hal_dma.c.obj
LOAD CMakeFiles/EC_C_Board.elf.dir/Drivers/STM32F4xx_HAL_Driver/Src/stm32f4xx_hal_dma_ex.c.obj
LOAD CMakeFiles/EC_C_Board.elf.dir/Drivers/STM32F4xx_HAL_Driver/Src/stm32f4xx_hal_exti.c.obj
LOAD CMakeFiles/EC_C_Board.elf.dir/Drivers/STM32F4xx_HAL_Driver/Src/stm32f4xx_hal_flash.c.obj
LOAD CMakeFiles/EC_C_Board.elf.dir/Drivers/STM32F4xx_HAL_Driver/Src/stm32f4xx_hal_flash_ex.c.obj
LOAD CMakeFiles/EC_C_Board.elf.dir/Drivers/STM32F4xx_HAL_Driver/Src/stm32f4xx_hal_flash_ramfunc.c.obj
LOAD CMakeFiles/EC_C_Board.elf.dir/Drivers/STM32F4xx_HAL_Driver/Src/stm32f4xx_hal_gpio.c.obj
LOAD CMakeFiles/EC_C_Board.elf.dir/Drivers/STM32F4xx_HAL_Driver/Src/stm32f4xx_hal_pcd.c.obj
LOAD CMakeFiles/EC_C_Board.elf.dir/Drivers/STM32F4xx_HAL_Driver/Src/stm32f4xx_hal_pcd_ex.c.obj
LOAD CMakeFiles/EC_C_Board.elf.dir/Drivers/STM32F4xx_HAL_Driver/Src/stm32f4xx_hal_pwr.c.obj
LOAD CMakeFiles/EC_C_Board.elf.dir/Drivers/STM32F4xx_HAL_Driver/Src/stm32f4xx_hal_pwr_ex.c.obj
LOAD CMakeFiles/EC_C_Board.elf.dir/Drivers/STM32F4xx_HAL_Driver/Src/stm32f4xx_hal_rcc.c.obj
LOAD CMakeFiles/EC_C_Board.elf.dir/Drivers/STM32F4xx_HAL_Driver/Src/stm32f4xx_hal_rcc_ex.c.obj
LOAD CMakeFiles/EC_C_Board.elf.dir/Drivers/STM32F4xx_HAL_Driver/Src/stm32f4xx_hal_spi.c.obj
LOAD CMakeFiles/EC_C_Board.elf.dir/Drivers/STM32F4xx_HAL_Driver/Src/stm32f4xx_hal_tim.c.obj
LOAD CMakeFiles/EC_C_Board.elf.dir/Drivers/STM32F4xx_HAL_Driver/Src/stm32f4xx_hal_tim_ex.c.obj
LOAD CMakeFiles/EC_C_Board.elf.dir/Drivers/STM32F4xx_HAL_Driver/Src/stm32f4xx_hal_uart.c.obj
LOAD CMakeFiles/EC_C_Board.elf.dir/Drivers/STM32F4xx_HAL_Driver/Src/stm32f4xx_ll_usb.c.obj
LOAD CMakeFiles/EC_C_Board.elf.dir/Middlewares/ST/STM32_USB_Device_Library/Class/CDC/Src/usbd_cdc.c.obj
LOAD CMakeFiles/EC_C_Board.elf.dir/Middlewares/ST/STM32_USB_Device_Library/Core/Src/usbd_core.c.obj
LOAD CMakeFiles/EC_C_Board.elf.dir/Middlewares/ST/STM32_USB_Device_Library/Core/Src/usbd_ctlreq.c.obj
LOAD CMakeFiles/EC_C_Board.elf.dir/Middlewares/ST/STM32_USB_Device_Library/Core/Src/usbd_ioreq.c.obj
LOAD CMakeFiles/EC_C_Board.elf.dir/Middlewares/Third_Party/FreeRTOS/Source/CMSIS_RTOS/cmsis_os.c.obj
LOAD CMakeFiles/EC_C_Board.elf.dir/Middlewares/Third_Party/FreeRTOS/Source/croutine.c.obj
LOAD CMakeFiles/EC_C_Board.elf.dir/Middlewares/Third_Party/FreeRTOS/Source/event_groups.c.obj
LOAD CMakeFiles/EC_C_Board.elf.dir/Middlewares/Third_Party/FreeRTOS/Source/list.c.obj
LOAD CMakeFiles/EC_C_Board.elf.dir/Middlewares/Third_Party/FreeRTOS/Source/portable/GCC/ARM_CM4F/port.c.obj
LOAD CMakeFiles/EC_C_Board.elf.dir/Middlewares/Third_Party/FreeRTOS/Source/portable/MemMang/heap_4.c.obj
LOAD CMakeFiles/EC_C_Board.elf.dir/Middlewares/Third_Party/FreeRTOS/Source/queue.c.obj
LOAD CMakeFiles/EC_C_Board.elf.dir/Middlewares/Third_Party/FreeRTOS/Source/stream_buffer.c.obj
LOAD CMakeFiles/EC_C_Board.elf.dir/Middlewares/Third_Party/FreeRTOS/Source/tasks.c.obj
LOAD CMakeFiles/EC_C_Board.elf.dir/Middlewares/Third_Party/FreeRTOS/Source/timers.c.obj
LOAD CMakeFiles/EC_C_Board.elf.dir/USB_DEVICE/App/usb_device.c.obj
LOAD CMakeFiles/EC_C_Board.elf.dir/USB_DEVICE/App/usbd_cdc_if.c.obj
LOAD CMakeFiles/EC_C_Board.elf.dir/USB_DEVICE/App/usbd_desc.c.obj
LOAD CMakeFiles/EC_C_Board.elf.dir/USB_DEVICE/Target/usbd_conf.c.obj
LOAD CMakeFiles/EC_C_Board.elf.dir/user/algorithm/src/Kalman_filter.cpp.obj
LOAD CMakeFiles/EC_C_Board.elf.dir/user/algorithm/src/QuaternionEKF.cpp.obj
LOAD CMakeFiles/EC_C_Board.elf.dir/user/algorithm/src/crc.cpp.obj
LOAD CMakeFiles/EC_C_Board.elf.dir/user/algorithm/src/pid.cpp.obj
LOAD CMakeFiles/EC_C_Board.elf.dir/user/algorithm/src/user_lib.cpp.obj
LOAD CMakeFiles/EC_C_Board.elf.dir/user/application/src/gimbal.cpp.obj
LOAD CMakeFiles/EC_C_Board.elf.dir/user/application/src/infantry.cpp.obj
LOAD CMakeFiles/EC_C_Board.elf.dir/user/application/src/ins.cpp.obj
LOAD CMakeFiles/EC_C_Board.elf.dir/user/application/src/remote_keyboard.cpp.obj
LOAD CMakeFiles/EC_C_Board.elf.dir/user/application/src/shoot.cpp.obj
LOAD CMakeFiles/EC_C_Board.elf.dir/user/bsp/src/bsp_can.c.obj
LOAD CMakeFiles/EC_C_Board.elf.dir/user/bsp/src/bsp_dwt.c.obj
LOAD CMakeFiles/EC_C_Board.elf.dir/user/bsp/src/bsp_uart.c.obj
LOAD CMakeFiles/EC_C_Board.elf.dir/user/modules/src/bmi088_driver.cpp.obj
LOAD CMakeFiles/EC_C_Board.elf.dir/user/modules/src/bmi088_middleware.cpp.obj
LOAD CMakeFiles/EC_C_Board.elf.dir/user/modules/src/dji_motor.cpp.obj
LOAD CMakeFiles/EC_C_Board.elf.dir/user/modules/src/referee.c.obj
LOAD CMakeFiles/EC_C_Board.elf.dir/user/modules/src/remote.cpp.obj
LOAD C:\Users\le_lianxiang\Desktop\Missile\Middlewares\ST\ARM\DSP\Lib\libarm_cortexM4lf_math.a
LOAD i:/cubemxandvscode/gcc-arm-none-eabi/bin/../lib/gcc/arm-none-eabi/10.3.1/../../../../arm-none-eabi/lib/thumb/v7e-m+fp/hard\libstdc++.a
LOAD i:/cubemxandvscode/gcc-arm-none-eabi/bin/../lib/gcc/arm-none-eabi/10.3.1/../../../../arm-none-eabi/lib/thumb/v7e-m+fp/hard\libm.a
START GROUP
LOAD i:/cubemxandvscode/gcc-arm-none-eabi/bin/../lib/gcc/arm-none-eabi/10.3.1/thumb/v7e-m+fp/hard\libgcc.a
LOAD i:/cubemxandvscode/gcc-arm-none-eabi/bin/../lib/gcc/arm-none-eabi/10.3.1/../../../../arm-none-eabi/lib/thumb/v7e-m+fp/hard\libc.a
END GROUP
LOAD i:/cubemxandvscode/gcc-arm-none-eabi/bin/../lib/gcc/arm-none-eabi/10.3.1/thumb/v7e-m+fp/hard/crtend.o
LOAD i:/cubemxandvscode/gcc-arm-none-eabi/bin/../lib/gcc/arm-none-eabi/10.3.1/thumb/v7e-m+fp/hard/crtn.o
                0x20020000                _estack = (ORIGIN (RAM) + LENGTH (RAM))
                0x00000200                _Min_Heap_Size = 0x200
                0x00000400                _Min_Stack_Size = 0x400

.isr_vector     0x08000000      0x188
                0x08000000                . = ALIGN (0x4)
 *(.isr_vector)
 .isr_vector    0x08000000      0x188 CMakeFiles/EC_C_Board.elf.dir/Core/Startup/startup_stm32f407ighx.s.obj
                0x08000000                g_pfnVectors
                0x08000188                . = ALIGN (0x4)

.text           0x08000190     0xdd54
                0x08000190                . = ALIGN (0x4)
 *(.text)
 .text          0x08000190       0x40 i:/cubemxandvscode/gcc-arm-none-eabi/bin/../lib/gcc/arm-none-eabi/10.3.1/thumb/v7e-m+fp/hard/crtbegin.o
 .text          0x080001d0       0x30 i:/cubemxandvscode/gcc-arm-none-eabi/bin/../lib/gcc/arm-none-eabi/10.3.1/thumb/v7e-m+fp/hard\libgcc.a(_aeabi_uldivmod.o)
                0x080001d0                __aeabi_uldivmod
 .text          0x08000200      0x2d0 i:/cubemxandvscode/gcc-arm-none-eabi/bin/../lib/gcc/arm-none-eabi/10.3.1/thumb/v7e-m+fp/hard\libgcc.a(_udivmoddi4.o)
                0x08000200                __udivmoddi4
 .text          0x080004d0      0x9d8 i:/cubemxandvscode/gcc-arm-none-eabi/bin/../lib/gcc/arm-none-eabi/10.3.1/thumb/v7e-m+fp/hard\libgcc.a(unwind-arm.o)
                0x08000778                _Unwind_GetCFA
                0x0800077c                __gnu_Unwind_RaiseException
                0x080007e4                __gnu_Unwind_ForcedUnwind
                0x080007f4                __gnu_Unwind_Resume
                0x08000838                __gnu_Unwind_Resume_or_Rethrow
                0x08000848                _Unwind_Complete
                0x0800084c                _Unwind_DeleteException
                0x08000858                _Unwind_VRS_Get
                0x080008a4                _Unwind_VRS_Set
                0x080008ec                __gnu_Unwind_Backtrace
                0x08000c18                __aeabi_unwind_cpp_pr0
                0x08000c1c                __aeabi_unwind_cpp_pr1
                0x08000c20                __aeabi_unwind_cpp_pr2
                0x08000c24                _Unwind_VRS_Pop
 .text          0x08000ea8      0x1ac i:/cubemxandvscode/gcc-arm-none-eabi/bin/../lib/gcc/arm-none-eabi/10.3.1/thumb/v7e-m+fp/hard\libgcc.a(libunwind.o)
                0x08000ea8                __restore_core_regs
                0x08000ea8                restore_core_regs
                0x08000ec0                __gnu_Unwind_Restore_VFP
                0x08000ec8                __gnu_Unwind_Save_VFP
                0x08000ed0                __gnu_Unwind_Restore_VFP_D
                0x08000ed8                __gnu_Unwind_Save_VFP_D
                0x08000ee0                __gnu_Unwind_Restore_VFP_D_16_to_31
                0x08000ee8                __gnu_Unwind_Save_VFP_D_16_to_31
                0x08000ef0                __gnu_Unwind_Restore_WMMXD
                0x08000f34                __gnu_Unwind_Save_WMMXD
                0x08000f78                __gnu_Unwind_Restore_WMMXC
                0x08000f8c                __gnu_Unwind_Save_WMMXC
                0x08000fa0                ___Unwind_RaiseException
                0x08000fa0                _Unwind_RaiseException
                0x08000fc4                _Unwind_Resume
                0x08000fc4                ___Unwind_Resume
                0x08000fe8                _Unwind_Resume_or_Rethrow
                0x08000fe8                ___Unwind_Resume_or_Rethrow
                0x0800100c                _Unwind_ForcedUnwind
                0x0800100c                ___Unwind_ForcedUnwind
                0x08001030                ___Unwind_Backtrace
                0x08001030                _Unwind_Backtrace
 .text          0x08001054      0x350 i:/cubemxandvscode/gcc-arm-none-eabi/bin/../lib/gcc/arm-none-eabi/10.3.1/thumb/v7e-m+fp/hard\libgcc.a(pr-support.o)
                0x080010ac                __gnu_unwind_execute
                0x08001358                __gnu_unwind_frame
                0x08001384                _Unwind_GetRegionStart
                0x08001390                _Unwind_GetLanguageSpecificData
 .text          0x080013a4        0x4 i:/cubemxandvscode/gcc-arm-none-eabi/bin/../lib/gcc/arm-none-eabi/10.3.1/thumb/v7e-m+fp/hard\libgcc.a(_dvmd_tls.o)
                0x080013a4                __aeabi_idiv0
                0x080013a4                __aeabi_ldiv0
 .text          0x080013a8      0x134 i:/cubemxandvscode/gcc-arm-none-eabi/bin/../lib/gcc/arm-none-eabi/10.3.1/../../../../arm-none-eabi/lib/thumb/v7e-m+fp/hard\libc.a(lib_a-memcpy.o)
                0x080013a8                memcpy
 *(.text*)
 .text.MX_CAN1_Init
                0x080014dc       0x78 CMakeFiles/EC_C_Board.elf.dir/Core/Src/can.c.obj
                0x080014dc                MX_CAN1_Init
 .text.MX_CAN2_Init
                0x08001554       0x74 CMakeFiles/EC_C_Board.elf.dir/Core/Src/can.c.obj
                0x08001554                MX_CAN2_Init
 .text.HAL_CAN_MspInit
                0x080015c8      0x140 CMakeFiles/EC_C_Board.elf.dir/Core/Src/can.c.obj
                0x080015c8                HAL_CAN_MspInit
 .text.MX_CRC_Init
                0x08001708       0x20 CMakeFiles/EC_C_Board.elf.dir/Core/Src/crc.c.obj
                0x08001708                MX_CRC_Init
 .text.HAL_CRC_MspInit
                0x08001728       0x30 CMakeFiles/EC_C_Board.elf.dir/Core/Src/crc.c.obj
                0x08001728                HAL_CRC_MspInit
 .text.MX_DMA_Init
                0x08001758       0x34 CMakeFiles/EC_C_Board.elf.dir/Core/Src/dma.c.obj
                0x08001758                MX_DMA_Init
 .text.StartDefaultTask
                0x0800178c       0x6c CMakeFiles/EC_C_Board.elf.dir/Core/Src/freertos.c.obj
                0x0800178c                StartDefaultTask
 .text.StartInsTask
                0x080017f8       0x12 CMakeFiles/EC_C_Board.elf.dir/Core/Src/freertos.c.obj
                0x080017f8                StartInsTask
 .text.StartGimbalTask
                0x0800180a       0x12 CMakeFiles/EC_C_Board.elf.dir/Core/Src/freertos.c.obj
                0x0800180a                StartGimbalTask
 .text.StartModeTask
                0x0800181c        0xe CMakeFiles/EC_C_Board.elf.dir/Core/Src/freertos.c.obj
                0x0800181c                StartModeTask
 *fill*         0x0800182a        0x2 
 .text.vApplicationGetIdleTaskMemory
                0x0800182c       0x18 CMakeFiles/EC_C_Board.elf.dir/Core/Src/freertos.c.obj
                0x0800182c                vApplicationGetIdleTaskMemory
 .text.MX_FREERTOS_Init
                0x08001844       0xac CMakeFiles/EC_C_Board.elf.dir/Core/Src/freertos.c.obj
                0x08001844                MX_FREERTOS_Init
 .text.MX_GPIO_Init
                0x080018f0      0x198 CMakeFiles/EC_C_Board.elf.dir/Core/Src/gpio.c.obj
                0x080018f0                MX_GPIO_Init
 .text.HAL_TIM_PeriodElapsedCallback
                0x08001a88       0x12 CMakeFiles/EC_C_Board.elf.dir/Core/Src/main.c.obj
                0x08001a88                HAL_TIM_PeriodElapsedCallback
 .text.Error_Handler
                0x08001a9a        0x4 CMakeFiles/EC_C_Board.elf.dir/Core/Src/main.c.obj
                0x08001a9a                Error_Handler
 *fill*         0x08001a9e        0x2 
 .text.SystemClock_Config
                0x08001aa0       0xa8 CMakeFiles/EC_C_Board.elf.dir/Core/Src/main.c.obj
                0x08001aa0                SystemClock_Config
 .text.main     0x08001b48       0x60 CMakeFiles/EC_C_Board.elf.dir/Core/Src/main.c.obj
                0x08001b48                main
 .text.MX_SPI1_Init
                0x08001ba8       0x48 CMakeFiles/EC_C_Board.elf.dir/Core/Src/spi.c.obj
                0x08001ba8                MX_SPI1_Init
 .text.HAL_SPI_MspInit
                0x08001bf0       0x98 CMakeFiles/EC_C_Board.elf.dir/Core/Src/spi.c.obj
                0x08001bf0                HAL_SPI_MspInit
 .text.HAL_MspInit
                0x08001c88       0x44 CMakeFiles/EC_C_Board.elf.dir/Core/Src/stm32f4xx_hal_msp.c.obj
                0x08001c88                HAL_MspInit
 .text.HAL_InitTick
                0x08001ccc       0xa4 CMakeFiles/EC_C_Board.elf.dir/Core/Src/stm32f4xx_hal_timebase_tim.c.obj
                0x08001ccc                HAL_InitTick
 .text.NMI_Handler
                0x08001d70        0x2 CMakeFiles/EC_C_Board.elf.dir/Core/Src/stm32f4xx_it.c.obj
                0x08001d70                NMI_Handler
 .text.HardFault_Handler
                0x08001d72        0x2 CMakeFiles/EC_C_Board.elf.dir/Core/Src/stm32f4xx_it.c.obj
                0x08001d72                HardFault_Handler
 .text.MemManage_Handler
                0x08001d74        0x2 CMakeFiles/EC_C_Board.elf.dir/Core/Src/stm32f4xx_it.c.obj
                0x08001d74                MemManage_Handler
 .text.BusFault_Handler
                0x08001d76        0x2 CMakeFiles/EC_C_Board.elf.dir/Core/Src/stm32f4xx_it.c.obj
                0x08001d76                BusFault_Handler
 .text.UsageFault_Handler
                0x08001d78        0x2 CMakeFiles/EC_C_Board.elf.dir/Core/Src/stm32f4xx_it.c.obj
                0x08001d78                UsageFault_Handler
 .text.DebugMon_Handler
                0x08001d7a        0x2 CMakeFiles/EC_C_Board.elf.dir/Core/Src/stm32f4xx_it.c.obj
                0x08001d7a                DebugMon_Handler
 .text.DMA1_Stream1_IRQHandler
                0x08001d7c       0x10 CMakeFiles/EC_C_Board.elf.dir/Core/Src/stm32f4xx_it.c.obj
                0x08001d7c                DMA1_Stream1_IRQHandler
 .text.CAN1_RX0_IRQHandler
                0x08001d8c       0x10 CMakeFiles/EC_C_Board.elf.dir/Core/Src/stm32f4xx_it.c.obj
                0x08001d8c                CAN1_RX0_IRQHandler
 .text.CAN1_RX1_IRQHandler
                0x08001d9c       0x10 CMakeFiles/EC_C_Board.elf.dir/Core/Src/stm32f4xx_it.c.obj
                0x08001d9c                CAN1_RX1_IRQHandler
 .text.TIM2_IRQHandler
                0x08001dac       0x10 CMakeFiles/EC_C_Board.elf.dir/Core/Src/stm32f4xx_it.c.obj
                0x08001dac                TIM2_IRQHandler
 .text.USART3_IRQHandler
                0x08001dbc       0x10 CMakeFiles/EC_C_Board.elf.dir/Core/Src/stm32f4xx_it.c.obj
                0x08001dbc                USART3_IRQHandler
 .text.CAN2_RX0_IRQHandler
                0x08001dcc       0x10 CMakeFiles/EC_C_Board.elf.dir/Core/Src/stm32f4xx_it.c.obj
                0x08001dcc                CAN2_RX0_IRQHandler
 .text.CAN2_RX1_IRQHandler
                0x08001ddc       0x10 CMakeFiles/EC_C_Board.elf.dir/Core/Src/stm32f4xx_it.c.obj
                0x08001ddc                CAN2_RX1_IRQHandler
 .text.OTG_FS_IRQHandler
                0x08001dec       0x10 CMakeFiles/EC_C_Board.elf.dir/Core/Src/stm32f4xx_it.c.obj
                0x08001dec                OTG_FS_IRQHandler
 .text._getpid  0x08001dfc        0x4 CMakeFiles/EC_C_Board.elf.dir/Core/Src/syscalls.c.obj
                0x08001dfc                _getpid
 .text._kill    0x08001e00       0x10 CMakeFiles/EC_C_Board.elf.dir/Core/Src/syscalls.c.obj
                0x08001e00                _kill
 .text._exit    0x08001e10        0xc CMakeFiles/EC_C_Board.elf.dir/Core/Src/syscalls.c.obj
                0x08001e10                _exit
 .text._sbrk    0x08001e1c       0x48 CMakeFiles/EC_C_Board.elf.dir/Core/Src/sysmem.c.obj
                0x08001e1c                _sbrk
 .text.SystemInit
                0x08001e64       0x14 CMakeFiles/EC_C_Board.elf.dir/Core/Src/system_stm32f4xx.c.obj
                0x08001e64                SystemInit
 .text.HAL_TIM_PWM_MspInit
                0x08001e78       0x30 CMakeFiles/EC_C_Board.elf.dir/Core/Src/tim.c.obj
                0x08001e78                HAL_TIM_PWM_MspInit
 .text.HAL_TIM_Base_MspInit
                0x08001ea8       0x30 CMakeFiles/EC_C_Board.elf.dir/Core/Src/tim.c.obj
                0x08001ea8                HAL_TIM_Base_MspInit
 .text.HAL_TIM_MspPostInit
                0x08001ed8       0x98 CMakeFiles/EC_C_Board.elf.dir/Core/Src/tim.c.obj
                0x08001ed8                HAL_TIM_MspPostInit
 .text.MX_TIM1_Init
                0x08001f70       0xb8 CMakeFiles/EC_C_Board.elf.dir/Core/Src/tim.c.obj
                0x08001f70                MX_TIM1_Init
 .text.MX_TIM10_Init
                0x08002028       0x74 CMakeFiles/EC_C_Board.elf.dir/Core/Src/tim.c.obj
                0x08002028                MX_TIM10_Init
 .text.MX_USART3_UART_Init
                0x0800209c       0x3c CMakeFiles/EC_C_Board.elf.dir/Core/Src/usart.c.obj
                0x0800209c                MX_USART3_UART_Init
 .text.HAL_UART_MspInit
                0x080020d8       0xbc CMakeFiles/EC_C_Board.elf.dir/Core/Src/usart.c.obj
                0x080020d8                HAL_UART_MspInit
 .text.Reset_Handler
                0x08002194       0x50 CMakeFiles/EC_C_Board.elf.dir/Core/Startup/startup_stm32f407ighx.s.obj
                0x08002194                Reset_Handler
 .text.Default_Handler
                0x080021e4        0x2 CMakeFiles/EC_C_Board.elf.dir/Core/Startup/startup_stm32f407ighx.s.obj
                0x080021e4                RTC_Alarm_IRQHandler
                0x080021e4                HASH_RNG_IRQHandler
                0x080021e4                EXTI2_IRQHandler
                0x080021e4                TIM8_CC_IRQHandler
                0x080021e4                TIM1_CC_IRQHandler
                0x080021e4                DMA2_Stream5_IRQHandler
                0x080021e4                DMA1_Stream5_IRQHandler
                0x080021e4                PVD_IRQHandler
                0x080021e4                SDIO_IRQHandler
                0x080021e4                TAMP_STAMP_IRQHandler
                0x080021e4                EXTI3_IRQHandler
                0x080021e4                TIM8_TRG_COM_TIM14_IRQHandler
                0x080021e4                TIM1_UP_TIM10_IRQHandler
                0x080021e4                TIM8_UP_TIM13_IRQHandler
                0x080021e4                I2C3_ER_IRQHandler
                0x080021e4                EXTI0_IRQHandler
                0x080021e4                I2C2_EV_IRQHandler
                0x080021e4                DMA1_Stream2_IRQHandler
                0x080021e4                FPU_IRQHandler
                0x080021e4                OTG_HS_WKUP_IRQHandler
                0x080021e4                CAN2_SCE_IRQHandler
                0x080021e4                DMA2_Stream2_IRQHandler
                0x080021e4                SPI1_IRQHandler
                0x080021e4                TIM6_DAC_IRQHandler
                0x080021e4                TIM1_BRK_TIM9_IRQHandler
                0x080021e4                DCMI_IRQHandler
                0x080021e4                DMA2_Stream3_IRQHandler
                0x080021e4                USART6_IRQHandler
                0x080021e4                UART5_IRQHandler
                0x080021e4                DMA2_Stream0_IRQHandler
                0x080021e4                TIM4_IRQHandler
                0x080021e4                I2C1_EV_IRQHandler
                0x080021e4                DMA1_Stream6_IRQHandler
                0x080021e4                UART4_IRQHandler
                0x080021e4                TIM3_IRQHandler
                0x080021e4                RCC_IRQHandler
                0x080021e4                TIM8_BRK_TIM12_IRQHandler
                0x080021e4                Default_Handler
                0x080021e4                EXTI15_10_IRQHandler
                0x080021e4                ADC_IRQHandler
                0x080021e4                DMA1_Stream7_IRQHandler
                0x080021e4                TIM7_IRQHandler
                0x080021e4                CAN2_TX_IRQHandler
                0x080021e4                TIM5_IRQHandler
                0x080021e4                DMA2_Stream7_IRQHandler
                0x080021e4                I2C3_EV_IRQHandler
                0x080021e4                EXTI9_5_IRQHandler
                0x080021e4                RTC_WKUP_IRQHandler
                0x080021e4                ETH_WKUP_IRQHandler
                0x080021e4                SPI2_IRQHandler
                0x080021e4                OTG_HS_EP1_IN_IRQHandler
                0x080021e4                DMA1_Stream0_IRQHandler
                0x080021e4                CAN1_TX_IRQHandler
                0x080021e4                EXTI4_IRQHandler
                0x080021e4                FSMC_IRQHandler
                0x080021e4                ETH_IRQHandler
                0x080021e4                OTG_HS_EP1_OUT_IRQHandler
                0x080021e4                WWDG_IRQHandler
                0x080021e4                OTG_FS_WKUP_IRQHandler
                0x080021e4                TIM1_TRG_COM_TIM11_IRQHandler
                0x080021e4                OTG_HS_IRQHandler
                0x080021e4                EXTI1_IRQHandler
                0x080021e4                USART2_IRQHandler
                0x080021e4                I2C2_ER_IRQHandler
                0x080021e4                DMA2_Stream1_IRQHandler
                0x080021e4                CAN1_SCE_IRQHandler
                0x080021e4                FLASH_IRQHandler
                0x080021e4                DMA2_Stream4_IRQHandler
                0x080021e4                USART1_IRQHandler
                0x080021e4                SPI3_IRQHandler
                0x080021e4                DMA1_Stream4_IRQHandler
                0x080021e4                I2C1_ER_IRQHandler
                0x080021e4                DMA2_Stream6_IRQHandler
                0x080021e4                DMA1_Stream3_IRQHandler
 *fill*         0x080021e6        0x2 
 .text.HAL_Init
                0x080021e8       0x34 CMakeFiles/EC_C_Board.elf.dir/Drivers/STM32F4xx_HAL_Driver/Src/stm32f4xx_hal.c.obj
                0x080021e8                HAL_Init
 .text.HAL_IncTick
                0x0800221c       0x18 CMakeFiles/EC_C_Board.elf.dir/Drivers/STM32F4xx_HAL_Driver/Src/stm32f4xx_hal.c.obj
                0x0800221c                HAL_IncTick
 .text.HAL_GetTick
                0x08002234        0xc CMakeFiles/EC_C_Board.elf.dir/Drivers/STM32F4xx_HAL_Driver/Src/stm32f4xx_hal.c.obj
                0x08002234                HAL_GetTick
 .text.HAL_Delay
                0x08002240       0x28 CMakeFiles/EC_C_Board.elf.dir/Drivers/STM32F4xx_HAL_Driver/Src/stm32f4xx_hal.c.obj
                0x08002240                HAL_Delay
 .text.HAL_CAN_Init
                0x08002268      0x14c CMakeFiles/EC_C_Board.elf.dir/Drivers/STM32F4xx_HAL_Driver/Src/stm32f4xx_hal_can.c.obj
                0x08002268                HAL_CAN_Init
 .text.HAL_CAN_ConfigFilter
                0x080023b4      0x138 CMakeFiles/EC_C_Board.elf.dir/Drivers/STM32F4xx_HAL_Driver/Src/stm32f4xx_hal_can.c.obj
                0x080023b4                HAL_CAN_ConfigFilter
 .text.HAL_CAN_Start
                0x080024ec       0x5c CMakeFiles/EC_C_Board.elf.dir/Drivers/STM32F4xx_HAL_Driver/Src/stm32f4xx_hal_can.c.obj
                0x080024ec                HAL_CAN_Start
 .text.HAL_CAN_AddTxMessage
                0x08002548       0xfc CMakeFiles/EC_C_Board.elf.dir/Drivers/STM32F4xx_HAL_Driver/Src/stm32f4xx_hal_can.c.obj
                0x08002548                HAL_CAN_AddTxMessage
 .text.HAL_CAN_GetRxMessage
                0x08002644      0x14a CMakeFiles/EC_C_Board.elf.dir/Drivers/STM32F4xx_HAL_Driver/Src/stm32f4xx_hal_can.c.obj
                0x08002644                HAL_CAN_GetRxMessage
 .text.HAL_CAN_GetRxFifoFillLevel
                0x0800278e       0x26 CMakeFiles/EC_C_Board.elf.dir/Drivers/STM32F4xx_HAL_Driver/Src/stm32f4xx_hal_can.c.obj
                0x0800278e                HAL_CAN_GetRxFifoFillLevel
 .text.HAL_CAN_ActivateNotification
                0x080027b4       0x24 CMakeFiles/EC_C_Board.elf.dir/Drivers/STM32F4xx_HAL_Driver/Src/stm32f4xx_hal_can.c.obj
                0x080027b4                HAL_CAN_ActivateNotification
 .text.HAL_CAN_TxMailbox0CompleteCallback
                0x080027d8        0x2 CMakeFiles/EC_C_Board.elf.dir/Drivers/STM32F4xx_HAL_Driver/Src/stm32f4xx_hal_can.c.obj
                0x080027d8                HAL_CAN_TxMailbox0CompleteCallback
 .text.HAL_CAN_TxMailbox1CompleteCallback
                0x080027da        0x2 CMakeFiles/EC_C_Board.elf.dir/Drivers/STM32F4xx_HAL_Driver/Src/stm32f4xx_hal_can.c.obj
                0x080027da                HAL_CAN_TxMailbox1CompleteCallback
 .text.HAL_CAN_TxMailbox2CompleteCallback
                0x080027dc        0x2 CMakeFiles/EC_C_Board.elf.dir/Drivers/STM32F4xx_HAL_Driver/Src/stm32f4xx_hal_can.c.obj
                0x080027dc                HAL_CAN_TxMailbox2CompleteCallback
 .text.HAL_CAN_TxMailbox0AbortCallback
                0x080027de        0x2 CMakeFiles/EC_C_Board.elf.dir/Drivers/STM32F4xx_HAL_Driver/Src/stm32f4xx_hal_can.c.obj
                0x080027de                HAL_CAN_TxMailbox0AbortCallback
 .text.HAL_CAN_TxMailbox1AbortCallback
                0x080027e0        0x2 CMakeFiles/EC_C_Board.elf.dir/Drivers/STM32F4xx_HAL_Driver/Src/stm32f4xx_hal_can.c.obj
                0x080027e0                HAL_CAN_TxMailbox1AbortCallback
 .text.HAL_CAN_TxMailbox2AbortCallback
                0x080027e2        0x2 CMakeFiles/EC_C_Board.elf.dir/Drivers/STM32F4xx_HAL_Driver/Src/stm32f4xx_hal_can.c.obj
                0x080027e2                HAL_CAN_TxMailbox2AbortCallback
 .text.HAL_CAN_RxFifo0FullCallback
                0x080027e4        0x2 CMakeFiles/EC_C_Board.elf.dir/Drivers/STM32F4xx_HAL_Driver/Src/stm32f4xx_hal_can.c.obj
                0x080027e4                HAL_CAN_RxFifo0FullCallback
 .text.HAL_CAN_RxFifo1MsgPendingCallback
                0x080027e6        0x2 CMakeFiles/EC_C_Board.elf.dir/Drivers/STM32F4xx_HAL_Driver/Src/stm32f4xx_hal_can.c.obj
                0x080027e6                HAL_CAN_RxFifo1MsgPendingCallback
 .text.HAL_CAN_RxFifo1FullCallback
                0x080027e8        0x2 CMakeFiles/EC_C_Board.elf.dir/Drivers/STM32F4xx_HAL_Driver/Src/stm32f4xx_hal_can.c.obj
                0x080027e8                HAL_CAN_RxFifo1FullCallback
 .text.HAL_CAN_SleepCallback
                0x080027ea        0x2 CMakeFiles/EC_C_Board.elf.dir/Drivers/STM32F4xx_HAL_Driver/Src/stm32f4xx_hal_can.c.obj
                0x080027ea                HAL_CAN_SleepCallback
 .text.HAL_CAN_WakeUpFromRxMsgCallback
                0x080027ec        0x2 CMakeFiles/EC_C_Board.elf.dir/Drivers/STM32F4xx_HAL_Driver/Src/stm32f4xx_hal_can.c.obj
                0x080027ec                HAL_CAN_WakeUpFromRxMsgCallback
 .text.HAL_CAN_ErrorCallback
                0x080027ee        0x2 CMakeFiles/EC_C_Board.elf.dir/Drivers/STM32F4xx_HAL_Driver/Src/stm32f4xx_hal_can.c.obj
                0x080027ee                HAL_CAN_ErrorCallback
 .text.HAL_CAN_IRQHandler
                0x080027f0      0x24a CMakeFiles/EC_C_Board.elf.dir/Drivers/STM32F4xx_HAL_Driver/Src/stm32f4xx_hal_can.c.obj
                0x080027f0                HAL_CAN_IRQHandler
 *fill*         0x08002a3a        0x2 
 .text.HAL_NVIC_SetPriorityGrouping
                0x08002a3c       0x24 CMakeFiles/EC_C_Board.elf.dir/Drivers/STM32F4xx_HAL_Driver/Src/stm32f4xx_hal_cortex.c.obj
                0x08002a3c                HAL_NVIC_SetPriorityGrouping
 .text.HAL_NVIC_SetPriority
                0x08002a60       0x70 CMakeFiles/EC_C_Board.elf.dir/Drivers/STM32F4xx_HAL_Driver/Src/stm32f4xx_hal_cortex.c.obj
                0x08002a60                HAL_NVIC_SetPriority
 .text.HAL_NVIC_EnableIRQ
                0x08002ad0       0x1c CMakeFiles/EC_C_Board.elf.dir/Drivers/STM32F4xx_HAL_Driver/Src/stm32f4xx_hal_cortex.c.obj
                0x08002ad0                HAL_NVIC_EnableIRQ
 .text.HAL_CRC_Init
                0x08002aec       0x1e CMakeFiles/EC_C_Board.elf.dir/Drivers/STM32F4xx_HAL_Driver/Src/stm32f4xx_hal_crc.c.obj
                0x08002aec                HAL_CRC_Init
 .text.DMA_SetConfig
                0x08002b0a       0x2c CMakeFiles/EC_C_Board.elf.dir/Drivers/STM32F4xx_HAL_Driver/Src/stm32f4xx_hal_dma.c.obj
 *fill*         0x08002b36        0x2 
 .text.DMA_CalcBaseAndBitshift
                0x08002b38       0x44 CMakeFiles/EC_C_Board.elf.dir/Drivers/STM32F4xx_HAL_Driver/Src/stm32f4xx_hal_dma.c.obj
 .text.DMA_CheckFifoParam
                0x08002b7c       0x8e CMakeFiles/EC_C_Board.elf.dir/Drivers/STM32F4xx_HAL_Driver/Src/stm32f4xx_hal_dma.c.obj
 *fill*         0x08002c0a        0x2 
 .text.HAL_DMA_Init
                0x08002c0c       0xcc CMakeFiles/EC_C_Board.elf.dir/Drivers/STM32F4xx_HAL_Driver/Src/stm32f4xx_hal_dma.c.obj
                0x08002c0c                HAL_DMA_Init
 .text.HAL_DMA_Start_IT
                0x08002cd8       0x6a CMakeFiles/EC_C_Board.elf.dir/Drivers/STM32F4xx_HAL_Driver/Src/stm32f4xx_hal_dma.c.obj
                0x08002cd8                HAL_DMA_Start_IT
 .text.HAL_DMA_Abort
                0x08002d42       0x94 CMakeFiles/EC_C_Board.elf.dir/Drivers/STM32F4xx_HAL_Driver/Src/stm32f4xx_hal_dma.c.obj
                0x08002d42                HAL_DMA_Abort
 .text.HAL_DMA_Abort_IT
                0x08002dd6       0x26 CMakeFiles/EC_C_Board.elf.dir/Drivers/STM32F4xx_HAL_Driver/Src/stm32f4xx_hal_dma.c.obj
                0x08002dd6                HAL_DMA_Abort_IT
 .text.HAL_DMA_IRQHandler
                0x08002dfc      0x1dc CMakeFiles/EC_C_Board.elf.dir/Drivers/STM32F4xx_HAL_Driver/Src/stm32f4xx_hal_dma.c.obj
                0x08002dfc                HAL_DMA_IRQHandler
 .text.HAL_GPIO_Init
                0x08002fd8      0x1e4 CMakeFiles/EC_C_Board.elf.dir/Drivers/STM32F4xx_HAL_Driver/Src/stm32f4xx_hal_gpio.c.obj
                0x08002fd8                HAL_GPIO_Init
 .text.HAL_GPIO_WritePin
                0x080031bc        0xc CMakeFiles/EC_C_Board.elf.dir/Drivers/STM32F4xx_HAL_Driver/Src/stm32f4xx_hal_gpio.c.obj
                0x080031bc                HAL_GPIO_WritePin
 .text.HAL_GPIO_TogglePin
                0x080031c8       0x12 CMakeFiles/EC_C_Board.elf.dir/Drivers/STM32F4xx_HAL_Driver/Src/stm32f4xx_hal_gpio.c.obj
                0x080031c8                HAL_GPIO_TogglePin
 .text.PCD_WriteEmptyTxFifo
                0x080031da       0xd0 CMakeFiles/EC_C_Board.elf.dir/Drivers/STM32F4xx_HAL_Driver/Src/stm32f4xx_hal_pcd.c.obj
 .text.HAL_PCD_Init
                0x080032aa      0x12e CMakeFiles/EC_C_Board.elf.dir/Drivers/STM32F4xx_HAL_Driver/Src/stm32f4xx_hal_pcd.c.obj
                0x080032aa                HAL_PCD_Init
 .text.HAL_PCD_Start
                0x080033d8       0x42 CMakeFiles/EC_C_Board.elf.dir/Drivers/STM32F4xx_HAL_Driver/Src/stm32f4xx_hal_pcd.c.obj
                0x080033d8                HAL_PCD_Start
 *fill*         0x0800341a        0x2 
 .text.PCD_EP_OutXfrComplete_int
                0x0800341c      0x104 CMakeFiles/EC_C_Board.elf.dir/Drivers/STM32F4xx_HAL_Driver/Src/stm32f4xx_hal_pcd.c.obj
 .text.PCD_EP_OutSetupPacket_int
                0x08003520       0x50 CMakeFiles/EC_C_Board.elf.dir/Drivers/STM32F4xx_HAL_Driver/Src/stm32f4xx_hal_pcd.c.obj
 .text.HAL_PCD_SetAddress
                0x08003570       0x28 CMakeFiles/EC_C_Board.elf.dir/Drivers/STM32F4xx_HAL_Driver/Src/stm32f4xx_hal_pcd.c.obj
                0x08003570                HAL_PCD_SetAddress
 .text.HAL_PCD_EP_Open
                0x08003598       0x8a CMakeFiles/EC_C_Board.elf.dir/Drivers/STM32F4xx_HAL_Driver/Src/stm32f4xx_hal_pcd.c.obj
                0x08003598                HAL_PCD_EP_Open
 .text.HAL_PCD_EP_Close
                0x08003622       0x72 CMakeFiles/EC_C_Board.elf.dir/Drivers/STM32F4xx_HAL_Driver/Src/stm32f4xx_hal_pcd.c.obj
                0x08003622                HAL_PCD_EP_Close
 .text.HAL_PCD_EP_Receive
                0x08003694       0x5e CMakeFiles/EC_C_Board.elf.dir/Drivers/STM32F4xx_HAL_Driver/Src/stm32f4xx_hal_pcd.c.obj
                0x08003694                HAL_PCD_EP_Receive
 .text.HAL_PCD_EP_GetRxCount
                0x080036f2       0x12 CMakeFiles/EC_C_Board.elf.dir/Drivers/STM32F4xx_HAL_Driver/Src/stm32f4xx_hal_pcd.c.obj
                0x080036f2                HAL_PCD_EP_GetRxCount
 .text.HAL_PCD_EP_Transmit
                0x08003704       0x5e CMakeFiles/EC_C_Board.elf.dir/Drivers/STM32F4xx_HAL_Driver/Src/stm32f4xx_hal_pcd.c.obj
                0x08003704                HAL_PCD_EP_Transmit
 .text.HAL_PCD_EP_SetStall
                0x08003762       0x88 CMakeFiles/EC_C_Board.elf.dir/Drivers/STM32F4xx_HAL_Driver/Src/stm32f4xx_hal_pcd.c.obj
                0x08003762                HAL_PCD_EP_SetStall
 .text.HAL_PCD_EP_ClrStall
                0x080037ea       0x76 CMakeFiles/EC_C_Board.elf.dir/Drivers/STM32F4xx_HAL_Driver/Src/stm32f4xx_hal_pcd.c.obj
                0x080037ea                HAL_PCD_EP_ClrStall
 .text.HAL_PCD_EP_Abort
                0x08003860       0x34 CMakeFiles/EC_C_Board.elf.dir/Drivers/STM32F4xx_HAL_Driver/Src/stm32f4xx_hal_pcd.c.obj
                0x08003860                HAL_PCD_EP_Abort
 .text.HAL_PCD_IRQHandler
                0x08003894      0x5c4 CMakeFiles/EC_C_Board.elf.dir/Drivers/STM32F4xx_HAL_Driver/Src/stm32f4xx_hal_pcd.c.obj
                0x08003894                HAL_PCD_IRQHandler
 .text.HAL_PCDEx_SetTxFiFo
                0x08003e58       0x4c CMakeFiles/EC_C_Board.elf.dir/Drivers/STM32F4xx_HAL_Driver/Src/stm32f4xx_hal_pcd_ex.c.obj
                0x08003e58                HAL_PCDEx_SetTxFiFo
 .text.HAL_PCDEx_SetRxFiFo
                0x08003ea4        0x8 CMakeFiles/EC_C_Board.elf.dir/Drivers/STM32F4xx_HAL_Driver/Src/stm32f4xx_hal_pcd_ex.c.obj
                0x08003ea4                HAL_PCDEx_SetRxFiFo
 .text.HAL_PCDEx_LPM_Callback
                0x08003eac        0x2 CMakeFiles/EC_C_Board.elf.dir/Drivers/STM32F4xx_HAL_Driver/Src/stm32f4xx_hal_pcd_ex.c.obj
                0x08003eac                HAL_PCDEx_LPM_Callback
 *fill*         0x08003eae        0x2 
 .text.HAL_RCC_OscConfig
                0x08003eb0      0x3f8 CMakeFiles/EC_C_Board.elf.dir/Drivers/STM32F4xx_HAL_Driver/Src/stm32f4xx_hal_rcc.c.obj
                0x08003eb0                HAL_RCC_OscConfig
 .text.HAL_RCC_GetSysClockFreq
                0x080042a8       0xa4 CMakeFiles/EC_C_Board.elf.dir/Drivers/STM32F4xx_HAL_Driver/Src/stm32f4xx_hal_rcc.c.obj
                0x080042a8                HAL_RCC_GetSysClockFreq
 .text.HAL_RCC_ClockConfig
                0x0800434c      0x160 CMakeFiles/EC_C_Board.elf.dir/Drivers/STM32F4xx_HAL_Driver/Src/stm32f4xx_hal_rcc.c.obj
                0x0800434c                HAL_RCC_ClockConfig
 .text.HAL_RCC_GetHCLKFreq
                0x080044ac        0xc CMakeFiles/EC_C_Board.elf.dir/Drivers/STM32F4xx_HAL_Driver/Src/stm32f4xx_hal_rcc.c.obj
                0x080044ac                HAL_RCC_GetHCLKFreq
 .text.HAL_RCC_GetPCLK1Freq
                0x080044b8       0x20 CMakeFiles/EC_C_Board.elf.dir/Drivers/STM32F4xx_HAL_Driver/Src/stm32f4xx_hal_rcc.c.obj
                0x080044b8                HAL_RCC_GetPCLK1Freq
 .text.HAL_RCC_GetPCLK2Freq
                0x080044d8       0x20 CMakeFiles/EC_C_Board.elf.dir/Drivers/STM32F4xx_HAL_Driver/Src/stm32f4xx_hal_rcc.c.obj
                0x080044d8                HAL_RCC_GetPCLK2Freq
 .text.HAL_RCC_GetClockConfig
                0x080044f8       0x3c CMakeFiles/EC_C_Board.elf.dir/Drivers/STM32F4xx_HAL_Driver/Src/stm32f4xx_hal_rcc.c.obj
                0x080044f8                HAL_RCC_GetClockConfig
 .text.SPI_WaitFlagStateUntilTimeout
                0x08004534       0xd4 CMakeFiles/EC_C_Board.elf.dir/Drivers/STM32F4xx_HAL_Driver/Src/stm32f4xx_hal_spi.c.obj
 .text.SPI_EndRxTxTransaction
                0x08004608       0x68 CMakeFiles/EC_C_Board.elf.dir/Drivers/STM32F4xx_HAL_Driver/Src/stm32f4xx_hal_spi.c.obj
 .text.HAL_SPI_Init
                0x08004670       0xbe CMakeFiles/EC_C_Board.elf.dir/Drivers/STM32F4xx_HAL_Driver/Src/stm32f4xx_hal_spi.c.obj
                0x08004670                HAL_SPI_Init
 .text.HAL_SPI_TransmitReceive
                0x0800472e      0x238 CMakeFiles/EC_C_Board.elf.dir/Drivers/STM32F4xx_HAL_Driver/Src/stm32f4xx_hal_spi.c.obj
                0x0800472e                HAL_SPI_TransmitReceive
 *fill*         0x08004966        0x2 
 .text.TIM_OC1_SetConfig
                0x08004968       0x68 CMakeFiles/EC_C_Board.elf.dir/Drivers/STM32F4xx_HAL_Driver/Src/stm32f4xx_hal_tim.c.obj
 .text.TIM_OC3_SetConfig
                0x080049d0       0x70 CMakeFiles/EC_C_Board.elf.dir/Drivers/STM32F4xx_HAL_Driver/Src/stm32f4xx_hal_tim.c.obj
 .text.TIM_OC4_SetConfig
                0x08004a40       0x50 CMakeFiles/EC_C_Board.elf.dir/Drivers/STM32F4xx_HAL_Driver/Src/stm32f4xx_hal_tim.c.obj
 .text.HAL_TIM_Base_Start_IT
                0x08004a90       0x88 CMakeFiles/EC_C_Board.elf.dir/Drivers/STM32F4xx_HAL_Driver/Src/stm32f4xx_hal_tim.c.obj
                0x08004a90                HAL_TIM_Base_Start_IT
 .text.HAL_TIM_OC_DelayElapsedCallback
                0x08004b18        0x2 CMakeFiles/EC_C_Board.elf.dir/Drivers/STM32F4xx_HAL_Driver/Src/stm32f4xx_hal_tim.c.obj
                0x08004b18                HAL_TIM_OC_DelayElapsedCallback
 .text.HAL_TIM_IC_CaptureCallback
                0x08004b1a        0x2 CMakeFiles/EC_C_Board.elf.dir/Drivers/STM32F4xx_HAL_Driver/Src/stm32f4xx_hal_tim.c.obj
                0x08004b1a                HAL_TIM_IC_CaptureCallback
 .text.HAL_TIM_PWM_PulseFinishedCallback
                0x08004b1c        0x2 CMakeFiles/EC_C_Board.elf.dir/Drivers/STM32F4xx_HAL_Driver/Src/stm32f4xx_hal_tim.c.obj
                0x08004b1c                HAL_TIM_PWM_PulseFinishedCallback
 .text.HAL_TIM_TriggerCallback
                0x08004b1e        0x2 CMakeFiles/EC_C_Board.elf.dir/Drivers/STM32F4xx_HAL_Driver/Src/stm32f4xx_hal_tim.c.obj
                0x08004b1e                HAL_TIM_TriggerCallback
 .text.HAL_TIM_IRQHandler
                0x08004b20      0x17a CMakeFiles/EC_C_Board.elf.dir/Drivers/STM32F4xx_HAL_Driver/Src/stm32f4xx_hal_tim.c.obj
                0x08004b20                HAL_TIM_IRQHandler
 *fill*         0x08004c9a        0x2 
 .text.TIM_Base_SetConfig
                0x08004c9c       0xc8 CMakeFiles/EC_C_Board.elf.dir/Drivers/STM32F4xx_HAL_Driver/Src/stm32f4xx_hal_tim.c.obj
                0x08004c9c                TIM_Base_SetConfig
 .text.HAL_TIM_Base_Init
                0x08004d64       0x58 CMakeFiles/EC_C_Board.elf.dir/Drivers/STM32F4xx_HAL_Driver/Src/stm32f4xx_hal_tim.c.obj
                0x08004d64                HAL_TIM_Base_Init
 .text.HAL_TIM_PWM_Init
                0x08004dbc       0x58 CMakeFiles/EC_C_Board.elf.dir/Drivers/STM32F4xx_HAL_Driver/Src/stm32f4xx_hal_tim.c.obj
                0x08004dbc                HAL_TIM_PWM_Init
 .text.TIM_OC2_SetConfig
                0x08004e14       0x70 CMakeFiles/EC_C_Board.elf.dir/Drivers/STM32F4xx_HAL_Driver/Src/stm32f4xx_hal_tim.c.obj
                0x08004e14                TIM_OC2_SetConfig
 .text.HAL_TIM_PWM_ConfigChannel
                0x08004e84       0xdc CMakeFiles/EC_C_Board.elf.dir/Drivers/STM32F4xx_HAL_Driver/Src/stm32f4xx_hal_tim.c.obj
                0x08004e84                HAL_TIM_PWM_ConfigChannel
 .text.TIM_CCxChannelCmd
                0x08004f60       0x1e CMakeFiles/EC_C_Board.elf.dir/Drivers/STM32F4xx_HAL_Driver/Src/stm32f4xx_hal_tim.c.obj
                0x08004f60                TIM_CCxChannelCmd
 *fill*         0x08004f7e        0x2 
 .text.HAL_TIM_PWM_Start
                0x08004f80      0x104 CMakeFiles/EC_C_Board.elf.dir/Drivers/STM32F4xx_HAL_Driver/Src/stm32f4xx_hal_tim.c.obj
                0x08004f80                HAL_TIM_PWM_Start
 .text.HAL_TIMEx_MasterConfigSynchronization
                0x08005084       0x8c CMakeFiles/EC_C_Board.elf.dir/Drivers/STM32F4xx_HAL_Driver/Src/stm32f4xx_hal_tim_ex.c.obj
                0x08005084                HAL_TIMEx_MasterConfigSynchronization
 .text.HAL_TIMEx_ConfigBreakDeadTime
                0x08005110       0x52 CMakeFiles/EC_C_Board.elf.dir/Drivers/STM32F4xx_HAL_Driver/Src/stm32f4xx_hal_tim_ex.c.obj
                0x08005110                HAL_TIMEx_ConfigBreakDeadTime
 .text.HAL_TIMEx_CommutCallback
                0x08005162        0x2 CMakeFiles/EC_C_Board.elf.dir/Drivers/STM32F4xx_HAL_Driver/Src/stm32f4xx_hal_tim_ex.c.obj
                0x08005162                HAL_TIMEx_CommutCallback
 .text.HAL_TIMEx_BreakCallback
                0x08005164        0x2 CMakeFiles/EC_C_Board.elf.dir/Drivers/STM32F4xx_HAL_Driver/Src/stm32f4xx_hal_tim_ex.c.obj
                0x08005164                HAL_TIMEx_BreakCallback
 .text.UART_EndTxTransfer
                0x08005166       0x20 CMakeFiles/EC_C_Board.elf.dir/Drivers/STM32F4xx_HAL_Driver/Src/stm32f4xx_hal_uart.c.obj
 .text.UART_EndRxTransfer
                0x08005186       0x5c CMakeFiles/EC_C_Board.elf.dir/Drivers/STM32F4xx_HAL_Driver/Src/stm32f4xx_hal_uart.c.obj
 .text.UART_Transmit_IT
                0x080051e2       0x60 CMakeFiles/EC_C_Board.elf.dir/Drivers/STM32F4xx_HAL_Driver/Src/stm32f4xx_hal_uart.c.obj
 *fill*         0x08005242        0x2 
 .text.UART_SetConfig
                0x08005244      0x110 CMakeFiles/EC_C_Board.elf.dir/Drivers/STM32F4xx_HAL_Driver/Src/stm32f4xx_hal_uart.c.obj
 .text.HAL_UART_Init
                0x08005354       0x5e CMakeFiles/EC_C_Board.elf.dir/Drivers/STM32F4xx_HAL_Driver/Src/stm32f4xx_hal_uart.c.obj
                0x08005354                HAL_UART_Init
 .text.HAL_UART_TxCpltCallback
                0x080053b2        0x2 CMakeFiles/EC_C_Board.elf.dir/Drivers/STM32F4xx_HAL_Driver/Src/stm32f4xx_hal_uart.c.obj
                0x080053b2                HAL_UART_TxCpltCallback
 .text.UART_EndTransmit_IT
                0x080053b4       0x1a CMakeFiles/EC_C_Board.elf.dir/Drivers/STM32F4xx_HAL_Driver/Src/stm32f4xx_hal_uart.c.obj
 .text.HAL_UART_RxCpltCallback
                0x080053ce        0x2 CMakeFiles/EC_C_Board.elf.dir/Drivers/STM32F4xx_HAL_Driver/Src/stm32f4xx_hal_uart.c.obj
                0x080053ce                HAL_UART_RxCpltCallback
 .text.HAL_UART_RxHalfCpltCallback
                0x080053d0        0x2 CMakeFiles/EC_C_Board.elf.dir/Drivers/STM32F4xx_HAL_Driver/Src/stm32f4xx_hal_uart.c.obj
                0x080053d0                HAL_UART_RxHalfCpltCallback
 .text.HAL_UART_ErrorCallback
                0x080053d2        0x2 CMakeFiles/EC_C_Board.elf.dir/Drivers/STM32F4xx_HAL_Driver/Src/stm32f4xx_hal_uart.c.obj
                0x080053d2                HAL_UART_ErrorCallback
 .text.UART_DMAError
                0x080053d4       0x58 CMakeFiles/EC_C_Board.elf.dir/Drivers/STM32F4xx_HAL_Driver/Src/stm32f4xx_hal_uart.c.obj
 .text.UART_DMAAbortOnError
                0x0800542c       0x10 CMakeFiles/EC_C_Board.elf.dir/Drivers/STM32F4xx_HAL_Driver/Src/stm32f4xx_hal_uart.c.obj
 .text.UART_Receive_IT
                0x0800543c       0xe2 CMakeFiles/EC_C_Board.elf.dir/Drivers/STM32F4xx_HAL_Driver/Src/stm32f4xx_hal_uart.c.obj
 *fill*         0x0800551e        0x2 
 .text.HAL_UART_IRQHandler
                0x08005520      0x280 CMakeFiles/EC_C_Board.elf.dir/Drivers/STM32F4xx_HAL_Driver/Src/stm32f4xx_hal_uart.c.obj
                0x08005520                HAL_UART_IRQHandler
 .text.UART_DMARxHalfCplt
                0x080057a0       0x1a CMakeFiles/EC_C_Board.elf.dir/Drivers/STM32F4xx_HAL_Driver/Src/stm32f4xx_hal_uart.c.obj
 .text.UART_DMAReceiveCplt
                0x080057ba       0x96 CMakeFiles/EC_C_Board.elf.dir/Drivers/STM32F4xx_HAL_Driver/Src/stm32f4xx_hal_uart.c.obj
 .text.UART_Start_Receive_DMA
                0x08005850       0xa8 CMakeFiles/EC_C_Board.elf.dir/Drivers/STM32F4xx_HAL_Driver/Src/stm32f4xx_hal_uart.c.obj
                0x08005850                UART_Start_Receive_DMA
 .text.HAL_UARTEx_ReceiveToIdle_DMA
                0x080058f8       0x70 CMakeFiles/EC_C_Board.elf.dir/Drivers/STM32F4xx_HAL_Driver/Src/stm32f4xx_hal_uart.c.obj
                0x080058f8                HAL_UARTEx_ReceiveToIdle_DMA
 .text.USB_CoreReset
                0x08005968       0x50 CMakeFiles/EC_C_Board.elf.dir/Drivers/STM32F4xx_HAL_Driver/Src/stm32f4xx_ll_usb.c.obj
 .text.USB_CoreInit
                0x080059b8       0x8a CMakeFiles/EC_C_Board.elf.dir/Drivers/STM32F4xx_HAL_Driver/Src/stm32f4xx_ll_usb.c.obj
                0x080059b8                USB_CoreInit
 *fill*         0x08005a42        0x2 
 .text.USB_SetTurnaroundTime
                0x08005a44       0xe4 CMakeFiles/EC_C_Board.elf.dir/Drivers/STM32F4xx_HAL_Driver/Src/stm32f4xx_ll_usb.c.obj
                0x08005a44                USB_SetTurnaroundTime
 .text.USB_EnableGlobalInt
                0x08005b28        0xc CMakeFiles/EC_C_Board.elf.dir/Drivers/STM32F4xx_HAL_Driver/Src/stm32f4xx_ll_usb.c.obj
                0x08005b28                USB_EnableGlobalInt
 .text.USB_DisableGlobalInt
                0x08005b34        0xc CMakeFiles/EC_C_Board.elf.dir/Drivers/STM32F4xx_HAL_Driver/Src/stm32f4xx_ll_usb.c.obj
                0x08005b34                USB_DisableGlobalInt
 .text.USB_FlushTxFifo
                0x08005b40       0x50 CMakeFiles/EC_C_Board.elf.dir/Drivers/STM32F4xx_HAL_Driver/Src/stm32f4xx_ll_usb.c.obj
                0x08005b40                USB_FlushTxFifo
 .text.USB_FlushRxFifo
                0x08005b90       0x4c CMakeFiles/EC_C_Board.elf.dir/Drivers/STM32F4xx_HAL_Driver/Src/stm32f4xx_ll_usb.c.obj
                0x08005b90                USB_FlushRxFifo
 .text.USB_SetDevSpeed
                0x08005bdc        0xe CMakeFiles/EC_C_Board.elf.dir/Drivers/STM32F4xx_HAL_Driver/Src/stm32f4xx_ll_usb.c.obj
                0x08005bdc                USB_SetDevSpeed
 *fill*         0x08005bea        0x2 
 .text.USB_DevInit
                0x08005bec      0x190 CMakeFiles/EC_C_Board.elf.dir/Drivers/STM32F4xx_HAL_Driver/Src/stm32f4xx_ll_usb.c.obj
                0x08005bec                USB_DevInit
 .text.USB_GetDevSpeed
                0x08005d7c       0x22 CMakeFiles/EC_C_Board.elf.dir/Drivers/STM32F4xx_HAL_Driver/Src/stm32f4xx_ll_usb.c.obj
                0x08005d7c                USB_GetDevSpeed
 .text.USB_ActivateEndpoint
                0x08005d9e       0x9c CMakeFiles/EC_C_Board.elf.dir/Drivers/STM32F4xx_HAL_Driver/Src/stm32f4xx_ll_usb.c.obj
                0x08005d9e                USB_ActivateEndpoint
 *fill*         0x08005e3a        0x2 
 .text.USB_DeactivateEndpoint
                0x08005e3c       0xe0 CMakeFiles/EC_C_Board.elf.dir/Drivers/STM32F4xx_HAL_Driver/Src/stm32f4xx_ll_usb.c.obj
                0x08005e3c                USB_DeactivateEndpoint
 .text.USB_EP0StartXfer
                0x08005f1c      0x124 CMakeFiles/EC_C_Board.elf.dir/Drivers/STM32F4xx_HAL_Driver/Src/stm32f4xx_ll_usb.c.obj
                0x08005f1c                USB_EP0StartXfer
 .text.USB_EPStopXfer
                0x08006040       0xbe CMakeFiles/EC_C_Board.elf.dir/Drivers/STM32F4xx_HAL_Driver/Src/stm32f4xx_ll_usb.c.obj
                0x08006040                USB_EPStopXfer
 .text.USB_WritePacket
                0x080060fe       0x2e CMakeFiles/EC_C_Board.elf.dir/Drivers/STM32F4xx_HAL_Driver/Src/stm32f4xx_ll_usb.c.obj
                0x080060fe                USB_WritePacket
 .text.USB_EPStartXfer
                0x0800612c      0x234 CMakeFiles/EC_C_Board.elf.dir/Drivers/STM32F4xx_HAL_Driver/Src/stm32f4xx_ll_usb.c.obj
                0x0800612c                USB_EPStartXfer
 .text.USB_ReadPacket
                0x08006360       0x54 CMakeFiles/EC_C_Board.elf.dir/Drivers/STM32F4xx_HAL_Driver/Src/stm32f4xx_ll_usb.c.obj
                0x08006360                USB_ReadPacket
 .text.USB_EPSetStall
                0x080063b4       0x5a CMakeFiles/EC_C_Board.elf.dir/Drivers/STM32F4xx_HAL_Driver/Src/stm32f4xx_ll_usb.c.obj
                0x080063b4                USB_EPSetStall
 .text.USB_EPClearStall
                0x0800640e       0x5c CMakeFiles/EC_C_Board.elf.dir/Drivers/STM32F4xx_HAL_Driver/Src/stm32f4xx_ll_usb.c.obj
                0x0800640e                USB_EPClearStall
 .text.USB_SetDevAddress
                0x0800646a       0x20 CMakeFiles/EC_C_Board.elf.dir/Drivers/STM32F4xx_HAL_Driver/Src/stm32f4xx_ll_usb.c.obj
                0x0800646a                USB_SetDevAddress
 .text.USB_DevConnect
                0x0800648a       0x1c CMakeFiles/EC_C_Board.elf.dir/Drivers/STM32F4xx_HAL_Driver/Src/stm32f4xx_ll_usb.c.obj
                0x0800648a                USB_DevConnect
 .text.USB_DevDisconnect
                0x080064a6       0x1c CMakeFiles/EC_C_Board.elf.dir/Drivers/STM32F4xx_HAL_Driver/Src/stm32f4xx_ll_usb.c.obj
                0x080064a6                USB_DevDisconnect
 .text.USB_ReadInterrupts
                0x080064c2        0x8 CMakeFiles/EC_C_Board.elf.dir/Drivers/STM32F4xx_HAL_Driver/Src/stm32f4xx_ll_usb.c.obj
                0x080064c2                USB_ReadInterrupts
 .text.USB_ReadDevAllOutEpInterrupt
                0x080064ca       0x10 CMakeFiles/EC_C_Board.elf.dir/Drivers/STM32F4xx_HAL_Driver/Src/stm32f4xx_ll_usb.c.obj
                0x080064ca                USB_ReadDevAllOutEpInterrupt
 .text.USB_ReadDevAllInEpInterrupt
                0x080064da       0x10 CMakeFiles/EC_C_Board.elf.dir/Drivers/STM32F4xx_HAL_Driver/Src/stm32f4xx_ll_usb.c.obj
                0x080064da                USB_ReadDevAllInEpInterrupt
 .text.USB_ReadDevOutEPInterrupt
                0x080064ea       0x12 CMakeFiles/EC_C_Board.elf.dir/Drivers/STM32F4xx_HAL_Driver/Src/stm32f4xx_ll_usb.c.obj
                0x080064ea                USB_ReadDevOutEPInterrupt
 .text.USB_ReadDevInEPInterrupt
                0x080064fc       0x28 CMakeFiles/EC_C_Board.elf.dir/Drivers/STM32F4xx_HAL_Driver/Src/stm32f4xx_ll_usb.c.obj
                0x080064fc                USB_ReadDevInEPInterrupt
 .text.USB_GetMode
                0x08006524        0x8 CMakeFiles/EC_C_Board.elf.dir/Drivers/STM32F4xx_HAL_Driver/Src/stm32f4xx_ll_usb.c.obj
                0x08006524                USB_GetMode
 .text.USB_SetCurrentMode
                0x0800652c       0x62 CMakeFiles/EC_C_Board.elf.dir/Drivers/STM32F4xx_HAL_Driver/Src/stm32f4xx_ll_usb.c.obj
                0x0800652c                USB_SetCurrentMode
 .text.USB_ActivateSetup
                0x0800658e       0x20 CMakeFiles/EC_C_Board.elf.dir/Drivers/STM32F4xx_HAL_Driver/Src/stm32f4xx_ll_usb.c.obj
                0x0800658e                USB_ActivateSetup
 *fill*         0x080065ae        0x2 
 .text.USB_EP0_OutStart
                0x080065b0       0x60 CMakeFiles/EC_C_Board.elf.dir/Drivers/STM32F4xx_HAL_Driver/Src/stm32f4xx_ll_usb.c.obj
                0x080065b0                USB_EP0_OutStart
 .text.USBD_CDC_EP0_RxReady
                0x08006610       0x40 CMakeFiles/EC_C_Board.elf.dir/Middlewares/ST/STM32_USB_Device_Library/Class/CDC/Src/usbd_cdc.c.obj
 .text.USBD_CDC_GetDeviceQualifierDescriptor
                0x08006650        0xc CMakeFiles/EC_C_Board.elf.dir/Middlewares/ST/STM32_USB_Device_Library/Class/CDC/Src/usbd_cdc.c.obj
                0x08006650                USBD_CDC_GetDeviceQualifierDescriptor
 .text.USBD_CDC_GetOtherSpeedCfgDesc
                0x0800665c       0x48 CMakeFiles/EC_C_Board.elf.dir/Middlewares/ST/STM32_USB_Device_Library/Class/CDC/Src/usbd_cdc.c.obj
 .text.USBD_CDC_GetFSCfgDesc
                0x080066a4       0x48 CMakeFiles/EC_C_Board.elf.dir/Middlewares/ST/STM32_USB_Device_Library/Class/CDC/Src/usbd_cdc.c.obj
 .text.USBD_CDC_GetHSCfgDesc
                0x080066ec       0x48 CMakeFiles/EC_C_Board.elf.dir/Middlewares/ST/STM32_USB_Device_Library/Class/CDC/Src/usbd_cdc.c.obj
 .text.USBD_CDC_DataOut
                0x08006734       0x38 CMakeFiles/EC_C_Board.elf.dir/Middlewares/ST/STM32_USB_Device_Library/Class/CDC/Src/usbd_cdc.c.obj
 .text.USBD_CDC_DataIn
                0x0800676c       0x7c CMakeFiles/EC_C_Board.elf.dir/Middlewares/ST/STM32_USB_Device_Library/Class/CDC/Src/usbd_cdc.c.obj
 .text.USBD_CDC_Setup
                0x080067e8      0x11a CMakeFiles/EC_C_Board.elf.dir/Middlewares/ST/STM32_USB_Device_Library/Class/CDC/Src/usbd_cdc.c.obj
 .text.USBD_CDC_DeInit
                0x08006902       0x64 CMakeFiles/EC_C_Board.elf.dir/Middlewares/ST/STM32_USB_Device_Library/Class/CDC/Src/usbd_cdc.c.obj
 .text.USBD_CDC_Init
                0x08006966       0xee CMakeFiles/EC_C_Board.elf.dir/Middlewares/ST/STM32_USB_Device_Library/Class/CDC/Src/usbd_cdc.c.obj
 .text.USBD_CDC_RegisterInterface
                0x08006a54       0x16 CMakeFiles/EC_C_Board.elf.dir/Middlewares/ST/STM32_USB_Device_Library/Class/CDC/Src/usbd_cdc.c.obj
                0x08006a54                USBD_CDC_RegisterInterface
 .text.USBD_CDC_SetTxBuffer
                0x08006a6a       0x1c CMakeFiles/EC_C_Board.elf.dir/Middlewares/ST/STM32_USB_Device_Library/Class/CDC/Src/usbd_cdc.c.obj
                0x08006a6a                USBD_CDC_SetTxBuffer
 .text.USBD_CDC_SetRxBuffer
                0x08006a86       0x18 CMakeFiles/EC_C_Board.elf.dir/Middlewares/ST/STM32_USB_Device_Library/Class/CDC/Src/usbd_cdc.c.obj
                0x08006a86                USBD_CDC_SetRxBuffer
 .text.USBD_CDC_ReceivePacket
                0x08006a9e       0x38 CMakeFiles/EC_C_Board.elf.dir/Middlewares/ST/STM32_USB_Device_Library/Class/CDC/Src/usbd_cdc.c.obj
                0x08006a9e                USBD_CDC_ReceivePacket
 .text.USBD_Init
                0x08006ad6       0x2e CMakeFiles/EC_C_Board.elf.dir/Middlewares/ST/STM32_USB_Device_Library/Core/Src/usbd_core.c.obj
                0x08006ad6                USBD_Init
 .text.USBD_RegisterClass
                0x08006b04       0x34 CMakeFiles/EC_C_Board.elf.dir/Middlewares/ST/STM32_USB_Device_Library/Core/Src/usbd_core.c.obj
                0x08006b04                USBD_RegisterClass
 .text.USBD_Start
                0x08006b38        0x8 CMakeFiles/EC_C_Board.elf.dir/Middlewares/ST/STM32_USB_Device_Library/Core/Src/usbd_core.c.obj
                0x08006b38                USBD_Start
 .text.USBD_SetClassConfig
                0x08006b40       0x12 CMakeFiles/EC_C_Board.elf.dir/Middlewares/ST/STM32_USB_Device_Library/Core/Src/usbd_core.c.obj
                0x08006b40                USBD_SetClassConfig
 .text.USBD_ClrClassConfig
                0x08006b52       0x12 CMakeFiles/EC_C_Board.elf.dir/Middlewares/ST/STM32_USB_Device_Library/Core/Src/usbd_core.c.obj
                0x08006b52                USBD_ClrClassConfig
 .text.USBD_LL_SetupStage
                0x08006b64       0x58 CMakeFiles/EC_C_Board.elf.dir/Middlewares/ST/STM32_USB_Device_Library/Core/Src/usbd_core.c.obj
                0x08006b64                USBD_LL_SetupStage
 .text.USBD_LL_Reset
                0x08006bbc       0x64 CMakeFiles/EC_C_Board.elf.dir/Middlewares/ST/STM32_USB_Device_Library/Core/Src/usbd_core.c.obj
                0x08006bbc                USBD_LL_Reset
 .text.USBD_LL_SetSpeed
                0x08006c20        0x6 CMakeFiles/EC_C_Board.elf.dir/Middlewares/ST/STM32_USB_Device_Library/Core/Src/usbd_core.c.obj
                0x08006c20                USBD_LL_SetSpeed
 .text.USBD_LL_Suspend
                0x08006c26       0x14 CMakeFiles/EC_C_Board.elf.dir/Middlewares/ST/STM32_USB_Device_Library/Core/Src/usbd_core.c.obj
                0x08006c26                USBD_LL_Suspend
 .text.USBD_LL_Resume
                0x08006c3a       0x1a CMakeFiles/EC_C_Board.elf.dir/Middlewares/ST/STM32_USB_Device_Library/Core/Src/usbd_core.c.obj
                0x08006c3a                USBD_LL_Resume
 .text.USBD_LL_SOF
                0x08006c54       0x22 CMakeFiles/EC_C_Board.elf.dir/Middlewares/ST/STM32_USB_Device_Library/Core/Src/usbd_core.c.obj
                0x08006c54                USBD_LL_SOF
 .text.USBD_LL_IsoINIncomplete
                0x08006c76       0x2e CMakeFiles/EC_C_Board.elf.dir/Middlewares/ST/STM32_USB_Device_Library/Core/Src/usbd_core.c.obj
                0x08006c76                USBD_LL_IsoINIncomplete
 .text.USBD_LL_IsoOUTIncomplete
                0x08006ca4       0x2e CMakeFiles/EC_C_Board.elf.dir/Middlewares/ST/STM32_USB_Device_Library/Core/Src/usbd_core.c.obj
                0x08006ca4                USBD_LL_IsoOUTIncomplete
 .text.USBD_LL_DevConnected
                0x08006cd2        0x4 CMakeFiles/EC_C_Board.elf.dir/Middlewares/ST/STM32_USB_Device_Library/Core/Src/usbd_core.c.obj
                0x08006cd2                USBD_LL_DevConnected
 .text.USBD_LL_DevDisconnected
                0x08006cd6       0x20 CMakeFiles/EC_C_Board.elf.dir/Middlewares/ST/STM32_USB_Device_Library/Core/Src/usbd_core.c.obj
                0x08006cd6                USBD_LL_DevDisconnected
 .text.USBD_CoreFindIF
                0x08006cf6        0x4 CMakeFiles/EC_C_Board.elf.dir/Middlewares/ST/STM32_USB_Device_Library/Core/Src/usbd_core.c.obj
                0x08006cf6                USBD_CoreFindIF
 .text.USBD_CoreFindEP
                0x08006cfa        0x4 CMakeFiles/EC_C_Board.elf.dir/Middlewares/ST/STM32_USB_Device_Library/Core/Src/usbd_core.c.obj
                0x08006cfa                USBD_CoreFindEP
 .text.USBD_LL_DataOutStage
                0x08006cfe       0xc6 CMakeFiles/EC_C_Board.elf.dir/Middlewares/ST/STM32_USB_Device_Library/Core/Src/usbd_core.c.obj
                0x08006cfe                USBD_LL_DataOutStage
 .text.USBD_LL_DataInStage
                0x08006dc4       0xd6 CMakeFiles/EC_C_Board.elf.dir/Middlewares/ST/STM32_USB_Device_Library/Core/Src/usbd_core.c.obj
                0x08006dc4                USBD_LL_DataInStage
 .text.USBD_GetNextDesc
                0x08006e9a        0xe CMakeFiles/EC_C_Board.elf.dir/Middlewares/ST/STM32_USB_Device_Library/Core/Src/usbd_core.c.obj
                0x08006e9a                USBD_GetNextDesc
 .text.USBD_GetEpDesc
                0x08006ea8       0x3e CMakeFiles/EC_C_Board.elf.dir/Middlewares/ST/STM32_USB_Device_Library/Core/Src/usbd_core.c.obj
                0x08006ea8                USBD_GetEpDesc
 .text.USBD_GetLen
                0x08006ee6       0x14 CMakeFiles/EC_C_Board.elf.dir/Middlewares/ST/STM32_USB_Device_Library/Core/Src/usbd_ctlreq.c.obj
 .text.USBD_ParseSetupRequest
                0x08006efa       0x28 CMakeFiles/EC_C_Board.elf.dir/Middlewares/ST/STM32_USB_Device_Library/Core/Src/usbd_ctlreq.c.obj
                0x08006efa                USBD_ParseSetupRequest
 .text.USBD_CtlError
                0x08006f22       0x14 CMakeFiles/EC_C_Board.elf.dir/Middlewares/ST/STM32_USB_Device_Library/Core/Src/usbd_ctlreq.c.obj
                0x08006f22                USBD_CtlError
 .text.USBD_GetDescriptor
                0x08006f36      0x18a CMakeFiles/EC_C_Board.elf.dir/Middlewares/ST/STM32_USB_Device_Library/Core/Src/usbd_ctlreq.c.obj
 .text.USBD_SetAddress
                0x080070c0       0x50 CMakeFiles/EC_C_Board.elf.dir/Middlewares/ST/STM32_USB_Device_Library/Core/Src/usbd_ctlreq.c.obj
 .text.USBD_SetConfig
                0x08007110       0xcc CMakeFiles/EC_C_Board.elf.dir/Middlewares/ST/STM32_USB_Device_Library/Core/Src/usbd_ctlreq.c.obj
 .text.USBD_GetConfig
                0x080071dc       0x40 CMakeFiles/EC_C_Board.elf.dir/Middlewares/ST/STM32_USB_Device_Library/Core/Src/usbd_ctlreq.c.obj
 .text.USBD_GetStatus
                0x0800721c       0x38 CMakeFiles/EC_C_Board.elf.dir/Middlewares/ST/STM32_USB_Device_Library/Core/Src/usbd_ctlreq.c.obj
 .text.USBD_SetFeature
                0x08007254       0x2a CMakeFiles/EC_C_Board.elf.dir/Middlewares/ST/STM32_USB_Device_Library/Core/Src/usbd_ctlreq.c.obj
 .text.USBD_ClrFeature
                0x0800727e       0x26 CMakeFiles/EC_C_Board.elf.dir/Middlewares/ST/STM32_USB_Device_Library/Core/Src/usbd_ctlreq.c.obj
 .text.USBD_StdDevReq
                0x080072a4       0x76 CMakeFiles/EC_C_Board.elf.dir/Middlewares/ST/STM32_USB_Device_Library/Core/Src/usbd_ctlreq.c.obj
                0x080072a4                USBD_StdDevReq
 .text.USBD_StdItfReq
                0x0800731a       0x84 CMakeFiles/EC_C_Board.elf.dir/Middlewares/ST/STM32_USB_Device_Library/Core/Src/usbd_ctlreq.c.obj
                0x0800731a                USBD_StdItfReq
 .text.USBD_StdEPReq
                0x0800739e      0x230 CMakeFiles/EC_C_Board.elf.dir/Middlewares/ST/STM32_USB_Device_Library/Core/Src/usbd_ctlreq.c.obj
                0x0800739e                USBD_StdEPReq
 .text.USBD_GetString
                0x080075ce       0x3a CMakeFiles/EC_C_Board.elf.dir/Middlewares/ST/STM32_USB_Device_Library/Core/Src/usbd_ctlreq.c.obj
                0x080075ce                USBD_GetString
 .text.USBD_CtlSendData
                0x08007608       0x1a CMakeFiles/EC_C_Board.elf.dir/Middlewares/ST/STM32_USB_Device_Library/Core/Src/usbd_ioreq.c.obj
                0x08007608                USBD_CtlSendData
 .text.USBD_CtlContinueSendData
                0x08007622       0x10 CMakeFiles/EC_C_Board.elf.dir/Middlewares/ST/STM32_USB_Device_Library/Core/Src/usbd_ioreq.c.obj
                0x08007622                USBD_CtlContinueSendData
 .text.USBD_CtlPrepareRx
                0x08007632       0x1e CMakeFiles/EC_C_Board.elf.dir/Middlewares/ST/STM32_USB_Device_Library/Core/Src/usbd_ioreq.c.obj
                0x08007632                USBD_CtlPrepareRx
 .text.USBD_CtlContinueRx
                0x08007650       0x10 CMakeFiles/EC_C_Board.elf.dir/Middlewares/ST/STM32_USB_Device_Library/Core/Src/usbd_ioreq.c.obj
                0x08007650                USBD_CtlContinueRx
 .text.USBD_CtlSendStatus
                0x08007660       0x16 CMakeFiles/EC_C_Board.elf.dir/Middlewares/ST/STM32_USB_Device_Library/Core/Src/usbd_ioreq.c.obj
                0x08007660                USBD_CtlSendStatus
 .text.USBD_CtlReceiveStatus
                0x08007676       0x16 CMakeFiles/EC_C_Board.elf.dir/Middlewares/ST/STM32_USB_Device_Library/Core/Src/usbd_ioreq.c.obj
                0x08007676                USBD_CtlReceiveStatus
 .text.makeFreeRtosPriority
                0x0800768c        0xc CMakeFiles/EC_C_Board.elf.dir/Middlewares/Third_Party/FreeRTOS/Source/CMSIS_RTOS/cmsis_os.c.obj
 .text.osKernelStart
                0x08007698        0xa CMakeFiles/EC_C_Board.elf.dir/Middlewares/Third_Party/FreeRTOS/Source/CMSIS_RTOS/cmsis_os.c.obj
                0x08007698                osKernelStart
 .text.osThreadCreate
                0x080076a2       0x6a CMakeFiles/EC_C_Board.elf.dir/Middlewares/Third_Party/FreeRTOS/Source/CMSIS_RTOS/cmsis_os.c.obj
                0x080076a2                osThreadCreate
 .text.osDelay  0x0800770c        0xe CMakeFiles/EC_C_Board.elf.dir/Middlewares/Third_Party/FreeRTOS/Source/CMSIS_RTOS/cmsis_os.c.obj
                0x0800770c                osDelay
 .text.vListInitialise
                0x0800771a       0x16 CMakeFiles/EC_C_Board.elf.dir/Middlewares/Third_Party/FreeRTOS/Source/list.c.obj
                0x0800771a                vListInitialise
 .text.vListInitialiseItem
                0x08007730        0x6 CMakeFiles/EC_C_Board.elf.dir/Middlewares/Third_Party/FreeRTOS/Source/list.c.obj
                0x08007730                vListInitialiseItem
 .text.vListInsertEnd
                0x08007736       0x16 CMakeFiles/EC_C_Board.elf.dir/Middlewares/Third_Party/FreeRTOS/Source/list.c.obj
                0x08007736                vListInsertEnd
 .text.vListInsert
                0x0800774c       0x32 CMakeFiles/EC_C_Board.elf.dir/Middlewares/Third_Party/FreeRTOS/Source/list.c.obj
                0x0800774c                vListInsert
 .text.uxListRemove
                0x0800777e       0x26 CMakeFiles/EC_C_Board.elf.dir/Middlewares/Third_Party/FreeRTOS/Source/list.c.obj
                0x0800777e                uxListRemove
 .text.prvTaskExitError
                0x080077a4       0x40 CMakeFiles/EC_C_Board.elf.dir/Middlewares/Third_Party/FreeRTOS/Source/portable/GCC/ARM_CM4F/port.c.obj
 .text.prvPortStartFirstTask
                0x080077e4       0x28 CMakeFiles/EC_C_Board.elf.dir/Middlewares/Third_Party/FreeRTOS/Source/portable/GCC/ARM_CM4F/port.c.obj
 .text.vPortEnableVFP
                0x0800780c       0x14 CMakeFiles/EC_C_Board.elf.dir/Middlewares/Third_Party/FreeRTOS/Source/portable/GCC/ARM_CM4F/port.c.obj
 .text.pxPortInitialiseStack
                0x08007820       0x2c CMakeFiles/EC_C_Board.elf.dir/Middlewares/Third_Party/FreeRTOS/Source/portable/GCC/ARM_CM4F/port.c.obj
                0x08007820                pxPortInitialiseStack
 *fill*         0x0800784c        0x4 
 .text.SVC_Handler
                0x08007850       0x24 CMakeFiles/EC_C_Board.elf.dir/Middlewares/Third_Party/FreeRTOS/Source/portable/GCC/ARM_CM4F/port.c.obj
                0x08007850                SVC_Handler
 .text.vPortEnterCritical
                0x08007874       0x44 CMakeFiles/EC_C_Board.elf.dir/Middlewares/Third_Party/FreeRTOS/Source/portable/GCC/ARM_CM4F/port.c.obj
                0x08007874                vPortEnterCritical
 .text.vPortExitCritical
                0x080078b8       0x2c CMakeFiles/EC_C_Board.elf.dir/Middlewares/Third_Party/FreeRTOS/Source/portable/GCC/ARM_CM4F/port.c.obj
                0x080078b8                vPortExitCritical
 *fill*         0x080078e4        0xc 
 .text.PendSV_Handler
                0x080078f0       0x64 CMakeFiles/EC_C_Board.elf.dir/Middlewares/Third_Party/FreeRTOS/Source/portable/GCC/ARM_CM4F/port.c.obj
                0x080078f0                PendSV_Handler
 .text.SysTick_Handler
                0x08007954       0x2c CMakeFiles/EC_C_Board.elf.dir/Middlewares/Third_Party/FreeRTOS/Source/portable/GCC/ARM_CM4F/port.c.obj
                0x08007954                SysTick_Handler
 .text.vPortSetupTimerInterrupt
                0x08007980       0x28 CMakeFiles/EC_C_Board.elf.dir/Middlewares/Third_Party/FreeRTOS/Source/portable/GCC/ARM_CM4F/port.c.obj
                0x08007980                vPortSetupTimerInterrupt
 .text.xPortStartScheduler
                0x080079a8      0x118 CMakeFiles/EC_C_Board.elf.dir/Middlewares/Third_Party/FreeRTOS/Source/portable/GCC/ARM_CM4F/port.c.obj
                0x080079a8                xPortStartScheduler
 .text.prvHeapInit
                0x08007ac0       0x64 CMakeFiles/EC_C_Board.elf.dir/Middlewares/Third_Party/FreeRTOS/Source/portable/MemMang/heap_4.c.obj
 .text.prvInsertBlockIntoFreeList
                0x08007b24       0x64 CMakeFiles/EC_C_Board.elf.dir/Middlewares/Third_Party/FreeRTOS/Source/portable/MemMang/heap_4.c.obj
 .text.pvPortMalloc
                0x08007b88       0xfc CMakeFiles/EC_C_Board.elf.dir/Middlewares/Third_Party/FreeRTOS/Source/portable/MemMang/heap_4.c.obj
                0x08007b88                pvPortMalloc
 .text.vPortFree
                0x08007c84       0x7c CMakeFiles/EC_C_Board.elf.dir/Middlewares/Third_Party/FreeRTOS/Source/portable/MemMang/heap_4.c.obj
                0x08007c84                vPortFree
 .text.prvResetNextTaskUnblockTime
                0x08007d00       0x2c CMakeFiles/EC_C_Board.elf.dir/Middlewares/Third_Party/FreeRTOS/Source/tasks.c.obj
 .text.prvInitialiseNewTask
                0x08007d2c       0xfe CMakeFiles/EC_C_Board.elf.dir/Middlewares/Third_Party/FreeRTOS/Source/tasks.c.obj
 *fill*         0x08007e2a        0x2 
 .text.prvInitialiseTaskLists
                0x08007e2c       0x68 CMakeFiles/EC_C_Board.elf.dir/Middlewares/Third_Party/FreeRTOS/Source/tasks.c.obj
 .text.prvAddNewTaskToReadyList
                0x08007e94       0xa8 CMakeFiles/EC_C_Board.elf.dir/Middlewares/Third_Party/FreeRTOS/Source/tasks.c.obj
 .text.prvDeleteTCB
                0x08007f3c       0x40 CMakeFiles/EC_C_Board.elf.dir/Middlewares/Third_Party/FreeRTOS/Source/tasks.c.obj
 .text.prvCheckTasksWaitingTermination
                0x08007f7c       0x4c CMakeFiles/EC_C_Board.elf.dir/Middlewares/Third_Party/FreeRTOS/Source/tasks.c.obj
 .text.prvIdleTask
                0x08007fc8       0x28 CMakeFiles/EC_C_Board.elf.dir/Middlewares/Third_Party/FreeRTOS/Source/tasks.c.obj
 .text.prvAddCurrentTaskToDelayedList
                0x08007ff0       0x98 CMakeFiles/EC_C_Board.elf.dir/Middlewares/Third_Party/FreeRTOS/Source/tasks.c.obj
 .text.xTaskCreateStatic
                0x08008088       0x7a CMakeFiles/EC_C_Board.elf.dir/Middlewares/Third_Party/FreeRTOS/Source/tasks.c.obj
                0x08008088                xTaskCreateStatic
 .text.xTaskCreate
                0x08008102       0x6a CMakeFiles/EC_C_Board.elf.dir/Middlewares/Third_Party/FreeRTOS/Source/tasks.c.obj
                0x08008102                xTaskCreate
 .text.vTaskStartScheduler
                0x0800816c       0x84 CMakeFiles/EC_C_Board.elf.dir/Middlewares/Third_Party/FreeRTOS/Source/tasks.c.obj
                0x0800816c                vTaskStartScheduler
 .text.vTaskSuspendAll
                0x080081f0       0x10 CMakeFiles/EC_C_Board.elf.dir/Middlewares/Third_Party/FreeRTOS/Source/tasks.c.obj
                0x080081f0                vTaskSuspendAll
 .text.xTaskIncrementTick
                0x08008200      0x118 CMakeFiles/EC_C_Board.elf.dir/Middlewares/Third_Party/FreeRTOS/Source/tasks.c.obj
                0x08008200                xTaskIncrementTick
 .text.xTaskResumeAll
                0x08008318       0xf8 CMakeFiles/EC_C_Board.elf.dir/Middlewares/Third_Party/FreeRTOS/Source/tasks.c.obj
                0x08008318                xTaskResumeAll
 .text.vTaskDelay
                0x08008410       0x4c CMakeFiles/EC_C_Board.elf.dir/Middlewares/Third_Party/FreeRTOS/Source/tasks.c.obj
                0x08008410                vTaskDelay
 .text.vTaskSwitchContext
                0x0800845c       0xa4 CMakeFiles/EC_C_Board.elf.dir/Middlewares/Third_Party/FreeRTOS/Source/tasks.c.obj
                0x0800845c                vTaskSwitchContext
 .text.MX_USB_DEVICE_Init
                0x08008500       0x54 CMakeFiles/EC_C_Board.elf.dir/USB_DEVICE/App/usb_device.c.obj
                0x08008500                MX_USB_DEVICE_Init
 .text.CDC_DeInit_FS
                0x08008554        0x4 CMakeFiles/EC_C_Board.elf.dir/USB_DEVICE/App/usbd_cdc_if.c.obj
 .text.CDC_Control_FS
                0x08008558        0x4 CMakeFiles/EC_C_Board.elf.dir/USB_DEVICE/App/usbd_cdc_if.c.obj
 .text.CDC_TransmitCplt_FS
                0x0800855c        0x4 CMakeFiles/EC_C_Board.elf.dir/USB_DEVICE/App/usbd_cdc_if.c.obj
 .text.CDC_Receive_FS
                0x08008560       0x1c CMakeFiles/EC_C_Board.elf.dir/USB_DEVICE/App/usbd_cdc_if.c.obj
 .text.CDC_Init_FS
                0x0800857c       0x28 CMakeFiles/EC_C_Board.elf.dir/USB_DEVICE/App/usbd_cdc_if.c.obj
 .text.USBD_FS_DeviceDescriptor
                0x080085a4        0xc CMakeFiles/EC_C_Board.elf.dir/USB_DEVICE/App/usbd_desc.c.obj
                0x080085a4                USBD_FS_DeviceDescriptor
 .text.USBD_FS_LangIDStrDescriptor
                0x080085b0        0xc CMakeFiles/EC_C_Board.elf.dir/USB_DEVICE/App/usbd_desc.c.obj
                0x080085b0                USBD_FS_LangIDStrDescriptor
 .text.IntToUnicode
                0x080085bc       0x46 CMakeFiles/EC_C_Board.elf.dir/USB_DEVICE/App/usbd_desc.c.obj
 *fill*         0x08008602        0x2 
 .text.Get_SerialNum
                0x08008604       0x38 CMakeFiles/EC_C_Board.elf.dir/USB_DEVICE/App/usbd_desc.c.obj
 .text.USBD_FS_SerialStrDescriptor
                0x0800863c       0x14 CMakeFiles/EC_C_Board.elf.dir/USB_DEVICE/App/usbd_desc.c.obj
                0x0800863c                USBD_FS_SerialStrDescriptor
 .text.USBD_FS_ProductStrDescriptor
                0x08008650       0x24 CMakeFiles/EC_C_Board.elf.dir/USB_DEVICE/App/usbd_desc.c.obj
                0x08008650                USBD_FS_ProductStrDescriptor
 .text.USBD_FS_ManufacturerStrDescriptor
                0x08008674       0x1c CMakeFiles/EC_C_Board.elf.dir/USB_DEVICE/App/usbd_desc.c.obj
                0x08008674                USBD_FS_ManufacturerStrDescriptor
 .text.USBD_FS_ConfigStrDescriptor
                0x08008690       0x24 CMakeFiles/EC_C_Board.elf.dir/USB_DEVICE/App/usbd_desc.c.obj
                0x08008690                USBD_FS_ConfigStrDescriptor
 .text.USBD_FS_InterfaceStrDescriptor
                0x080086b4       0x24 CMakeFiles/EC_C_Board.elf.dir/USB_DEVICE/App/usbd_desc.c.obj
                0x080086b4                USBD_FS_InterfaceStrDescriptor
 .text.HAL_PCD_MspInit
                0x080086d8       0x84 CMakeFiles/EC_C_Board.elf.dir/USB_DEVICE/Target/usbd_conf.c.obj
                0x080086d8                HAL_PCD_MspInit
 .text.HAL_PCD_SetupStageCallback
                0x0800875c       0x10 CMakeFiles/EC_C_Board.elf.dir/USB_DEVICE/Target/usbd_conf.c.obj
                0x0800875c                HAL_PCD_SetupStageCallback
 .text.HAL_PCD_DataOutStageCallback
                0x0800876c       0x18 CMakeFiles/EC_C_Board.elf.dir/USB_DEVICE/Target/usbd_conf.c.obj
                0x0800876c                HAL_PCD_DataOutStageCallback
 .text.HAL_PCD_DataInStageCallback
                0x08008784       0x16 CMakeFiles/EC_C_Board.elf.dir/USB_DEVICE/Target/usbd_conf.c.obj
                0x08008784                HAL_PCD_DataInStageCallback
 .text.HAL_PCD_SOFCallback
                0x0800879a        0xc CMakeFiles/EC_C_Board.elf.dir/USB_DEVICE/Target/usbd_conf.c.obj
                0x0800879a                HAL_PCD_SOFCallback
 .text.HAL_PCD_ResetCallback
                0x080087a6       0x2c CMakeFiles/EC_C_Board.elf.dir/USB_DEVICE/Target/usbd_conf.c.obj
                0x080087a6                HAL_PCD_ResetCallback
 *fill*         0x080087d2        0x2 
 .text.HAL_PCD_SuspendCallback
                0x080087d4       0x30 CMakeFiles/EC_C_Board.elf.dir/USB_DEVICE/Target/usbd_conf.c.obj
                0x080087d4                HAL_PCD_SuspendCallback
 .text.HAL_PCD_ResumeCallback
                0x08008804        0xc CMakeFiles/EC_C_Board.elf.dir/USB_DEVICE/Target/usbd_conf.c.obj
                0x08008804                HAL_PCD_ResumeCallback
 .text.HAL_PCD_ISOOUTIncompleteCallback
                0x08008810        0xc CMakeFiles/EC_C_Board.elf.dir/USB_DEVICE/Target/usbd_conf.c.obj
                0x08008810                HAL_PCD_ISOOUTIncompleteCallback
 .text.HAL_PCD_ISOINIncompleteCallback
                0x0800881c        0xc CMakeFiles/EC_C_Board.elf.dir/USB_DEVICE/Target/usbd_conf.c.obj
                0x0800881c                HAL_PCD_ISOINIncompleteCallback
 .text.HAL_PCD_ConnectCallback
                0x08008828        0xc CMakeFiles/EC_C_Board.elf.dir/USB_DEVICE/Target/usbd_conf.c.obj
                0x08008828                HAL_PCD_ConnectCallback
 .text.HAL_PCD_DisconnectCallback
                0x08008834        0xc CMakeFiles/EC_C_Board.elf.dir/USB_DEVICE/Target/usbd_conf.c.obj
                0x08008834                HAL_PCD_DisconnectCallback
 .text.USBD_LL_Init
                0x08008840       0x68 CMakeFiles/EC_C_Board.elf.dir/USB_DEVICE/Target/usbd_conf.c.obj
                0x08008840                USBD_LL_Init
 .text.USBD_LL_IsStallEP
                0x080088a8       0x2e CMakeFiles/EC_C_Board.elf.dir/USB_DEVICE/Target/usbd_conf.c.obj
                0x080088a8                USBD_LL_IsStallEP
 .text.USBD_LL_GetRxDataSize
                0x080088d6        0xc CMakeFiles/EC_C_Board.elf.dir/USB_DEVICE/Target/usbd_conf.c.obj
                0x080088d6                USBD_LL_GetRxDataSize
 *fill*         0x080088e2        0x2 
 .text.USBD_static_malloc
                0x080088e4        0x8 CMakeFiles/EC_C_Board.elf.dir/USB_DEVICE/Target/usbd_conf.c.obj
                0x080088e4                USBD_static_malloc
 .text.USBD_static_free
                0x080088ec        0x2 CMakeFiles/EC_C_Board.elf.dir/USB_DEVICE/Target/usbd_conf.c.obj
                0x080088ec                USBD_static_free
 .text.USBD_Get_USB_Status
                0x080088ee       0x14 CMakeFiles/EC_C_Board.elf.dir/USB_DEVICE/Target/usbd_conf.c.obj
                0x080088ee                USBD_Get_USB_Status
 .text.USBD_LL_Start
                0x08008902       0x10 CMakeFiles/EC_C_Board.elf.dir/USB_DEVICE/Target/usbd_conf.c.obj
                0x08008902                USBD_LL_Start
 .text.USBD_LL_OpenEP
                0x08008912       0x16 CMakeFiles/EC_C_Board.elf.dir/USB_DEVICE/Target/usbd_conf.c.obj
                0x08008912                USBD_LL_OpenEP
 .text.USBD_LL_CloseEP
                0x08008928       0x10 CMakeFiles/EC_C_Board.elf.dir/USB_DEVICE/Target/usbd_conf.c.obj
                0x08008928                USBD_LL_CloseEP
 .text.USBD_LL_StallEP
                0x08008938       0x10 CMakeFiles/EC_C_Board.elf.dir/USB_DEVICE/Target/usbd_conf.c.obj
                0x08008938                USBD_LL_StallEP
 .text.USBD_LL_ClearStallEP
                0x08008948       0x10 CMakeFiles/EC_C_Board.elf.dir/USB_DEVICE/Target/usbd_conf.c.obj
                0x08008948                USBD_LL_ClearStallEP
 .text.USBD_LL_SetUSBAddress
                0x08008958       0x10 CMakeFiles/EC_C_Board.elf.dir/USB_DEVICE/Target/usbd_conf.c.obj
                0x08008958                USBD_LL_SetUSBAddress
 .text.USBD_LL_Transmit
                0x08008968       0x10 CMakeFiles/EC_C_Board.elf.dir/USB_DEVICE/Target/usbd_conf.c.obj
                0x08008968                USBD_LL_Transmit
 .text.USBD_LL_PrepareReceive
                0x08008978       0x10 CMakeFiles/EC_C_Board.elf.dir/USB_DEVICE/Target/usbd_conf.c.obj
                0x08008978                USBD_LL_PrepareReceive
 .text._ZL16H_K_R_AdjustmentP4kf_t
                0x08008988      0x118 CMakeFiles/EC_C_Board.elf.dir/user/algorithm/src/Kalman_filter.cpp.obj
 .text._Z18Kalman_Filter_InitP4kf_thhh
                0x08008aa0      0x42c CMakeFiles/EC_C_Board.elf.dir/user/algorithm/src/Kalman_filter.cpp.obj
                0x08008aa0                Kalman_Filter_Init(kf_t*, unsigned char, unsigned char, unsigned char)
 .text._Z21Kalman_Filter_MeasureP4kf_t
                0x08008ecc       0x4c CMakeFiles/EC_C_Board.elf.dir/user/algorithm/src/Kalman_filter.cpp.obj
                0x08008ecc                Kalman_Filter_Measure(kf_t*)
 .text._Z29Kalman_Filter_xhatMinusUpdateP4kf_t
                0x08008f18       0x76 CMakeFiles/EC_C_Board.elf.dir/user/algorithm/src/Kalman_filter.cpp.obj
                0x08008f18                Kalman_Filter_xhatMinusUpdate(kf_t*)
 .text._Z26Kalman_Filter_PminusUpdateP4kf_t
                0x08008f8e       0x68 CMakeFiles/EC_C_Board.elf.dir/user/algorithm/src/Kalman_filter.cpp.obj
                0x08008f8e                Kalman_Filter_PminusUpdate(kf_t*)
 .text._Z18Kalman_Filter_SetKP4kf_t
                0x08008ff6       0xcc CMakeFiles/EC_C_Board.elf.dir/user/algorithm/src/Kalman_filter.cpp.obj
                0x08008ff6                Kalman_Filter_SetK(kf_t*)
 .text._Z24Kalman_Filter_xhatUpdateP4kf_t
                0x080090c2       0x82 CMakeFiles/EC_C_Board.elf.dir/user/algorithm/src/Kalman_filter.cpp.obj
                0x080090c2                Kalman_Filter_xhatUpdate(kf_t*)
 .text._Z22Kalman_Filter_P_UpdateP4kf_t
                0x08009144       0x64 CMakeFiles/EC_C_Board.elf.dir/user/algorithm/src/Kalman_filter.cpp.obj
                0x08009144                Kalman_Filter_P_Update(kf_t*)
 .text._Z20Kalman_Filter_UpdateP4kf_t
                0x080091a8       0xf8 CMakeFiles/EC_C_Board.elf.dir/user/algorithm/src/Kalman_filter.cpp.obj
                0x080091a8                Kalman_Filter_Update(kf_t*)
 .text._ZL7invSqrtf
                0x080092a0       0x30 CMakeFiles/EC_C_Board.elf.dir/user/algorithm/src/QuaternionEKF.cpp.obj
 .text._ZL42IMU_QuaternionEKF_F_Linearization_P_FadingP4kf_t
                0x080092d0      0x1a0 CMakeFiles/EC_C_Board.elf.dir/user/algorithm/src/QuaternionEKF.cpp.obj
 .text._ZL25IMU_QuaternionEKF_ObserveP4kf_t
                0x08009470       0x38 CMakeFiles/EC_C_Board.elf.dir/user/algorithm/src/QuaternionEKF.cpp.obj
 .text._ZL28IMU_QuaternionEKF_xhatUpdateP4kf_t
                0x080094a8      0x438 CMakeFiles/EC_C_Board.elf.dir/user/algorithm/src/QuaternionEKF.cpp.obj
 .text._ZL22IMU_QuaternionEKF_SetHP4kf_t
                0x080098e0       0xe4 CMakeFiles/EC_C_Board.elf.dir/user/algorithm/src/QuaternionEKF.cpp.obj
 .text._Z22IMU_QuaternionEKF_Initfffff
                0x080099c4       0xe0 CMakeFiles/EC_C_Board.elf.dir/user/algorithm/src/QuaternionEKF.cpp.obj
                0x080099c4                IMU_QuaternionEKF_Init(float, float, float, float, float)
 .text._Z24IMU_QuaternionEKF_Updatefffffff
                0x08009aa4      0x488 CMakeFiles/EC_C_Board.elf.dir/user/algorithm/src/QuaternionEKF.cpp.obj
                0x08009aa4                IMU_QuaternionEKF_Update(float, float, float, float, float, float, float)
 .text._ZN3Pid18TrapezoidIntergralEv
                0x08009f2c       0x2a CMakeFiles/EC_C_Board.elf.dir/user/algorithm/src/pid.cpp.obj
                0x08009f2c                Pid::TrapezoidIntergral()
 .text._ZN3Pid22ChangingIntegratioRateEv
                0x08009f56       0x5a CMakeFiles/EC_C_Board.elf.dir/user/algorithm/src/pid.cpp.obj
                0x08009f56                Pid::ChangingIntegratioRate()
 .text._ZN3Pid13IntegralLimitEv
                0x08009fb0       0x88 CMakeFiles/EC_C_Board.elf.dir/user/algorithm/src/pid.cpp.obj
                0x08009fb0                Pid::IntegralLimit()
 .text._ZN3Pid23DerivativeOnMeasurementEv
                0x0800a038       0x22 CMakeFiles/EC_C_Board.elf.dir/user/algorithm/src/pid.cpp.obj
                0x0800a038                Pid::DerivativeOnMeasurement()
 .text._ZN3Pid16DerivativeFilterEv
                0x0800a05a       0x2e CMakeFiles/EC_C_Board.elf.dir/user/algorithm/src/pid.cpp.obj
                0x0800a05a                Pid::DerivativeFilter()
 .text._ZN3Pid12OutputFilterEv
                0x0800a088       0x2e CMakeFiles/EC_C_Board.elf.dir/user/algorithm/src/pid.cpp.obj
                0x0800a088                Pid::OutputFilter()
 .text._ZN3Pid11OutputLimitEv
                0x0800a0b6       0x2e CMakeFiles/EC_C_Board.elf.dir/user/algorithm/src/pid.cpp.obj
                0x0800a0b6                Pid::OutputLimit()
 .text._ZN3Pid11ErrorHandleEv
                0x0800a0e4       0x90 CMakeFiles/EC_C_Board.elf.dir/user/algorithm/src/pid.cpp.obj
                0x0800a0e4                Pid::ErrorHandle()
 .text._ZN3Pid9CalculateEv
                0x0800a174      0x120 CMakeFiles/EC_C_Board.elf.dir/user/algorithm/src/pid.cpp.obj
                0x0800a174                Pid::Calculate()
 .text._ZN4Math14FloatConstrainEfff
                0x0800a294       0x20 CMakeFiles/EC_C_Board.elf.dir/user/algorithm/src/user_lib.cpp.obj
                0x0800a294                Math::FloatConstrain(float, float, float)
 .text._ZN4Math13FloatRoundingEf
                0x0800a2b4       0x40 CMakeFiles/EC_C_Board.elf.dir/user/algorithm/src/user_lib.cpp.obj
                0x0800a2b4                Math::FloatRounding(float)
 .text._Z15PitchOneStepSETt
                0x0800a2f4       0x4c CMakeFiles/EC_C_Board.elf.dir/user/application/src/gimbal.cpp.obj
                0x0800a2f4                PitchOneStepSET(unsigned short)
 .text._Z15StartPitchPulseht
                0x0800a340       0x16 CMakeFiles/EC_C_Board.elf.dir/user/application/src/gimbal.cpp.obj
                0x0800a340                StartPitchPulse(unsigned char, unsigned short)
 *fill*         0x0800a356        0x2 
 .text._Z11PitchDirSeth
                0x0800a358       0x30 CMakeFiles/EC_C_Board.elf.dir/user/application/src/gimbal.cpp.obj
                0x0800a358                PitchDirSet(unsigned char)
 .text._Z10PushDirSeth
                0x0800a388       0x28 CMakeFiles/EC_C_Board.elf.dir/user/application/src/gimbal.cpp.obj
                0x0800a388                PushDirSet(unsigned char)
 .text._Z10SetPushPWMt
                0x0800a3b0        0xc CMakeFiles/EC_C_Board.elf.dir/user/application/src/gimbal.cpp.obj
                0x0800a3b0                SetPushPWM(unsigned short)
 .text._Z13YawOneStepSETt
                0x0800a3bc       0x4c CMakeFiles/EC_C_Board.elf.dir/user/application/src/gimbal.cpp.obj
                0x0800a3bc                YawOneStepSET(unsigned short)
 .text._Z13StartYawPulseht
                0x0800a408       0x16 CMakeFiles/EC_C_Board.elf.dir/user/application/src/gimbal.cpp.obj
                0x0800a408                StartYawPulse(unsigned char, unsigned short)
 *fill*         0x0800a41e        0x2 
 .text._Z9YawDirSeth
                0x0800a420       0x2c CMakeFiles/EC_C_Board.elf.dir/user/application/src/gimbal.cpp.obj
                0x0800a420                YawDirSet(unsigned char)
 .text.InfantrySystemInit
                0x0800a44c       0x18 CMakeFiles/EC_C_Board.elf.dir/user/application/src/infantry.cpp.obj
                0x0800a44c                InfantrySystemInit
 .text.GimbalInit
                0x0800a464       0x10 CMakeFiles/EC_C_Board.elf.dir/user/application/src/infantry.cpp.obj
                0x0800a464                GimbalInit
 .text._Z12ServoControlv
                0x0800a474      0x140 CMakeFiles/EC_C_Board.elf.dir/user/application/src/infantry.cpp.obj
                0x0800a474                ServoControl()
 .text._Z15RotationControlv
                0x0800a5b4      0x130 CMakeFiles/EC_C_Board.elf.dir/user/application/src/infantry.cpp.obj
                0x0800a5b4                RotationControl()
 .text.GimbalTask
                0x0800a6e4       0x6c CMakeFiles/EC_C_Board.elf.dir/user/application/src/infantry.cpp.obj
                0x0800a6e4                GimbalTask
 .text._ZL20IMU_Param_CorrectionP11IMU_Param_tPfS1_
                0x0800a750      0x2c8 CMakeFiles/EC_C_Board.elf.dir/user/application/src/ins.cpp.obj
 .text.INS_Init
                0x0800aa18       0xb0 CMakeFiles/EC_C_Board.elf.dir/user/application/src/ins.cpp.obj
                0x0800aa18                INS_Init
 .text._Z21BodyFrameToEarthFramePKfPfS1_
                0x0800aac8      0x126 CMakeFiles/EC_C_Board.elf.dir/user/application/src/ins.cpp.obj
                0x0800aac8                BodyFrameToEarthFrame(float const*, float*, float*)
 .text._Z21EarthFrameToBodyFramePKfPfS1_
                0x0800abee      0x126 CMakeFiles/EC_C_Board.elf.dir/user/application/src/ins.cpp.obj
                0x0800abee                EarthFrameToBodyFrame(float const*, float*, float*)
 .text._Z20IMU_Temperature_Ctrlv
                0x0800ad14       0x54 CMakeFiles/EC_C_Board.elf.dir/user/application/src/ins.cpp.obj
                0x0800ad14                IMU_Temperature_Ctrl()
 .text.INS_Task
                0x0800ad68      0x24c CMakeFiles/EC_C_Board.elf.dir/user/application/src/ins.cpp.obj
                0x0800ad68                INS_Task
 .text._Z22RemoteShootTarget0Ctrlv
                0x0800afb4       0x28 CMakeFiles/EC_C_Board.elf.dir/user/application/src/remote_keyboard.cpp.obj
                0x0800afb4                RemoteShootTarget0Ctrl()
 .text._Z22RemoteShootTarget1Ctrlv
                0x0800afdc       0x28 CMakeFiles/EC_C_Board.elf.dir/user/application/src/remote_keyboard.cpp.obj
                0x0800afdc                RemoteShootTarget1Ctrl()
 .text._Z12StopFricCtrlv
                0x0800b004       0x30 CMakeFiles/EC_C_Board.elf.dir/user/application/src/remote_keyboard.cpp.obj
                0x0800b004                StopFricCtrl()
 .text._Z16DartStateControlv
                0x0800b034       0xe0 CMakeFiles/EC_C_Board.elf.dir/user/application/src/remote_keyboard.cpp.obj
                0x0800b034                DartStateControl()
 .text.ModeTask
                0x0800b114       0x64 CMakeFiles/EC_C_Board.elf.dir/user/application/src/remote_keyboard.cpp.obj
                0x0800b114                ModeTask
 .text._ZL23Right2FricMotorCallbackv
                0x0800b178       0x10 CMakeFiles/EC_C_Board.elf.dir/user/application/src/shoot.cpp.obj
 .text._ZL23Right1FricMotorCallbackv
                0x0800b188       0x10 CMakeFiles/EC_C_Board.elf.dir/user/application/src/shoot.cpp.obj
 .text._ZL22Left2FricMotorCallbackv
                0x0800b198       0x10 CMakeFiles/EC_C_Board.elf.dir/user/application/src/shoot.cpp.obj
 .text._ZL22Left1FricMotorCallbackv
                0x0800b1a8       0x10 CMakeFiles/EC_C_Board.elf.dir/user/application/src/shoot.cpp.obj
 .text._ZN5Shoot7PidInitEv
                0x0800b1b8       0xa8 CMakeFiles/EC_C_Board.elf.dir/user/application/src/shoot.cpp.obj
                0x0800b1b8                Shoot::PidInit()
 .text._ZN5Shoot9MotorInitEv
                0x0800b260       0x84 CMakeFiles/EC_C_Board.elf.dir/user/application/src/shoot.cpp.obj
                0x0800b260                Shoot::MotorInit()
 .text._ZN5Shoot8FricCalcEv
                0x0800b2e4       0x40 CMakeFiles/EC_C_Board.elf.dir/user/application/src/shoot.cpp.obj
                0x0800b2e4                Shoot::FricCalc()
 .text._ZN5Shoot7ControlEv
                0x0800b324        0x8 CMakeFiles/EC_C_Board.elf.dir/user/application/src/shoot.cpp.obj
                0x0800b324                Shoot::Control()
 .text._ZN5Shoot18SetFricLevel1SpeedEf
                0x0800b32c        0xe CMakeFiles/EC_C_Board.elf.dir/user/application/src/shoot.cpp.obj
                0x0800b32c                Shoot::SetFricLevel1Speed(float)
 .text._ZN5Shoot18SetFricLevel2SpeedEf
                0x0800b33a        0xe CMakeFiles/EC_C_Board.elf.dir/user/application/src/shoot.cpp.obj
                0x0800b33a                Shoot::SetFricLevel2Speed(float)
 .text.CanRxCallBack
                0x0800b348       0x7c CMakeFiles/EC_C_Board.elf.dir/user/bsp/src/bsp_can.c.obj
 .text.pCanRegister
                0x0800b3c4       0x78 CMakeFiles/EC_C_Board.elf.dir/user/bsp/src/bsp_can.c.obj
                0x0800b3c4                pCanRegister
 .text.HAL_CAN_RxFifo0MsgPendingCallback
                0x0800b43c        0xa CMakeFiles/EC_C_Board.elf.dir/user/bsp/src/bsp_can.c.obj
                0x0800b43c                HAL_CAN_RxFifo0MsgPendingCallback
 *fill*         0x0800b446        0x2 
 .text.DWT_CNT_Update
                0x0800b448       0x4c CMakeFiles/EC_C_Board.elf.dir/user/bsp/src/bsp_dwt.c.obj
 .text.DWT_Init
                0x0800b494       0x70 CMakeFiles/EC_C_Board.elf.dir/user/bsp/src/bsp_dwt.c.obj
                0x0800b494                DWT_Init
 .text.DWT_GetDeltaT
                0x0800b504       0x48 CMakeFiles/EC_C_Board.elf.dir/user/bsp/src/bsp_dwt.c.obj
                0x0800b504                DWT_GetDeltaT
 .text.DWT_SysTimeUpdate
                0x0800b54c       0xcc CMakeFiles/EC_C_Board.elf.dir/user/bsp/src/bsp_dwt.c.obj
                0x0800b54c                DWT_SysTimeUpdate
 .text.DWT_GetTimeline_s
                0x0800b618       0x4c CMakeFiles/EC_C_Board.elf.dir/user/bsp/src/bsp_dwt.c.obj
                0x0800b618                DWT_GetTimeline_s
 .text.DWT_GetTimeline_ms
                0x0800b664       0x3c CMakeFiles/EC_C_Board.elf.dir/user/bsp/src/bsp_dwt.c.obj
                0x0800b664                DWT_GetTimeline_ms
 .text.DWT_Delay
                0x0800b6a0       0x34 CMakeFiles/EC_C_Board.elf.dir/user/bsp/src/bsp_dwt.c.obj
                0x0800b6a0                DWT_Delay
 .text.UartInit
                0x0800b6d4       0x1e CMakeFiles/EC_C_Board.elf.dir/user/bsp/src/bsp_uart.c.obj
                0x0800b6d4                UartInit
 *fill*         0x0800b6f2        0x2 
 .text.pUartRegister
                0x0800b6f4       0x50 CMakeFiles/EC_C_Board.elf.dir/user/bsp/src/bsp_uart.c.obj
                0x0800b6f4                pUartRegister
 .text.HAL_UARTEx_RxEventCallback
                0x0800b744       0x68 CMakeFiles/EC_C_Board.elf.dir/user/bsp/src/bsp_uart.c.obj
                0x0800b744                HAL_UARTEx_RxEventCallback
 .text._ZL20BMI088_read_muli_reghPhh
                0x0800b7ac       0x24 CMakeFiles/EC_C_Board.elf.dir/user/modules/src/bmi088_driver.cpp.obj
 .text._ZL23BMI088_write_single_reghh