Archive member included to satisfy reference by file (symbol)

C:\Users\le_lianxiang\Desktop\Missile\Middlewares\ST\ARM\DSP\Lib\libarm_cortexM4lf_math.a(arm_mat_trans_f32.o)
                              CMakeFiles/EC_C_Board.elf.dir/user/algorithm/src/Kalman_filter.cpp.obj (arm_mat_trans_f32)
C:\Users\le_lianxiang\Desktop\Missile\Middlewares\ST\ARM\DSP\Lib\libarm_cortexM4lf_math.a(arm_mat_sub_f32.o)
                              CMakeFiles/EC_C_Board.elf.dir/user/algorithm/src/Kalman_filter.cpp.obj (arm_mat_sub_f32)
C:\Users\le_lianxiang\Desktop\Missile\Middlewares\ST\ARM\DSP\Lib\libarm_cortexM4lf_math.a(arm_mat_mult_f32.o)
                              CMakeFiles/EC_C_Board.elf.dir/user/algorithm/src/Kalman_filter.cpp.obj (arm_mat_mult_f32)
C:\Users\le_lianxiang\Desktop\Missile\Middlewares\ST\ARM\DSP\Lib\libarm_cortexM4lf_math.a(arm_mat_inverse_f32.o)
                              CMakeFiles/EC_C_Board.elf.dir/user/algorithm/src/Kalman_filter.cpp.obj (arm_mat_inverse_f32)
C:\Users\le_lianxiang\Desktop\Missile\Middlewares\ST\ARM\DSP\Lib\libarm_cortexM4lf_math.a(arm_mat_init_f32.o)
                              CMakeFiles/EC_C_Board.elf.dir/user/algorithm/src/Kalman_filter.cpp.obj (arm_mat_init_f32)
C:\Users\le_lianxiang\Desktop\Missile\Middlewares\ST\ARM\DSP\Lib\libarm_cortexM4lf_math.a(arm_mat_add_f32.o)
                              CMakeFiles/EC_C_Board.elf.dir/user/algorithm/src/Kalman_filter.cpp.obj (arm_mat_add_f32)
C:\Users\le_lianxiang\Desktop\Missile\Middlewares\ST\ARM\DSP\Lib\libarm_cortexM4lf_math.a(arm_sin_f32.o)
                              CMakeFiles/EC_C_Board.elf.dir/user/application/src/ins.cpp.obj (arm_sin_f32)
C:\Users\le_lianxiang\Desktop\Missile\Middlewares\ST\ARM\DSP\Lib\libarm_cortexM4lf_math.a(arm_cos_f32.o)
                              CMakeFiles/EC_C_Board.elf.dir/user/application/src/ins.cpp.obj (arm_cos_f32)
C:\Users\le_lianxiang\Desktop\Missile\Middlewares\ST\ARM\DSP\Lib\libarm_cortexM4lf_math.a(arm_common_tables.o)
                              C:\Users\le_lianxiang\Desktop\Missile\Middlewares\ST\ARM\DSP\Lib\libarm_cortexM4lf_math.a(arm_sin_f32.o) (sinTable_f32)
i:/cubemxandvscode/gcc-arm-none-eabi/bin/../lib/gcc/arm-none-eabi/10.3.1/../../../../arm-none-eabi/lib/thumb/v7e-m+fp/hard\libm.a(lib_a-s_ldexp.o)
                              CMakeFiles/EC_C_Board.elf.dir/user/modules/src/referee.c.obj (ldexp)
i:/cubemxandvscode/gcc-arm-none-eabi/bin/../lib/gcc/arm-none-eabi/10.3.1/../../../../arm-none-eabi/lib/thumb/v7e-m+fp/hard\libm.a(lib_a-s_scalbn.o)
                              i:/cubemxandvscode/gcc-arm-none-eabi/bin/../lib/gcc/arm-none-eabi/10.3.1/../../../../arm-none-eabi/lib/thumb/v7e-m+fp/hard\libm.a(lib_a-s_ldexp.o) (scalbn)
i:/cubemxandvscode/gcc-arm-none-eabi/bin/../lib/gcc/arm-none-eabi/10.3.1/../../../../arm-none-eabi/lib/thumb/v7e-m+fp/hard\libm.a(lib_a-wf_acos.o)
                              CMakeFiles/EC_C_Board.elf.dir/user/algorithm/src/QuaternionEKF.cpp.obj (acosf)
i:/cubemxandvscode/gcc-arm-none-eabi/bin/../lib/gcc/arm-none-eabi/10.3.1/../../../../arm-none-eabi/lib/thumb/v7e-m+fp/hard\libm.a(lib_a-wf_asin.o)
                              CMakeFiles/EC_C_Board.elf.dir/user/algorithm/src/QuaternionEKF.cpp.obj (asinf)
i:/cubemxandvscode/gcc-arm-none-eabi/bin/../lib/gcc/arm-none-eabi/10.3.1/../../../../arm-none-eabi/lib/thumb/v7e-m+fp/hard\libm.a(lib_a-wf_atan2.o)
                              CMakeFiles/EC_C_Board.elf.dir/user/algorithm/src/QuaternionEKF.cpp.obj (atan2f)
i:/cubemxandvscode/gcc-arm-none-eabi/bin/../lib/gcc/arm-none-eabi/10.3.1/../../../../arm-none-eabi/lib/thumb/v7e-m+fp/hard\libm.a(lib_a-wf_sqrt.o)
                              CMakeFiles/EC_C_Board.elf.dir/user/modules/src/bmi088_driver.cpp.obj (sqrtf)
i:/cubemxandvscode/gcc-arm-none-eabi/bin/../lib/gcc/arm-none-eabi/10.3.1/../../../../arm-none-eabi/lib/thumb/v7e-m+fp/hard\libm.a(lib_a-ef_acos.o)
                              i:/cubemxandvscode/gcc-arm-none-eabi/bin/../lib/gcc/arm-none-eabi/10.3.1/../../../../arm-none-eabi/lib/thumb/v7e-m+fp/hard\libm.a(lib_a-wf_acos.o) (__ieee754_acosf)
i:/cubemxandvscode/gcc-arm-none-eabi/bin/../lib/gcc/arm-none-eabi/10.3.1/../../../../arm-none-eabi/lib/thumb/v7e-m+fp/hard\libm.a(lib_a-ef_asin.o)
                              i:/cubemxandvscode/gcc-arm-none-eabi/bin/../lib/gcc/arm-none-eabi/10.3.1/../../../../arm-none-eabi/lib/thumb/v7e-m+fp/hard\libm.a(lib_a-wf_asin.o) (__ieee754_asinf)
i:/cubemxandvscode/gcc-arm-none-eabi/bin/../lib/gcc/arm-none-eabi/10.3.1/../../../../arm-none-eabi/lib/thumb/v7e-m+fp/hard\libm.a(lib_a-ef_atan2.o)
                              i:/cubemxandvscode/gcc-arm-none-eabi/bin/../lib/gcc/arm-none-eabi/10.3.1/../../../../arm-none-eabi/lib/thumb/v7e-m+fp/hard\libm.a(lib_a-wf_atan2.o) (__ieee754_atan2f)
i:/cubemxandvscode/gcc-arm-none-eabi/bin/../lib/gcc/arm-none-eabi/10.3.1/../../../../arm-none-eabi/lib/thumb/v7e-m+fp/hard\libm.a(lib_a-ef_sqrt.o)
[...]
Memory Configuration

Name             Origin             Length             Attributes
CCMRAM           0x10000000         0x00010000         xrw
RAM              0x20000000         0x00020000         xrw
FLASH            0x08000000         0x00100000         xr
*default*        0x00000000         0xffffffff

Linker script and memory map

LOAD i:/cubemxandvscode/gcc-arm-none-eabi/bin/../lib/gcc/arm-none-eabi/10.3.1/thumb/v7e-m+fp/hard/crti.o
LOAD i:/cubemxandvscode/gcc-arm-none-eabi/bin/../lib/gcc/arm-none-eabi/10.3.1/thumb/v7e-m+fp/hard/crtbegin.o
LOAD i:/cubemxandvscode/gcc-arm-none-eabi/bin/../lib/gcc/arm-none-eabi/10.3.1/../../../../arm-none-eabi/lib/thumb/v7e-m+fp/hard/crt0.o
LOAD CMakeFiles/EC_C_Board.elf.dir/Core/Src/can.c.obj
LOAD CMakeFiles/EC_C_Board.elf.dir/Core/Src/crc.c.obj
LOAD CMakeFiles/EC_C_Board.elf.dir/Core/Src/dma.c.obj
LOAD CMakeFiles/EC_C_Board.elf.dir/Core/Src/freertos.c.obj
LOAD CMakeFiles/EC_C_Board.elf.dir/Core/Src/gpio.c.obj
LOAD CMakeFiles/EC_C_Board.elf.dir/Core/Src/main.c.obj
LOAD CMakeFiles/EC_C_Board.elf.dir/Core/Src/spi.c.obj
LOAD CMakeFiles/EC_C_Board.elf.dir/Core/Src/stm32f4xx_hal_msp.c.obj
LOAD CMakeFiles/EC_C_Board.elf.dir/Core/Src/stm32f4xx_hal_timebase_tim.c.obj
LOAD CMakeFiles/EC_C_Board.elf.dir/Core/Src/stm32f4xx_it.c.obj
LOAD CMakeFiles/EC_C_Board.elf.dir/Core/Src/syscalls.c.obj
LOAD CMakeFiles/EC_C_Board.elf.dir/Core/Src/sysmem.c.obj
LOAD CMakeFiles/EC_C_Board.elf.dir/Core/Src/system_stm32f4xx.c.obj
LOAD CMakeFiles/EC_C_Board.elf.dir/Core/Src/tim.c.obj
LOAD CMakeFiles/EC_C_Board.elf.dir/Core/Src/usart.c.obj
LOAD CMakeFiles/EC_C_Board.elf.dir/Core/Startup/startup_stm32f407ighx.s.obj
LOAD CMakeFiles/EC_C_Board.elf.dir/Drivers/STM32F4xx_HAL_Driver/Src/stm32f4xx_hal.c.obj
LOAD CMakeFiles/EC_C_Board.elf.dir/Drivers/STM32F4xx_HAL_Driver/Src/stm32f4xx_hal_can.c.obj
LOAD CMakeFiles/EC_C_Board.elf.dir/Drivers/STM32F4xx_HAL_Driver/Src/stm32f4xx_hal_cortex.c.obj
LOAD CMakeFiles/EC_C_Board.elf.dir/Drivers/STM32F4xx_HAL_Driver/Src/stm32f4xx_hal_crc.c.obj
LOAD CMakeFiles/EC_C_Board.elf.dir/Drivers/STM32F4xx_HAL_Driver/Src/stm32f4xx_hal_dma.c.obj
LOAD CMakeFiles/EC_C_Board.elf.dir/Drivers/STM32F4xx_HAL_Driver/Src/stm32f4xx_hal_dma_ex.c.obj
LOAD CMakeFiles/EC_C_Board.elf.dir/Drivers/STM32F4xx_HAL_Driver/Src/stm32f4xx_hal_exti.c.obj
LOAD CMakeFiles/EC_C_Board.elf.dir/Drivers/STM32F4xx_HAL_Driver/Src/stm32f4xx_hal_flash.c.obj
LOAD CMakeFiles/EC_C_Board.elf.dir/Drivers/STM32F4xx_HAL_Driver/Src/stm32f4xx_hal_flash_ex.c.obj
LOAD CMakeFiles/EC_C_Board.elf.dir/Drivers/STM32F4xx_HAL_Driver/Src/stm32f4xx_hal_flash_ramfunc.c.obj
LOAD CMakeFiles/EC_C_Board.elf.dir/Drivers/STM32F4xx_HAL_Driver/Src/stm32f4xx_hal_gpio.c.obj
LOAD CMakeFiles/EC_C_Board.elf.dir/Drivers/STM32F4xx_HAL_Driver/Src/stm32f4xx_hal_pcd.c.obj
LOAD CMakeFiles/EC_C_Board.elf.dir/Drivers/STM32F4xx_HAL_Driver/Src/stm32f4xx_hal_pcd_ex.c.obj
LOAD CMakeFiles/EC_C_Board.elf.dir/Drivers/STM32F4xx_HAL_Driver/Src/stm32f4xx_hal_pwr.c.obj
LOAD CMakeFiles/EC_C_Board.elf.dir/Drivers/STM32F4xx_HAL_Driver/Src/stm32f4xx_hal_pwr_ex.c.obj
LOAD CMakeFiles/EC_C_Board.elf.dir/Drivers/STM32F4xx_HAL_Driver/Src/stm32f4xx_hal_rcc.c.obj
LOAD CMakeFiles/EC_C_Board.elf.dir/Drivers/STM32F4xx_HAL_Driver/Src/stm32f4xx_hal_rcc_ex.c.obj
LOAD CMakeFiles/EC_C_Board.elf.dir/Drivers/STM32F4xx_HAL_Driver/Src/stm32f4xx_hal_spi.c.obj
LOAD CMakeFiles/EC_C_Board.elf.dir/Drivers/STM32F4xx_HAL_Driver/Src/stm32f4xx_hal_tim.c.obj
LOAD CMakeFiles/EC_C_Board.elf.dir/Drivers/STM32F4xx_HAL_Driver/Src/stm32f4xx_hal_tim_ex.c.obj
LOAD CMakeFiles/EC_C_Board.elf.dir/Drivers/STM32F4xx_HAL_Driver/Src/stm32f4xx_hal_uart.c.obj
LOAD CMakeFiles/EC_C_Board.elf.dir/Drivers/STM32F4xx_HAL_Driver/Src/stm32f4xx_ll_usb.c.obj
LOAD CMakeFiles/EC_C_Board.elf.dir/Middlewares/ST/STM32_USB_Device_Library/Class/CDC/Src/usbd_cdc.c.obj
LOAD CMakeFiles/EC_C_Board.elf.dir/Middlewares/ST/STM32_USB_Device_Library/Core/Src/usbd_core.c.obj
LOAD CMakeFiles/EC_C_Board.elf.dir/Middlewares/ST/STM32_USB_Device_Library/Core/Src/usbd_ctlreq.c.obj
LOAD CMakeFiles/EC_C_Board.elf.dir/Middlewares/ST/STM32_USB_Device_Library/Core/Src/usbd_ioreq.c.obj
LOAD CMakeFiles/EC_C_Board.elf.dir/Middlewares/Third_Party/FreeRTOS/Source/CMSIS_RTOS/cmsis_os.c.obj
LOAD CMakeFiles/EC_C_Board.elf.dir/Middlewares/Third_Party/FreeRTOS/Source/croutine.c.obj
LOAD CMakeFiles/EC_C_Board.elf.dir/Middlewares/Third_Party/FreeRTOS/Source/event_groups.c.obj
LOAD CMakeFiles/EC_C_Board.elf.dir/Middlewares/Third_Party/FreeRTOS/Source/list.c.obj
LOAD CMakeFiles/EC_C_Board.elf.dir/Middlewares/Third_Party/FreeRTOS/Source/portable/GCC/ARM_CM4F/port.c.obj
LOAD CMakeFiles/EC_C_Board.elf.dir/Middlewares/Third_Party/FreeRTOS/Source/portable/MemMang/heap_4.c.obj
LOAD CMakeFiles/EC_C_Board.elf.dir/Middlewares/Third_Party/FreeRTOS/Source/queue.c.obj
LOAD CMakeFiles/EC_C_Board.elf.dir/Middlewares/Third_Party/FreeRTOS/Source/stream_buffer.c.obj
LOAD CMakeFiles/EC_C_Board.elf.dir/Middlewares/Third_Party/FreeRTOS/Source/tasks.c.obj
LOAD CMakeFiles/EC_C_Board.elf.dir/Middlewares/Third_Party/FreeRTOS/Source/timers.c.obj
LOAD CMakeFiles/EC_C_Board.elf.dir/USB_DEVICE/App/usb_device.c.obj
LOAD CMakeFiles/EC_C_Board.elf.dir/USB_DEVICE/App/usbd_cdc_if.c.obj
LOAD CMakeFiles/EC_C_Board.elf.dir/USB_DEVICE/App/usbd_desc.c.obj
LOAD CMakeFiles/EC_C_Board.elf.dir/USB_DEVICE/Target/usbd_conf.c.obj
LOAD CMakeFiles/EC_C_Board.elf.dir/user/algorithm/src/Kalman_filter.cpp.obj
LOAD CMakeFiles/EC_C_Board.elf.dir/user/algorithm/src/QuaternionEKF.cpp.obj
LOAD CMakeFiles/EC_C_Board.elf.dir/user/algorithm/src/crc.cpp.obj
LOAD CMakeFiles/EC_C_Board.elf.dir/user/algorithm/src/pid.cpp.obj
LOAD CMakeFiles/EC_C_Board.elf.dir/user/algorithm/src/user_lib.cpp.obj
LOAD CMakeFiles/EC_C_Board.elf.dir/user/application/src/gimbal.cpp.obj
LOAD CMakeFiles/EC_C_Board.elf.dir/user/application/src/infantry.cpp.obj
LOAD CMakeFiles/EC_C_Board.elf.dir/user/application/src/ins.cpp.obj
LOAD CMakeFiles/EC_C_Board.elf.dir/user/application/src/remote_keyboard.cpp.obj
LOAD CMakeFiles/EC_C_Board.elf.dir/user/application/src/shoot.cpp.obj
LOAD CMakeFiles/EC_C_Board.elf.dir/user/bsp/src/bsp_can.c.obj
LOAD CMakeFiles/EC_C_Board.elf.dir/user/bsp/src/bsp_dwt.c.obj
LOAD CMakeFiles/EC_C_Board.elf.dir/user/bsp/src/bsp_uart.c.obj
LOAD CMakeFiles/EC_C_Board.elf.dir/user/modules/src/bmi088_driver.cpp.obj
LOAD CMakeFiles/EC_C_Board.elf.dir/user/modules/src/bmi088_middleware.cpp.obj
LOAD CMakeFiles/EC_C_Board.elf.dir/user/modules/src/dji_motor.cpp.obj
LOAD CMakeFiles/EC_C_Board.elf.dir/user/modules/src/referee.c.obj
LOAD CMakeFiles/EC_C_Board.elf.dir/user/modules/src/remote.cpp.obj
LOAD CMakeFiles/EC_C_Board.elf.dir/user/modules/src/temp_measure.cpp.obj
LOAD C:\Users\le_lianxiang\Desktop\Missile\Middlewares\ST\ARM\DSP\Lib\libarm_cortexM4lf_math.a
LOAD i:/cubemxandvscode/gcc-arm-none-eabi/bin/../lib/gcc/arm-none-eabi/10.3.1/../../../../arm-none-eabi/lib/thumb/v7e-m+fp/hard\libstdc++.a
LOAD i:/cubemxandvscode/gcc-arm-none-eabi/bin/../lib/gcc/arm-none-eabi/10.3.1/../../../../arm-none-eabi/lib/thumb/v7e-m+fp/hard\libm.a
START GROUP
LOAD i:/cubemxandvscode/gcc-arm-none-eabi/bin/../lib/gcc/arm-none-eabi/10.3.1/thumb/v7e-m+fp/hard\libgcc.a
LOAD i:/cubemxandvscode/gcc-arm-none-eabi/bin/../lib/gcc/arm-none-eabi/10.3.1/../../../../arm-none-eabi/lib/thumb/v7e-m+fp/hard\libg.a
LOAD i:/cubemxandvscode/gcc-arm-none-eabi/bin/../lib/gcc/arm-none-eabi/10.3.1/../../../../arm-none-eabi/lib/thumb/v7e-m+fp/hard\libc.a
END GROUP
LOAD i:/cubemxandvscode/gcc-arm-none-eabi/bin/../lib/gcc/arm-none-eabi/10.3.1/thumb/v7e-m+fp/hard/crtend.o
LOAD i:/cubemxandvscode/gcc-arm-none-eabi/bin/../lib/gcc/arm-none-eabi/10.3.1/thumb/v7e-m+fp/hard/crtn.o
                0x20020000                _estack = (ORIGIN (RAM) + LENGTH (RAM))
                0x00000200                _Min_Heap_Size = 0x200
                0x00000400                _Min_Stack_Size = 0x400

.isr_vector     0x08000000      0x188
                0x08000000                . = ALIGN (0x4)
 *(.isr_vector)
 .isr_vector    0x08000000      0x188 CMakeFiles/EC_C_Board.elf.dir/Core/Startup/startup_stm32f407ighx.s.obj
                0x08000000                g_pfnVectors
                0x08000188                . = ALIGN (0x4)

.text           0x08000190     0xdea4
                0x08000190                . = ALIGN (0x4)
 *(.text)
 .text          0x08000190       0x40 i:/cubemxandvscode/gcc-arm-none-eabi/bin/../lib/gcc/arm-none-eabi/10.3.1/thumb/v7e-m+fp/hard/crtbegin.o
 .text          0x080001d0       0x30 i:/cubemxandvscode/gcc-arm-none-eabi/bin/../lib/gcc/arm-none-eabi/10.3.1/thumb/v7e-m+fp/hard\libgcc.a(_aeabi_uldivmod.o)
                0x080001d0                __aeabi_uldivmod
 .text          0x08000200      0x2d0 i:/cubemxandvscode/gcc-arm-none-eabi/bin/../lib/gcc/arm-none-eabi/10.3.1/thumb/v7e-m+fp/hard\libgcc.a(_udivmoddi4.o)
                0x08000200                __udivmoddi4
 .text          0x080004d0      0x9d8 i:/cubemxandvscode/gcc-arm-none-eabi/bin/../lib/gcc/arm-none-eabi/10.3.1/thumb/v7e-m+fp/hard\libgcc.a(unwind-arm.o)
                0x08000778                _Unwind_GetCFA
                0x0800077c                __gnu_Unwind_RaiseException
                0x080007e4                __gnu_Unwind_ForcedUnwind
                0x080007f4                __gnu_Unwind_Resume
                0x08000838                __gnu_Unwind_Resume_or_Rethrow
                0x08000848                _Unwind_Complete
                0x0800084c                _Unwind_DeleteException
                0x08000858                _Unwind_VRS_Get
                0x080008a4                _Unwind_VRS_Set
                0x080008ec                __gnu_Unwind_Backtrace
                0x08000c18                __aeabi_unwind_cpp_pr0
                0x08000c1c                __aeabi_unwind_cpp_pr1
                0x08000c20                __aeabi_unwind_cpp_pr2
                0x08000c24                _Unwind_VRS_Pop
 .text          0x08000ea8      0x1ac i:/cubemxandvscode/gcc-arm-none-eabi/bin/../lib/gcc/arm-none-eabi/10.3.1/thumb/v7e-m+fp/hard\libgcc.a(libunwind.o)
                0x08000ea8                __restore_core_regs
                0x08000ea8                restore_core_regs
                0x08000ec0                __gnu_Unwind_Restore_VFP
                0x08000ec8                __gnu_Unwind_Save_VFP
                0x08000ed0                __gnu_Unwind_Restore_VFP_D
                0x08000ed8                __gnu_Unwind_Save_VFP_D
                0x08000ee0                __gnu_Unwind_Restore_VFP_D_16_to_31
                0x08000ee8                __gnu_Unwind_Save_VFP_D_16_to_31
                0x08000ef0                __gnu_Unwind_Restore_WMMXD
                0x08000f34                __gnu_Unwind_Save_WMMXD
                0x08000f78                __gnu_Unwind_Restore_WMMXC
                0x08000f8c                __gnu_Unwind_Save_WMMXC
                0x08000fa0                ___Unwind_RaiseException
                0x08000fa0                _Unwind_RaiseException
                0x08000fc4                _Unwind_Resume
                0x08000fc4                ___Unwind_Resume
                0x08000fe8                _Unwind_Resume_or_Rethrow
                0x08000fe8                ___Unwind_Resume_or_Rethrow
                0x0800100c                _Unwind_ForcedUnwind
                0x0800100c                ___Unwind_ForcedUnwind
                0x08001030                ___Unwind_Backtrace
                0x08001030                _Unwind_Backtrace
 .text          0x08001054      0x350 i:/cubemxandvscode/gcc-arm-none-eabi/bin/../lib/gcc/arm-none-eabi/10.3.1/thumb/v7e-m+fp/hard\libgcc.a(pr-support.o)
                0x080010ac                __gnu_unwind_execute
                0x08001358                __gnu_unwind_frame
                0x08001384                _Unwind_GetRegionStart
                0x08001390                _Unwind_GetLanguageSpecificData
 .text          0x080013a4        0x4 i:/cubemxandvscode/gcc-arm-none-eabi/bin/../lib/gcc/arm-none-eabi/10.3.1/thumb/v7e-m+fp/hard\libgcc.a(_dvmd_tls.o)
                0x080013a4                __aeabi_idiv0
                0x080013a4                __aeabi_ldiv0
 .text          0x080013a8      0x134 i:/cubemxandvscode/gcc-arm-none-eabi/bin/../lib/gcc/arm-none-eabi/10.3.1/../../../../arm-none-eabi/lib/thumb/v7e-m+fp/hard\libg.a(lib_a-memcpy.o)
                0x080013a8                memcpy
 *(.text*)
 .text.MX_CAN1_Init
                0x080014dc       0x78 CMakeFiles/EC_C_Board.elf.dir/Core/Src/can.c.obj
                0x080014dc                MX_CAN1_Init
 .text.MX_CAN2_Init
                0x08001554       0x74 CMakeFiles/EC_C_Board.elf.dir/Core/Src/can.c.obj
                0x08001554                MX_CAN2_Init
 .text.HAL_CAN_MspInit
                0x080015c8      0x140 CMakeFiles/EC_C_Board.elf.dir/Core/Src/can.c.obj
                0x080015c8                HAL_CAN_MspInit
 .text.MX_CRC_Init
                0x08001708       0x20 CMakeFiles/EC_C_Board.elf.dir/Core/Src/crc.c.obj
                0x08001708                MX_CRC_Init
 .text.HAL_CRC_MspInit
                0x08001728       0x30 CMakeFiles/EC_C_Board.elf.dir/Core/Src/crc.c.obj
                0x08001728                HAL_CRC_MspInit
 .text.MX_DMA_Init
                0x08001758       0x58 CMakeFiles/EC_C_Board.elf.dir/Core/Src/dma.c.obj
                0x08001758                MX_DMA_Init
 .text.StartDefaultTask
                0x080017b0       0x6c CMakeFiles/EC_C_Board.elf.dir/Core/Src/freertos.c.obj
                0x080017b0                StartDefaultTask
 .text.StartInsTask
                0x0800181c       0x12 CMakeFiles/EC_C_Board.elf.dir/Core/Src/freertos.c.obj
                0x0800181c                StartInsTask
 .text.StartGimbalTask
                0x0800182e       0x12 CMakeFiles/EC_C_Board.elf.dir/Core/Src/freertos.c.obj
                0x0800182e                StartGimbalTask
 .text.StartModeTask
                0x08001840        0xe CMakeFiles/EC_C_Board.elf.dir/Core/Src/freertos.c.obj
                0x08001840                StartModeTask
 *fill*         0x0800184e        0x2 
 .text.vApplicationGetIdleTaskMemory
                0x08001850       0x18 CMakeFiles/EC_C_Board.elf.dir/Core/Src/freertos.c.obj
                0x08001850                vApplicationGetIdleTaskMemory
 .text.MX_FREERTOS_Init
                0x08001868       0xac CMakeFiles/EC_C_Board.elf.dir/Core/Src/freertos.c.obj
                0x08001868                MX_FREERTOS_Init
 .text.MX_GPIO_Init
                0x08001914      0x198 CMakeFiles/EC_C_Board.elf.dir/Core/Src/gpio.c.obj
                0x08001914                MX_GPIO_Init
 .text.HAL_TIM_PeriodElapsedCallback
                0x08001aac       0x12 CMakeFiles/EC_C_Board.elf.dir/Core/Src/main.c.obj
                0x08001aac                HAL_TIM_PeriodElapsedCallback
 .text.Error_Handler
                0x08001abe        0x4 CMakeFiles/EC_C_Board.elf.dir/Core/Src/main.c.obj
                0x08001abe                Error_Handler
 *fill*         0x08001ac2        0x2 
 .text.SystemClock_Config
                0x08001ac4       0xa8 CMakeFiles/EC_C_Board.elf.dir/Core/Src/main.c.obj
                0x08001ac4                SystemClock_Config
 .text.main     0x08001b6c       0x64 CMakeFiles/EC_C_Board.elf.dir/Core/Src/main.c.obj
                0x08001b6c                main
 .text.MX_SPI1_Init
                0x08001bd0       0x48 CMakeFiles/EC_C_Board.elf.dir/Core/Src/spi.c.obj
                0x08001bd0                MX_SPI1_Init
 .text.HAL_SPI_MspInit
                0x08001c18       0x98 CMakeFiles/EC_C_Board.elf.dir/Core/Src/spi.c.obj
                0x08001c18                HAL_SPI_MspInit
 .text.HAL_MspInit
                0x08001cb0       0x44 CMakeFiles/EC_C_Board.elf.dir/Core/Src/stm32f4xx_hal_msp.c.obj
                0x08001cb0                HAL_MspInit
 .text.HAL_InitTick
                0x08001cf4       0xa4 CMakeFiles/EC_C_Board.elf.dir/Core/Src/stm32f4xx_hal_timebase_tim.c.obj
                0x08001cf4                HAL_InitTick
 .text.NMI_Handler
                0x08001d98        0x2 CMakeFiles/EC_C_Board.elf.dir/Core/Src/stm32f4xx_it.c.obj
                0x08001d98                NMI_Handler
 .text.HardFault_Handler
                0x08001d9a        0x2 CMakeFiles/EC_C_Board.elf.dir/Core/Src/stm32f4xx_it.c.obj
                0x08001d9a                HardFault_Handler
 .text.MemManage_Handler
                0x08001d9c        0x2 CMakeFiles/EC_C_Board.elf.dir/Core/Src/stm32f4xx_it.c.obj
                0x08001d9c                MemManage_Handler
 .text.BusFault_Handler
                0x08001d9e        0x2 CMakeFiles/EC_C_Board.elf.dir/Core/Src/stm32f4xx_it.c.obj
                0x08001d9e                BusFault_Handler
 .text.UsageFault_Handler
                0x08001da0        0x2 CMakeFiles/EC_C_Board.elf.dir/Core/Src/stm32f4xx_it.c.obj
                0x08001da0                UsageFault_Handler
 .text.DebugMon_Handler
                0x08001da2        0x2 CMakeFiles/EC_C_Board.elf.dir/Core/Src/stm32f4xx_it.c.obj
                0x08001da2                DebugMon_Handler
 .text.DMA1_Stream1_IRQHandler
                0x08001da4       0x10 CMakeFiles/EC_C_Board.elf.dir/Core/Src/stm32f4xx_it.c.obj
                0x08001da4                DMA1_Stream1_IRQHandler
 .text.CAN1_RX0_IRQHandler
                0x08001db4       0x10 CMakeFiles/EC_C_Board.elf.dir/Core/Src/stm32f4xx_it.c.obj
                0x08001db4                CAN1_RX0_IRQHandler
 .text.CAN1_RX1_IRQHandler
                0x08001dc4       0x10 CMakeFiles/EC_C_Board.elf.dir/Core/Src/stm32f4xx_it.c.obj
                0x08001dc4                CAN1_RX1_IRQHandler
 .text.TIM2_IRQHandler
                0x08001dd4       0x10 CMakeFiles/EC_C_Board.elf.dir/Core/Src/stm32f4xx_it.c.obj
                0x08001dd4                TIM2_IRQHandler
 .text.USART1_IRQHandler
                0x08001de4       0x10 CMakeFiles/EC_C_Board.elf.dir/Core/Src/stm32f4xx_it.c.obj
                0x08001de4                USART1_IRQHandler
 .text.USART3_IRQHandler
                0x08001df4       0x10 CMakeFiles/EC_C_Board.elf.dir/Core/Src/stm32f4xx_it.c.obj
                0x08001df4                USART3_IRQHandler
 .text.DMA2_Stream2_IRQHandler
                0x08001e04       0x10 CMakeFiles/EC_C_Board.elf.dir/Core/Src/stm32f4xx_it.c.obj
                0x08001e04                DMA2_Stream2_IRQHandler
 .text.CAN2_RX0_IRQHandler
                0x08001e14       0x10 CMakeFiles/EC_C_Board.elf.dir/Core/Src/stm32f4xx_it.c.obj
                0x08001e14                CAN2_RX0_IRQHandler
 .text.CAN2_RX1_IRQHandler
                0x08001e24       0x10 CMakeFiles/EC_C_Board.elf.dir/Core/Src/stm32f4xx_it.c.obj
                0x08001e24                CAN2_RX1_IRQHandler
 .text.OTG_FS_IRQHandler
                0x08001e34       0x10 CMakeFiles/EC_C_Board.elf.dir/Core/Src/stm32f4xx_it.c.obj
                0x08001e34                OTG_FS_IRQHandler
 .text._getpid  0x08001e44        0x4 CMakeFiles/EC_C_Board.elf.dir/Core/Src/syscalls.c.obj
                0x08001e44                _getpid
 .text._kill    0x08001e48       0x10 CMakeFiles/EC_C_Board.elf.dir/Core/Src/syscalls.c.obj
                0x08001e48                _kill
 .text._exit    0x08001e58        0xc CMakeFiles/EC_C_Board.elf.dir/Core/Src/syscalls.c.obj
                0x08001e58                _exit
 .text._sbrk    0x08001e64       0x48 CMakeFiles/EC_C_Board.elf.dir/Core/Src/sysmem.c.obj
                0x08001e64                _sbrk
 .text.SystemInit
                0x08001eac       0x14 CMakeFiles/EC_C_Board.elf.dir/Core/Src/system_stm32f4xx.c.obj
                0x08001eac                SystemInit
 .text.HAL_TIM_PWM_MspInit
                0x08001ec0       0x30 CMakeFiles/EC_C_Board.elf.dir/Core/Src/tim.c.obj
                0x08001ec0                HAL_TIM_PWM_MspInit
 .text.HAL_TIM_Base_MspInit
                0x08001ef0       0x30 CMakeFiles/EC_C_Board.elf.dir/Core/Src/tim.c.obj
                0x08001ef0                HAL_TIM_Base_MspInit
 .text.HAL_TIM_MspPostInit
                0x08001f20       0x98 CMakeFiles/EC_C_Board.elf.dir/Core/Src/tim.c.obj
                0x08001f20                HAL_TIM_MspPostInit
 .text.MX_TIM1_Init
                0x08001fb8       0xb8 CMakeFiles/EC_C_Board.elf.dir/Core/Src/tim.c.obj
                0x08001fb8                MX_TIM1_Init
 .text.MX_TIM10_Init
                0x08002070       0x74 CMakeFiles/EC_C_Board.elf.dir/Core/Src/tim.c.obj
                0x08002070                MX_TIM10_Init
 .text.MX_USART1_UART_Init
                0x080020e4       0x34 CMakeFiles/EC_C_Board.elf.dir/Core/Src/usart.c.obj
                0x080020e4                MX_USART1_UART_Init
 .text.MX_USART3_UART_Init
                0x08002118       0x3c CMakeFiles/EC_C_Board.elf.dir/Core/Src/usart.c.obj
                0x08002118                MX_USART3_UART_Init
 .text.HAL_UART_MspInit
                0x08002154      0x194 CMakeFiles/EC_C_Board.elf.dir/Core/Src/usart.c.obj
                0x08002154                HAL_UART_MspInit
 .text.Reset_Handler
                0x080022e8       0x50 CMakeFiles/EC_C_Board.elf.dir/Core/Startup/startup_stm32f407ighx.s.obj
                0x080022e8                Reset_Handler
 .text.Default_Handler
                0x08002338        0x2 CMakeFiles/EC_C_Board.elf.dir/Core/Startup/startup_stm32f407ighx.s.obj
                0x08002338                RTC_Alarm_IRQHandler
                0x08002338                HASH_RNG_IRQHandler
                0x08002338                EXTI2_IRQHandler
                0x08002338                TIM8_CC_IRQHandler
                0x08002338                TIM1_CC_IRQHandler
                0x08002338                DMA2_Stream5_IRQHandler
                0x08002338                DMA1_Stream5_IRQHandler
                0x08002338                PVD_IRQHandler
                0x08002338                SDIO_IRQHandler
                0x08002338                TAMP_STAMP_IRQHandler
                0x08002338                EXTI3_IRQHandler
                0x08002338                TIM8_TRG_COM_TIM14_IRQHandler
                0x08002338                TIM1_UP_TIM10_IRQHandler
                0x08002338                TIM8_UP_TIM13_IRQHandler
                0x08002338                I2C3_ER_IRQHandler
                0x08002338                EXTI0_IRQHandler
                0x08002338                I2C2_EV_IRQHandler
                0x08002338                DMA1_Stream2_IRQHandler
                0x08002338                FPU_IRQHandler
                0x08002338                OTG_HS_WKUP_IRQHandler
                0x08002338                CAN2_SCE_IRQHandler
                0x08002338                SPI1_IRQHandler
                0x08002338                TIM6_DAC_IRQHandler
                0x08002338                TIM1_BRK_TIM9_IRQHandler
                0x08002338                DCMI_IRQHandler
                0x08002338                DMA2_Stream3_IRQHandler
                0x08002338                USART6_IRQHandler
                0x08002338                UART5_IRQHandler
                0x08002338                DMA2_Stream0_IRQHandler
                0x08002338                TIM4_IRQHandler
                0x08002338                I2C1_EV_IRQHandler
                0x08002338                DMA1_Stream6_IRQHandler
                0x08002338                UART4_IRQHandler
                0x08002338                TIM3_IRQHandler
                0x08002338                RCC_IRQHandler
                0x08002338                TIM8_BRK_TIM12_IRQHandler
                0x08002338                Default_Handler
                0x08002338                EXTI15_10_IRQHandler
                0x08002338                ADC_IRQHandler
                0x08002338                DMA1_Stream7_IRQHandler
                0x08002338                TIM7_IRQHandler
                0x08002338                CAN2_TX_IRQHandler
                0x08002338                TIM5_IRQHandler
                0x08002338                DMA2_Stream7_IRQHandler
                0x08002338                I2C3_EV_IRQHandler
                0x08002338                EXTI9_5_IRQHandler
                0x08002338                RTC_WKUP_IRQHandler
                0x08002338                ETH_WKUP_IRQHandler
                0x08002338                SPI2_IRQHandler
                0x08002338                OTG_HS_EP1_IN_IRQHandler
                0x08002338                DMA1_Stream0_IRQHandler
                0x08002338                CAN1_TX_IRQHandler
                0x08002338                EXTI4_IRQHandler
                0x08002338                FSMC_IRQHandler
                0x08002338                ETH_IRQHandler
                0x08002338                OTG_HS_EP1_OUT_IRQHandler
                0x08002338                WWDG_IRQHandler
                0x08002338                OTG_FS_WKUP_IRQHandler
                0x08002338                TIM1_TRG_COM_TIM11_IRQHandler
                0x08002338                OTG_HS_IRQHandler
                0x08002338                EXTI1_IRQHandler
                0x08002338                USART2_IRQHandler
                0x08002338                I2C2_ER_IRQHandler
                0x08002338                DMA2_Stream1_IRQHandler
                0x08002338                CAN1_SCE_IRQHandler
                0x08002338                FLASH_IRQHandler
                0x08002338                DMA2_Stream4_IRQHandler
                0x08002338                SPI3_IRQHandler
                0x08002338                DMA1_Stream4_IRQHandler
                0x08002338                I2C1_ER_IRQHandler
                0x08002338                DMA2_Stream6_IRQHandler
                0x08002338                DMA1_Stream3_IRQHandler
 *fill*         0x0800233a        0x2 
 .text.HAL_Init
                0x0800233c       0x34 CMakeFiles/EC_C_Board.elf.dir/Drivers/STM32F4xx_HAL_Driver/Src/stm32f4xx_hal.c.obj
                0x0800233c                HAL_Init
 .text.HAL_IncTick
                0x08002370       0x18 CMakeFiles/EC_C_Board.elf.dir/Drivers/STM32F4xx_HAL_Driver/Src/stm32f4xx_hal.c.obj
                0x08002370                HAL_IncTick
 .text.HAL_GetTick
                0x08002388        0xc CMakeFiles/EC_C_Board.elf.dir/Drivers/STM32F4xx_HAL_Driver/Src/stm32f4xx_hal.c.obj
                0x08002388                HAL_GetTick
 .text.HAL_Delay
                0x08002394       0x28 CMakeFiles/EC_C_Board.elf.dir/Drivers/STM32F4xx_HAL_Driver/Src/stm32f4xx_hal.c.obj
                0x08002394                HAL_Delay
 .text.HAL_CAN_Init
                0x080023bc      0x14c CMakeFiles/EC_C_Board.elf.dir/Drivers/STM32F4xx_HAL_Driver/Src/stm32f4xx_hal_can.c.obj
                0x080023bc                HAL_CAN_Init
 .text.HAL_CAN_ConfigFilter
                0x08002508      0x138 CMakeFiles/EC_C_Board.elf.dir/Drivers/STM32F4xx_HAL_Driver/Src/stm32f4xx_hal_can.c.obj
                0x08002508                HAL_CAN_ConfigFilter
 .text.HAL_CAN_Start
                0x08002640       0x5c CMakeFiles/EC_C_Board.elf.dir/Drivers/STM32F4xx_HAL_Driver/Src/stm32f4xx_hal_can.c.obj
                0x08002640                HAL_CAN_Start
 .text.HAL_CAN_AddTxMessage
                0x0800269c       0xfc CMakeFiles/EC_C_Board.elf.dir/Drivers/STM32F4xx_HAL_Driver/Src/stm32f4xx_hal_can.c.obj
                0x0800269c                HAL_CAN_AddTxMessage
 .text.HAL_CAN_GetRxMessage
                0x08002798      0x14a CMakeFiles/EC_C_Board.elf.dir/Drivers/STM32F4xx_HAL_Driver/Src/stm32f4xx_hal_can.c.obj
                0x08002798                HAL_CAN_GetRxMessage
 .text.HAL_CAN_GetRxFifoFillLevel
                0x080028e2       0x26 CMakeFiles/EC_C_Board.elf.dir/Drivers/STM32F4xx_HAL_Driver/Src/stm32f4xx_hal_can.c.obj
                0x080028e2                HAL_CAN_GetRxFifoFillLevel
 .text.HAL_CAN_ActivateNotification
                0x08002908       0x24 CMakeFiles/EC_C_Board.elf.dir/Drivers/STM32F4xx_HAL_Driver/Src/stm32f4xx_hal_can.c.obj
                0x08002908                HAL_CAN_ActivateNotification
 .text.HAL_CAN_TxMailbox0CompleteCallback
                0x0800292c        0x2 CMakeFiles/EC_C_Board.elf.dir/Drivers/STM32F4xx_HAL_Driver/Src/stm32f4xx_hal_can.c.obj
                0x0800292c                HAL_CAN_TxMailbox0CompleteCallback
 .text.HAL_CAN_TxMailbox1CompleteCallback
                0x0800292e        0x2 CMakeFiles/EC_C_Board.elf.dir/Drivers/STM32F4xx_HAL_Driver/Src/stm32f4xx_hal_can.c.obj
                0x0800292e                HAL_CAN_TxMailbox1CompleteCallback
 .text.HAL_CAN_TxMailbox2CompleteCallback
                0x08002930        0x2 CMakeFiles/EC_C_Board.elf.dir/Drivers/STM32F4xx_HAL_Driver/Src/stm32f4xx_hal_can.c.obj
                0x08002930                HAL_CAN_TxMailbox2CompleteCallback
 .text.HAL_CAN_TxMailbox0AbortCallback
                0x08002932        0x2 CMakeFiles/EC_C_Board.elf.dir/Drivers/STM32F4xx_HAL_Driver/Src/stm32f4xx_hal_can.c.obj
                0x08002932                HAL_CAN_TxMailbox0AbortCallback
 .text.HAL_CAN_TxMailbox1AbortCallback
                0x08002934        0x2 CMakeFiles/EC_C_Board.elf.dir/Drivers/STM32F4xx_HAL_Driver/Src/stm32f4xx_hal_can.c.obj
                0x08002934                HAL_CAN_TxMailbox1AbortCallback
 .text.HAL_CAN_TxMailbox2AbortCallback
                0x08002936        0x2 CMakeFiles/EC_C_Board.elf.dir/Drivers/STM32F4xx_HAL_Driver/Src/stm32f4xx_hal_can.c.obj
                0x08002936                HAL_CAN_TxMailbox2AbortCallback
 .text.HAL_CAN_RxFifo0FullCallback
                0x08002938        0x2 CMakeFiles/EC_C_Board.elf.dir/Drivers/STM32F4xx_HAL_Driver/Src/stm32f4xx_hal_can.c.obj
                0x08002938                HAL_CAN_RxFifo0FullCallback
 .text.HAL_CAN_RxFifo1MsgPendingCallback
                0x0800293a        0x2 CMakeFiles/EC_C_Board.elf.dir/Drivers/STM32F4xx_HAL_Driver/Src/stm32f4xx_hal_can.c.obj
                0x0800293a                HAL_CAN_RxFifo1MsgPendingCallback
 .text.HAL_CAN_RxFifo1FullCallback
                0x0800293c        0x2 CMakeFiles/EC_C_Board.elf.dir/Drivers/STM32F4xx_HAL_Driver/Src/stm32f4xx_hal_can.c.obj
                0x0800293c                HAL_CAN_RxFifo1FullCallback
 .text.HAL_CAN_SleepCallback
                0x0800293e        0x2 CMakeFiles/EC_C_Board.elf.dir/Drivers/STM32F4xx_HAL_Driver/Src/stm32f4xx_hal_can.c.obj
                0x0800293e                HAL_CAN_SleepCallback
 .text.HAL_CAN_WakeUpFromRxMsgCallback
                0x08002940        0x2 CMakeFiles/EC_C_Board.elf.dir/Drivers/STM32F4xx_HAL_Driver/Src/stm32f4xx_hal_can.c.obj
                0x08002940                HAL_CAN_WakeUpFromRxMsgCallback
 .text.HAL_CAN_ErrorCallback
                0x08002942        0x2 CMakeFiles/EC_C_Board.elf.dir/Drivers/STM32F4xx_HAL_Driver/Src/stm32f4xx_hal_can.c.obj
                0x08002942                HAL_CAN_ErrorCallback
 .text.HAL_CAN_IRQHandler
                0x08002944      0x24a CMakeFiles/EC_C_Board.elf.dir/Drivers/STM32F4xx_HAL_Driver/Src/stm32f4xx_hal_can.c.obj
                0x08002944                HAL_CAN_IRQHandler
 *fill*         0x08002b8e        0x2 
 .text.HAL_NVIC_SetPriorityGrouping
                0x08002b90       0x24 CMakeFiles/EC_C_Board.elf.dir/Drivers/STM32F4xx_HAL_Driver/Src/stm32f4xx_hal_cortex.c.obj
                0x08002b90                HAL_NVIC_SetPriorityGrouping
 .text.HAL_NVIC_SetPriority
                0x08002bb4       0x70 CMakeFiles/EC_C_Board.elf.dir/Drivers/STM32F4xx_HAL_Driver/Src/stm32f4xx_hal_cortex.c.obj
                0x08002bb4                HAL_NVIC_SetPriority
 .text.HAL_NVIC_EnableIRQ
                0x08002c24       0x1c CMakeFiles/EC_C_Board.elf.dir/Drivers/STM32F4xx_HAL_Driver/Src/stm32f4xx_hal_cortex.c.obj
                0x08002c24                HAL_NVIC_EnableIRQ
 .text.HAL_CRC_Init
                0x08002c40       0x1e CMakeFiles/EC_C_Board.elf.dir/Drivers/STM32F4xx_HAL_Driver/Src/stm32f4xx_hal_crc.c.obj
                0x08002c40                HAL_CRC_Init
 .text.DMA_SetConfig
                0x08002c5e       0x2c CMakeFiles/EC_C_Board.elf.dir/Drivers/STM32F4xx_HAL_Driver/Src/stm32f4xx_hal_dma.c.obj
 *fill*         0x08002c8a        0x2 
 .text.DMA_CalcBaseAndBitshift
                0x08002c8c       0x44 CMakeFiles/EC_C_Board.elf.dir/Drivers/STM32F4xx_HAL_Driver/Src/stm32f4xx_hal_dma.c.obj
 .text.DMA_CheckFifoParam
                0x08002cd0       0x8e CMakeFiles/EC_C_Board.elf.dir/Drivers/STM32F4xx_HAL_Driver/Src/stm32f4xx_hal_dma.c.obj
 *fill*         0x08002d5e        0x2 
 .text.HAL_DMA_Init
                0x08002d60       0xcc CMakeFiles/EC_C_Board.elf.dir/Drivers/STM32F4xx_HAL_Driver/Src/stm32f4xx_hal_dma.c.obj
                0x08002d60                HAL_DMA_Init
 .text.HAL_DMA_Start_IT
                0x08002e2c       0x6a CMakeFiles/EC_C_Board.elf.dir/Drivers/STM32F4xx_HAL_Driver/Src/stm32f4xx_hal_dma.c.obj
                0x08002e2c                HAL_DMA_Start_IT
 .text.HAL_DMA_Abort
                0x08002e96       0x94 CMakeFiles/EC_C_Board.elf.dir/Drivers/STM32F4xx_HAL_Driver/Src/stm32f4xx_hal_dma.c.obj
                0x08002e96                HAL_DMA_Abort
 .text.HAL_DMA_Abort_IT
                0x08002f2a       0x26 CMakeFiles/EC_C_Board.elf.dir/Drivers/STM32F4xx_HAL_Driver/Src/stm32f4xx_hal_dma.c.obj
                0x08002f2a                HAL_DMA_Abort_IT
 .text.HAL_DMA_IRQHandler
                0x08002f50      0x1dc CMakeFiles/EC_C_Board.elf.dir/Drivers/STM32F4xx_HAL_Driver/Src/stm32f4xx_hal_dma.c.obj
                0x08002f50                HAL_DMA_IRQHandler
 .text.HAL_GPIO_Init
                0x0800312c      0x1e4 CMakeFiles/EC_C_Board.elf.dir/Drivers/STM32F4xx_HAL_Driver/Src/stm32f4xx_hal_gpio.c.obj
                0x0800312c                HAL_GPIO_Init
 .text.HAL_GPIO_WritePin
                0x08003310        0xc CMakeFiles/EC_C_Board.elf.dir/Drivers/STM32F4xx_HAL_Driver/Src/stm32f4xx_hal_gpio.c.obj
                0x08003310                HAL_GPIO_WritePin
 .text.HAL_GPIO_TogglePin
                0x0800331c       0x12 CMakeFiles/EC_C_Board.elf.dir/Drivers/STM32F4xx_HAL_Driver/Src/stm32f4xx_hal_gpio.c.obj
                0x0800331c                HAL_GPIO_TogglePin
 .text.PCD_WriteEmptyTxFifo
                0x0800332e       0xd0 CMakeFiles/EC_C_Board.elf.dir/Drivers/STM32F4xx_HAL_Driver/Src/stm32f4xx_hal_pcd.c.obj
 .text.HAL_PCD_Init
                0x080033fe      0x12e CMakeFiles/EC_C_Board.elf.dir/Drivers/STM32F4xx_HAL_Driver/Src/stm32f4xx_hal_pcd.c.obj
                0x080033fe                HAL_PCD_Init
 .text.HAL_PCD_Start
                0x0800352c       0x42 CMakeFiles/EC_C_Board.elf.dir/Drivers/STM32F4xx_HAL_Driver/Src/stm32f4xx_hal_pcd.c.obj
                0x0800352c                HAL_PCD_Start
 *fill*         0x0800356e        0x2 
 .text.PCD_EP_OutXfrComplete_int
                0x08003570      0x104 CMakeFiles/EC_C_Board.elf.dir/Drivers/STM32F4xx_HAL_Driver/Src/stm32f4xx_hal_pcd.c.obj
 .text.PCD_EP_OutSetupPacket_int
                0x08003674       0x50 CMakeFiles/EC_C_Board.elf.dir/Drivers/STM32F4xx_HAL_Driver/Src/stm32f4xx_hal_pcd.c.obj
 .text.HAL_PCD_SetAddress
                0x080036c4       0x28 CMakeFiles/EC_C_Board.elf.dir/Drivers/STM32F4xx_HAL_Driver/Src/stm32f4xx_hal_pcd.c.obj
                0x080036c4                HAL_PCD_SetAddress
 .text.HAL_PCD_EP_Open
                0x080036ec       0x8a CMakeFiles/EC_C_Board.elf.dir/Drivers/STM32F4xx_HAL_Driver/Src/stm32f4xx_hal_pcd.c.obj
                0x080036ec                HAL_PCD_EP_Open
 .text.HAL_PCD_EP_Close
                0x08003776       0x72 CMakeFiles/EC_C_Board.elf.dir/Drivers/STM32F4xx_HAL_Driver/Src/stm32f4xx_hal_pcd.c.obj
                0x08003776                HAL_PCD_EP_Close
 .text.HAL_PCD_EP_Receive
                0x080037e8       0x5e CMakeFiles/EC_C_Board.elf.dir/Drivers/STM32F4xx_HAL_Driver/Src/stm32f4xx_hal_pcd.c.obj
                0x080037e8                HAL_PCD_EP_Receive
 .text.HAL_PCD_EP_GetRxCount
                0x08003846       0x12 CMakeFiles/EC_C_Board.elf.dir/Drivers/STM32F4xx_HAL_Driver/Src/stm32f4xx_hal_pcd.c.obj
                0x08003846                HAL_PCD_EP_GetRxCount
 .text.HAL_PCD_EP_Transmit
                0x08003858       0x5e CMakeFiles/EC_C_Board.elf.dir/Drivers/STM32F4xx_HAL_Driver/Src/stm32f4xx_hal_pcd.c.obj
                0x08003858                HAL_PCD_EP_Transmit
 .text.HAL_PCD_EP_SetStall
                0x080038b6       0x88 CMakeFiles/EC_C_Board.elf.dir/Drivers/STM32F4xx_HAL_Driver/Src/stm32f4xx_hal_pcd.c.obj
                0x080038b6                HAL_PCD_EP_SetStall
 .text.HAL_PCD_EP_ClrStall
                0x0800393e       0x76 CMakeFiles/EC_C_Board.elf.dir/Drivers/STM32F4xx_HAL_Driver/Src/stm32f4xx_hal_pcd.c.obj
                0x0800393e                HAL_PCD_EP_ClrStall
 .text.HAL_PCD_EP_Abort
                0x080039b4       0x34 CMakeFiles/EC_C_Board.elf.dir/Drivers/STM32F4xx_HAL_Driver/Src/stm32f4xx_hal_pcd.c.obj
                0x080039b4                HAL_PCD_EP_Abort
 .text.HAL_PCD_IRQHandler
                0x080039e8      0x5c4 CMakeFiles/EC_C_Board.elf.dir/Drivers/STM32F4xx_HAL_Driver/Src/stm32f4xx_hal_pcd.c.obj
                0x080039e8                HAL_PCD_IRQHandler
 .text.HAL_PCDEx_SetTxFiFo
                0x08003fac       0x4c CMakeFiles/EC_C_Board.elf.dir/Drivers/STM32F4xx_HAL_Driver/Src/stm32f4xx_hal_pcd_ex.c.obj
                0x08003fac                HAL_PCDEx_SetTxFiFo
 .text.HAL_PCDEx_SetRxFiFo
                0x08003ff8        0x8 CMakeFiles/EC_C_Board.elf.dir/Drivers/STM32F4xx_HAL_Driver/Src/stm32f4xx_hal_pcd_ex.c.obj
                0x08003ff8                HAL_PCDEx_SetRxFiFo
 .text.HAL_PCDEx_LPM_Callback
                0x08004000        0x2 CMakeFiles/EC_C_Board.elf.dir/Drivers/STM32F4xx_HAL_Driver/Src/stm32f4xx_hal_pcd_ex.c.obj
                0x08004000                HAL_PCDEx_LPM_Callback
 *fill*         0x08004002        0x2 
 .text.HAL_RCC_OscConfig
                0x08004004      0x3f8 CMakeFiles/EC_C_Board.elf.dir/Drivers/STM32F4xx_HAL_Driver/Src/stm32f4xx_hal_rcc.c.obj
                0x08004004                HAL_RCC_OscConfig
 .text.HAL_RCC_GetSysClockFreq
                0x080043fc       0xa4 CMakeFiles/EC_C_Board.elf.dir/Drivers/STM32F4xx_HAL_Driver/Src/stm32f4xx_hal_rcc.c.obj
                0x080043fc                HAL_RCC_GetSysClockFreq
 .text.HAL_RCC_ClockConfig
                0x080044a0      0x160 CMakeFiles/EC_C_Board.elf.dir/Drivers/STM32F4xx_HAL_Driver/Src/stm32f4xx_hal_rcc.c.obj
                0x080044a0                HAL_RCC_ClockConfig
 .text.HAL_RCC_GetHCLKFreq
                0x08004600        0xc CMakeFiles/EC_C_Board.elf.dir/Drivers/STM32F4xx_HAL_Driver/Src/stm32f4xx_hal_rcc.c.obj
                0x08004600                HAL_RCC_GetHCLKFreq
 .text.HAL_RCC_GetPCLK1Freq
                0x0800460c       0x20 CMakeFiles/EC_C_Board.elf.dir/Drivers/STM32F4xx_HAL_Driver/Src/stm32f4xx_hal_rcc.c.obj
                0x0800460c                HAL_RCC_GetPCLK1Freq
 .text.HAL_RCC_GetPCLK2Freq
                0x0800462c       0x20 CMakeFiles/EC_C_Board.elf.dir/Drivers/STM32F4xx_HAL_Driver/Src/stm32f4xx_hal_rcc.c.obj
                0x0800462c                HAL_RCC_GetPCLK2Freq
 .text.HAL_RCC_GetClockConfig
                0x0800464c       0x3c CMakeFiles/EC_C_Board.elf.dir/Drivers/STM32F4xx_HAL_Driver/Src/stm32f4xx_hal_rcc.c.obj
                0x0800464c                HAL_RCC_GetClockConfig
 .text.SPI_WaitFlagStateUntilTimeout
                0x08004688       0xd4 CMakeFiles/EC_C_Board.elf.dir/Drivers/STM32F4xx_HAL_Driver/Src/stm32f4xx_hal_spi.c.obj
 .text.SPI_EndRxTxTransaction
                0x0800475c       0x68 CMakeFiles/EC_C_Board.elf.dir/Drivers/STM32F4xx_HAL_Driver/Src/stm32f4xx_hal_spi.c.obj
 .text.HAL_SPI_Init
                0x080047c4       0xbe CMakeFiles/EC_C_Board.elf.dir/Drivers/STM32F4xx_HAL_Driver/Src/stm32f4xx_hal_spi.c.obj
                0x080047c4                HAL_SPI_Init
 .text.HAL_SPI_TransmitReceive
                0x08004882      0x238 CMakeFiles/EC_C_Board.elf.dir/Drivers/STM32F4xx_HAL_Driver/Src/stm32f4xx_hal_spi.c.obj
                0x08004882                HAL_SPI_TransmitReceive
 *fill*         0x08004aba        0x2 
 .text.TIM_OC1_SetConfig
                0x08004abc       0x68 CMakeFiles/EC_C_Board.elf.dir/Drivers/STM32F4xx_HAL_Driver/Src/stm32f4xx_hal_tim.c.obj
 .text.TIM_OC3_SetConfig
                0x08004b24       0x70 CMakeFiles/EC_C_Board.elf.dir/Drivers/STM32F4xx_HAL_Driver/Src/stm32f4xx_hal_tim.c.obj
 .text.TIM_OC4_SetConfig
                0x08004b94       0x50 CMakeFiles/EC_C_Board.elf.dir/Drivers/STM32F4xx_HAL_Driver/Src/stm32f4xx_hal_tim.c.obj
 .text.HAL_TIM_Base_Start_IT
                0x08004be4       0x88 CMakeFiles/EC_C_Board.elf.dir/Drivers/STM32F4xx_HAL_Driver/Src/stm32f4xx_hal_tim.c.obj
                0x08004be4                HAL_TIM_Base_Start_IT
 .text.HAL_TIM_OC_DelayElapsedCallback
                0x08004c6c        0x2 CMakeFiles/EC_C_Board.elf.dir/Drivers/STM32F4xx_HAL_Driver/Src/stm32f4xx_hal_tim.c.obj
                0x08004c6c                HAL_TIM_OC_DelayElapsedCallback
 .text.HAL_TIM_IC_CaptureCallback
                0x08004c6e        0x2 CMakeFiles/EC_C_Board.elf.dir/Drivers/STM32F4xx_HAL_Driver/Src/stm32f4xx_hal_tim.c.obj
                0x08004c6e                HAL_TIM_IC_CaptureCallback
 .text.HAL_TIM_PWM_PulseFinishedCallback
                0x08004c70        0x2 CMakeFiles/EC_C_Board.elf.dir/Drivers/STM32F4xx_HAL_Driver/Src/stm32f4xx_hal_tim.c.obj
                0x08004c70                HAL_TIM_PWM_PulseFinishedCallback
 .text.HAL_TIM_TriggerCallback
                0x08004c72        0x2 CMakeFiles/EC_C_Board.elf.dir/Drivers/STM32F4xx_HAL_Driver/Src/stm32f4xx_hal_tim.c.obj
                0x08004c72                HAL_TIM_TriggerCallback
 .text.HAL_TIM_IRQHandler
                0x08004c74      0x17a CMakeFiles/EC_C_Board.elf.dir/Drivers/STM32F4xx_HAL_Driver/Src/stm32f4xx_hal_tim.c.obj
                0x08004c74                HAL_TIM_IRQHandler
 *fill*         0x08004dee        0x2 
 .text.TIM_Base_SetConfig
                0x08004df0       0xc8 CMakeFiles/EC_C_Board.elf.dir/Drivers/STM32F4xx_HAL_Driver/Src/stm32f4xx_hal_tim.c.obj
                0x08004df0                TIM_Base_SetConfig
 .text.HAL_TIM_Base_Init
                0x08004eb8       0x58 CMakeFiles/EC_C_Board.elf.dir/Drivers/STM32F4xx_HAL_Driver/Src/stm32f4xx_hal_tim.c.obj
                0x08004eb8                HAL_TIM_Base_Init
 .text.HAL_TIM_PWM_Init
                0x08004f10       0x58 CMakeFiles/EC_C_Board.elf.dir/Drivers/STM32F4xx_HAL_Driver/Src/stm32f4xx_hal_tim.c.obj
                0x08004f10                HAL_TIM_PWM_Init
 .text.TIM_OC2_SetConfig
                0x08004f68       0x70 CMakeFiles/EC_C_Board.elf.dir/Drivers/STM32F4xx_HAL_Driver/Src/stm32f4xx_hal_tim.c.obj
                0x08004f68                TIM_OC2_SetConfig
 .text.HAL_TIM_PWM_ConfigChannel
                0x08004fd8       0xdc CMakeFiles/EC_C_Board.elf.dir/Drivers/STM32F4xx_HAL_Driver/Src/stm32f4xx_hal_tim.c.obj
                0x08004fd8                HAL_TIM_PWM_ConfigChannel
 .text.TIM_CCxChannelCmd
                0x080050b4       0x1e CMakeFiles/EC_C_Board.elf.dir/Drivers/STM32F4xx_HAL_Driver/Src/stm32f4xx_hal_tim.c.obj
                0x080050b4                TIM_CCxChannelCmd
 *fill*         0x080050d2        0x2 
 .text.HAL_TIM_PWM_Start
                0x080050d4      0x104 CMakeFiles/EC_C_Board.elf.dir/Drivers/STM32F4xx_HAL_Driver/Src/stm32f4xx_hal_tim.c.obj
                0x080050d4                HAL_TIM_PWM_Start
 .text.HAL_TIMEx_MasterConfigSynchronization
                0x080051d8       0x8c CMakeFiles/EC_C_Board.elf.dir/Drivers/STM32F4xx_HAL_Driver/Src/stm32f4xx_hal_tim_ex.c.obj
                0x080051d8                HAL_TIMEx_MasterConfigSynchronization
 .text.HAL_TIMEx_ConfigBreakDeadTime
                0x08005264       0x52 CMakeFiles/EC_C_Board.elf.dir/Drivers/STM32F4xx_HAL_Driver/Src/stm32f4xx_hal_tim_ex.c.obj
                0x08005264                HAL_TIMEx_ConfigBreakDeadTime
 .text.HAL_TIMEx_CommutCallback
                0x080052b6        0x2 CMakeFiles/EC_C_Board.elf.dir/Drivers/STM32F4xx_HAL_Driver/Src/stm32f4xx_hal_tim_ex.c.obj
                0x080052b6                HAL_TIMEx_CommutCallback
 .text.HAL_TIMEx_BreakCallback
                0x080052b8        0x2 CMakeFiles/EC_C_Board.elf.dir/Drivers/STM32F4xx_HAL_Driver/Src/stm32f4xx_hal_tim_ex.c.obj
                0x080052b8                HAL_TIMEx_BreakCallback
 .text.UART_EndTxTransfer
                0x080052ba       0x20 CMakeFiles/EC_C_Board.elf.dir/Drivers/STM32F4xx_HAL_Driver/Src/stm32f4xx_hal_uart.c.obj
 .text.UART_EndRxTransfer
                0x080052da       0x5c CMakeFiles/EC_C_Board.elf.dir/Drivers/STM32F4xx_HAL_Driver/Src/stm32f4xx_hal_uart.c.obj
 .text.UART_Transmit_IT
                0x08005336       0x60 CMakeFiles/EC_C_Board.elf.dir/Drivers/STM32F4xx_HAL_Driver/Src/stm32f4xx_hal_uart.c.obj
 *fill*         0x08005396        0x2 
 .text.UART_SetConfig
                0x08005398      0x110 CMakeFiles/EC_C_Board.elf.dir/Drivers/STM32F4xx_HAL_Driver/Src/stm32f4xx_hal_uart.c.obj
 .text.HAL_UART_Init
                0x080054a8       0x5e CMakeFiles/EC_C_Board.elf.dir/Drivers/STM32F4xx_HAL_Driver/Src/stm32f4xx_hal_uart.c.obj
                0x080054a8                HAL_UART_Init
 .text.HAL_UART_TxCpltCallback
                0x08005506        0x2 CMakeFiles/EC_C_Board.elf.dir/Drivers/STM32F4xx_HAL_Driver/Src/stm32f4xx_hal_uart.c.obj
                0x08005506                HAL_UART_TxCpltCallback
 .text.UART_EndTransmit_IT
                0x08005508       0x1a CMakeFiles/EC_C_Board.elf.dir/Drivers/STM32F4xx_HAL_Driver/Src/stm32f4xx_hal_uart.c.obj
 .text.HAL_UART_RxCpltCallback
                0x08005522        0x2 CMakeFiles/EC_C_Board.elf.dir/Drivers/STM32F4xx_HAL_Driver/Src/stm32f4xx_hal_uart.c.obj
                0x08005522                HAL_UART_RxCpltCallback
 .text.HAL_UART_RxHalfCpltCallback
                0x08005524        0x2 CMakeFiles/EC_C_Board.elf.dir/Drivers/STM32F4xx_HAL_Driver/Src/stm32f4xx_hal_uart.c.obj
                0x08005524                HAL_UART_RxHalfCpltCallback
 .text.HAL_UART_ErrorCallback
                0x08005526        0x2 CMakeFiles/EC_C_Board.elf.dir/Drivers/STM32F4xx_HAL_Driver/Src/stm32f4xx_hal_uart.c.obj
                0x08005526                HAL_UART_ErrorCallback
 .text.UART_DMAError
                0x08005528       0x58 CMakeFiles/EC_C_Board.elf.dir/Drivers/STM32F4xx_HAL_Driver/Src/stm32f4xx_hal_uart.c.obj
 .text.UART_DMAAbortOnError
                0x08005580       0x10 CMakeFiles/EC_C_Board.elf.dir/Drivers/STM32F4xx_HAL_Driver/Src/stm32f4xx_hal_uart.c.obj
 .text.UART_Receive_IT
                0x08005590       0xe2 CMakeFiles/EC_C_Board.elf.dir/Drivers/STM32F4xx_HAL_Driver/Src/stm32f4xx_hal_uart.c.obj
 *fill*         0x08005672        0x2 
 .text.HAL_UART_IRQHandler
                0x08005674      0x280 CMakeFiles/EC_C_Board.elf.dir/Drivers/STM32F4xx_HAL_Driver/Src/stm32f4xx_hal_uart.c.obj
                0x08005674                HAL_UART_IRQHandler
 .text.UART_DMARxHalfCplt
                0x080058f4       0x1a CMakeFiles/EC_C_Board.elf.dir/Drivers/STM32F4xx_HAL_Driver/Src/stm32f4xx_hal_uart.c.obj
 .text.UART_DMAReceiveCplt
                0x0800590e       0x96 CMakeFiles/EC_C_Board.elf.dir/Drivers/STM32F4xx_HAL_Driver/Src/stm32f4xx_hal_uart.c.obj
 .text.UART_Start_Receive_DMA
                0x080059a4       0xa8 CMakeFiles/EC_C_Board.elf.dir/Drivers/STM32F4xx_HAL_Driver/Src/stm32f4xx_hal_uart.c.obj
                0x080059a4                UART_Start_Receive_DMA
 .text.HAL_UARTEx_ReceiveToIdle_DMA
                0x08005a4c       0x70 CMakeFiles/EC_C_Board.elf.dir/Drivers/STM32F4xx_HAL_Driver/Src/stm32f4xx_hal_uart.c.obj
                0x08005a4c                HAL_UARTEx_ReceiveToIdle_DMA
 .text.USB_CoreReset
                0x08005abc       0x50 CMakeFiles/EC_C_Board.elf.dir/Drivers/STM32F4xx_HAL_Driver/Src/stm32f4xx_ll_usb.c.obj
 .text.USB_CoreInit
                0x08005b0c       0x8a CMakeFiles/EC_C_Board.elf.dir/Drivers/STM32F4xx_HAL_Driver/Src/stm32f4xx_ll_usb.c.obj
                0x08005b0c                USB_CoreInit
 *fill*         0x08005b96        0x2 
 .text.USB_SetTurnaroundTime
                0x08005b98       0xe4 CMakeFiles/EC_C_Board.elf.dir/Drivers/STM32F4xx_HAL_Driver/Src/stm32f4xx_ll_usb.c.obj
                0x08005b98                USB_SetTurnaroundTime
 .text.USB_EnableGlobalInt
                0x08005c7c        0xc CMakeFiles/EC_C_Board.elf.dir/Drivers/STM32F4xx_HAL_Driver/Src/stm32f4xx_ll_usb.c.obj
                0x08005c7c                USB_EnableGlobalInt
 .text.USB_DisableGlobalInt
                0x08005c88        0xc CMakeFiles/EC_C_Board.elf.dir/Drivers/STM32F4xx_HAL_Driver/Src/stm32f4xx_ll_usb.c.obj
                0x08005c88                USB_DisableGlobalInt
 .text.USB_FlushTxFifo
                0x08005c94       0x50 CMakeFiles/EC_C_Board.elf.dir/Drivers/STM32F4xx_HAL_Driver/Src/stm32f4xx_ll_usb.c.obj
                0x08005c94                USB_FlushTxFifo
 .text.USB_FlushRxFifo
                0x08005ce4       0x4c CMakeFiles/EC_C_Board.elf.dir/Drivers/STM32F4xx_HAL_Driver/Src/stm32f4xx_ll_usb.c.obj
                0x08005ce4                USB_FlushRxFifo
 .text.USB_SetDevSpeed
                0x08005d30        0xe CMakeFiles/EC_C_Board.elf.dir/Drivers/STM32F4xx_HAL_Driver/Src/stm32f4xx_ll_usb.c.obj
                0x08005d30                USB_SetDevSpeed
 *fill*         0x08005d3e        0x2 
 .text.USB_DevInit
                0x08005d40      0x190 CMakeFiles/EC_C_Board.elf.dir/Drivers/STM32F4xx_HAL_Driver/Src/stm32f4xx_ll_usb.c.obj
                0x08005d40                USB_DevInit
 .text.USB_GetDevSpeed
                0x08005ed0       0x22 CMakeFiles/EC_C_Board.elf.dir/Drivers/STM32F4xx_HAL_Driver/Src/stm32f4xx_ll_usb.c.obj
                0x08005ed0                USB_GetDevSpeed
 .text.USB_ActivateEndpoint
                0x08005ef2       0x9c CMakeFiles/EC_C_Board.elf.dir/Drivers/STM32F4xx_HAL_Driver/Src/stm32f4xx_ll_usb.c.obj
                0x08005ef2                USB_ActivateEndpoint
 *fill*         0x08005f8e        0x2 
 .text.USB_DeactivateEndpoint
                0x08005f90       0xe0 CMakeFiles/EC_C_Board.elf.dir/Drivers/STM32F4xx_HAL_Driver/Src/stm32f4xx_ll_usb.c.obj
                0x08005f90                USB_DeactivateEndpoint
 .text.USB_EP0StartXfer
                0x08006070      0x124 CMakeFiles/EC_C_Board.elf.dir/Drivers/STM32F4xx_HAL_Driver/Src/stm32f4xx_ll_usb.c.obj
                0x08006070                USB_EP0StartXfer
 .text.USB_EPStopXfer
                0x08006194       0xbe CMakeFiles/EC_C_Board.elf.dir/Drivers/STM32F4xx_HAL_Driver/Src/stm32f4xx_ll_usb.c.obj
                0x08006194                USB_EPStopXfer
 .text.USB_WritePacket
                0x08006252       0x2e CMakeFiles/EC_C_Board.elf.dir/Drivers/STM32F4xx_HAL_Driver/Src/stm32f4xx_ll_usb.c.obj
                0x08006252                USB_WritePacket
 .text.USB_EPStartXfer
                0x08006280      0x234 CMakeFiles/EC_C_Board.elf.dir/Drivers/STM32F4xx_HAL_Driver/Src/stm32f4xx_ll_usb.c.obj
                0x08006280                USB_EPStartXfer
 .text.USB_ReadPacket
                0x080064b4       0x54 CMakeFiles/EC_C_Board.elf.dir/Drivers/STM32F4xx_HAL_Driver/Src/stm32f4xx_ll_usb.c.obj
                0x080064b4                USB_ReadPacket
 .text.USB_EPSetStall
                0x08006508       0x5a CMakeFiles/EC_C_Board.elf.dir/Drivers/STM32F4xx_HAL_Driver/Src/stm32f4xx_ll_usb.c.obj
                0x08006508                USB_EPSetStall
 .text.USB_EPClearStall
                0x08006562       0x5c CMakeFiles/EC_C_Board.elf.dir/Drivers/STM32F4xx_HAL_Driver/Src/stm32f4xx_ll_usb.c.obj
                0x08006562                USB_EPClearStall
 .text.USB_SetDevAddress
                0x080065be       0x20 CMakeFiles/EC_C_Board.elf.dir/Drivers/STM32F4xx_HAL_Driver/Src/stm32f4xx_ll_usb.c.obj
                0x080065be                USB_SetDevAddress
 .text.USB_DevConnect
                0x080065de       0x1c CMakeFiles/EC_C_Board.elf.dir/Drivers/STM32F4xx_HAL_Driver/Src/stm32f4xx_ll_usb.c.obj
                0x080065de                USB_DevConnect
 .text.USB_DevDisconnect
                0x080065fa       0x1c CMakeFiles/EC_C_Board.elf.dir/Drivers/STM32F4xx_HAL_Driver/Src/stm32f4xx_ll_usb.c.obj
                0x080065fa                USB_DevDisconnect
 .text.USB_ReadInterrupts
                0x08006616        0x8 CMakeFiles/EC_C_Board.elf.dir/Drivers/STM32F4xx_HAL_Driver/Src/stm32f4xx_ll_usb.c.obj
                0x08006616                USB_ReadInterrupts
 .text.USB_ReadDevAllOutEpInterrupt
                0x0800661e       0x10 CMakeFiles/EC_C_Board.elf.dir/Drivers/STM32F4xx_HAL_Driver/Src/stm32f4xx_ll_usb.c.obj
                0x0800661e                USB_ReadDevAllOutEpInterrupt
 .text.USB_ReadDevAllInEpInterrupt
                0x0800662e       0x10 CMakeFiles/EC_C_Board.elf.dir/Drivers/STM32F4xx_HAL_Driver/Src/stm32f4xx_ll_usb.c.obj
                0x0800662e                USB_ReadDevAllInEpInterrupt
 .text.USB_ReadDevOutEPInterrupt
                0x0800663e       0x12 CMakeFiles/EC_C_Board.elf.dir/Drivers/STM32F4xx_HAL_Driver/Src/stm32f4xx_ll_usb.c.obj
                0x0800663e                USB_ReadDevOutEPInterrupt
 .text.USB_ReadDevInEPInterrupt
                0x08006650       0x28 CMakeFiles/EC_C_Board.elf.dir/Drivers/STM32F4xx_HAL_Driver/Src/stm32f4xx_ll_usb.c.obj
                0x08006650                USB_ReadDevInEPInterrupt
 .text.USB_GetMode
                0x08006678        0x8 CMakeFiles/EC_C_Board.elf.dir/Drivers/STM32F4xx_HAL_Driver/Src/stm32f4xx_ll_usb.c.obj
                0x08006678                USB_GetMode
 .text.USB_SetCurrentMode
                0x08006680       0x62 CMakeFiles/EC_C_Board.elf.dir/Drivers/STM32F4xx_HAL_Driver/Src/stm32f4xx_ll_usb.c.obj
                0x08006680                USB_SetCurrentMode
 .text.USB_ActivateSetup
                0x080066e2       0x20 CMakeFiles/EC_C_Board.elf.dir/Drivers/STM32F4xx_HAL_Driver/Src/stm32f4xx_ll_usb.c.obj
                0x080066e2                USB_ActivateSetup
 *fill*         0x08006702        0x2 
 .text.USB_EP0_OutStart
                0x08006704       0x60 CMakeFiles/EC_C_Board.elf.dir/Drivers/STM32F4xx_HAL_Driver/Src/stm32f4xx_ll_usb.c.obj
                0x08006704                USB_EP0_OutStart
 .text.USBD_CDC_EP0_RxReady
                0x08006764       0x40 CMakeFiles/EC_C_Board.elf.dir/Middlewares/ST/STM32_USB_Device_Library/Class/CDC/Src/usbd_cdc.c.obj
 .text.USBD_CDC_GetDeviceQualifierDescriptor
                0x080067a4        0xc CMakeFiles/EC_C_Board.elf.dir/Middlewares/ST/STM32_USB_Device_Library/Class/CDC/Src/usbd_cdc.c.obj
                0x080067a4                USBD_CDC_GetDeviceQualifierDescriptor
 .text.USBD_CDC_GetOtherSpeedCfgDesc
                0x080067b0       0x48 CMakeFiles/EC_C_Board.elf.dir/Middlewares/ST/STM32_USB_Device_Library/Class/CDC/Src/usbd_cdc.c.obj
 .text.USBD_CDC_GetFSCfgDesc
                0x080067f8       0x48 CMakeFiles/EC_C_Board.elf.dir/Middlewares/ST/STM32_USB_Device_Library/Class/CDC/Src/usbd_cdc.c.obj
 .text.USBD_CDC_GetHSCfgDesc
                0x08006840       0x48 CMakeFiles/EC_C_Board.elf.dir/Middlewares/ST/STM32_USB_Device_Library/Class/CDC/Src/usbd_cdc.c.obj
 .text.USBD_CDC_DataOut
                0x08006888       0x38 CMakeFiles/EC_C_Board.elf.dir/Middlewares/ST/STM32_USB_Device_Library/Class/CDC/Src/usbd_cdc.c.obj
 .text.USBD_CDC_DataIn
                0x080068c0       0x7c CMakeFiles/EC_C_Board.elf.dir/Middlewares/ST/STM32_USB_Device_Library/Class/CDC/Src/usbd_cdc.c.obj
 .text.USBD_CDC_Setup
                0x0800693c      0x11a CMakeFiles/EC_C_Board.elf.dir/Middlewares/ST/STM32_USB_Device_Library/Class/CDC/Src/usbd_cdc.c.obj
 .text.USBD_CDC_DeInit
                0x08006a56       0x64 CMakeFiles/EC_C_Board.elf.dir/Middlewares/ST/STM32_USB_Device_Library/Class/CDC/Src/usbd_cdc.c.obj
 .text.USBD_CDC_Init
                0x08006aba       0xee CMakeFiles/EC_C_Board.elf.dir/Middlewares/ST/STM32_USB_Device_Library/Class/CDC/Src/usbd_cdc.c.obj
 .text.USBD_CDC_RegisterInterface
                0x08006ba8       0x16 CMakeFiles/EC_C_Board.elf.dir/Middlewares/ST/STM32_USB_Device_Library/Class/CDC/Src/usbd_cdc.c.obj
                0x08006ba8                USBD_CDC_RegisterInterface
 .text.USBD_CDC_SetTxBuffer
                0x08006bbe       0x1c CMakeFiles/EC_C_Board.elf.dir/Middlewares/ST/STM32_USB_Device_Library/Class/CDC/Src/usbd_cdc.c.obj
                0x08006bbe                USBD_CDC_SetTxBuffer
 .text.USBD_CDC_SetRxBuffer
                0x08006bda       0x18 CMakeFiles/EC_C_Board.elf.dir/Middlewares/ST/STM32_USB_Device_Library/Class/CDC/Src/usbd_cdc.c.obj
                0x08006bda                USBD_CDC_SetRxBuffer
 .text.USBD_CDC_ReceivePacket
                0x08006bf2       0x38 CMakeFiles/EC_C_Board.elf.dir/Middlewares/ST/STM32_USB_Device_Library/Class/CDC/Src/usbd_cdc.c.obj
                0x08006bf2                USBD_CDC_ReceivePacket
 .text.USBD_Init
                0x08006c2a       0x2e CMakeFiles/EC_C_Board.elf.dir/Middlewares/ST/STM32_USB_Device_Library/Core/Src/usbd_core.c.obj
                0x08006c2a                USBD_Init
 .text.USBD_RegisterClass
                0x08006c58       0x34 CMakeFiles/EC_C_Board.elf.dir/Middlewares/ST/STM32_USB_Device_Library/Core/Src/usbd_core.c.obj
                0x08006c58                USBD_RegisterClass
 .text.USBD_Start
                0x08006c8c        0x8 CMakeFiles/EC_C_Board.elf.dir/Middlewares/ST/STM32_USB_Device_Library/Core/Src/usbd_core.c.obj
                0x08006c8c                USBD_Start
 .text.USBD_SetClassConfig
                0x08006c94       0x12 CMakeFiles/EC_C_Board.elf.dir/Middlewares/ST/STM32_USB_Device_Library/Core/Src/usbd_core.c.obj
                0x08006c94                USBD_SetClassConfig
 .text.USBD_ClrClassConfig
                0x08006ca6       0x12 CMakeFiles/EC_C_Board.elf.dir/Middlewares/ST/STM32_USB_Device_Library/Core/Src/usbd_core.c.obj
                0x08006ca6                USBD_ClrClassConfig
 .text.USBD_LL_SetupStage
                0x08006cb8       0x58 CMakeFiles/EC_C_Board.elf.dir/Middlewares/ST/STM32_USB_Device_Library/Core/Src/usbd_core.c.obj
                0x08006cb8                USBD_LL_SetupStage
 .text.USBD_LL_Reset
                0x08006d10       0x64 CMakeFiles/EC_C_Board.elf.dir/Middlewares/ST/STM32_USB_Device_Library/Core/Src/usbd_core.c.obj
                0x08006d10                USBD_LL_Reset
 .text.USBD_LL_SetSpeed
                0x08006d74        0x6 CMakeFiles/EC_C_Board.elf.dir/Middlewares/ST/STM32_USB_Device_Library/Core/Src/usbd_core.c.obj
                0x08006d74                USBD_LL_SetSpeed
 .text.USBD_LL_Suspend
                0x08006d7a       0x14 CMakeFiles/EC_C_Board.elf.dir/Middlewares/ST/STM32_USB_Device_Library/Core/Src/usbd_core.c.obj
                0x08006d7a                USBD_LL_Suspend
 .text.USBD_LL_Resume
                0x08006d8e       0x1a CMakeFiles/EC_C_Board.elf.dir/Middlewares/ST/STM32_USB_Device_Library/Core/Src/usbd_core.c.obj
                0x08006d8e                USBD_LL_Resume
 .text.USBD_LL_SOF
                0x08006da8       0x22 CMakeFiles/EC_C_Board.elf.dir/Middlewares/ST/STM32_USB_Device_Library/Core/Src/usbd_core.c.obj
                0x08006da8                USBD_LL_SOF
 .text.USBD_LL_IsoINIncomplete
                0x08006dca       0x2e CMakeFiles/EC_C_Board.elf.dir/Middlewares/ST/STM32_USB_Device_Library/Core/Src/usbd_core.c.obj
                0x08006dca                USBD_LL_IsoINIncomplete
 .text.USBD_LL_IsoOUTIncomplete
                0x08006df8       0x2e CMakeFiles/EC_C_Board.elf.dir/Middlewares/ST/STM32_USB_Device_Library/Core/Src/usbd_core.c.obj
                0x08006df8                USBD_LL_IsoOUTIncomplete
 .text.USBD_LL_DevConnected
                0x08006e26        0x4 CMakeFiles/EC_C_Board.elf.dir/Middlewares/ST/STM32_USB_Device_Library/Core/Src/usbd_core.c.obj
                0x08006e26                USBD_LL_DevConnected
 .text.USBD_LL_DevDisconnected
                0x08006e2a       0x20 CMakeFiles/EC_C_Board.elf.dir/Middlewares/ST/STM32_USB_Device_Library/Core/Src/usbd_core.c.obj
                0x08006e2a                USBD_LL_DevDisconnected
 .text.USBD_CoreFindIF
                0x08006e4a        0x4 CMakeFiles/EC_C_Board.elf.dir/Middlewares/ST/STM32_USB_Device_Library/Core/Src/usbd_core.c.obj
                0x08006e4a                USBD_CoreFindIF
 .text.USBD_CoreFindEP
                0x08006e4e        0x4 CMakeFiles/EC_C_Board.elf.dir/Middlewares/ST/STM32_USB_Device_Library/Core/Src/usbd_core.c.obj
                0x08006e4e                USBD_CoreFindEP
 .text.USBD_LL_DataOutStage
                0x08006e52       0xc6 CMakeFiles/EC_C_Board.elf.dir/Middlewares/ST/STM32_USB_Device_Library/Core/Src/usbd_core.c.obj
                0x08006e52                USBD_LL_DataOutStage
 .text.USBD_LL_DataInStage
                0x08006f18       0xd6 CMakeFiles/EC_C_Board.elf.dir/Middlewares/ST/STM32_USB_Device_Library/Core/Src/usbd_core.c.obj
                0x08006f18                USBD_LL_DataInStage
 .text.USBD_GetNextDesc
                0x08006fee        0xe CMakeFiles/EC_C_Board.elf.dir/Middlewares/ST/STM32_USB_Device_Library/Core/Src/usbd_core.c.obj
                0x08006fee                USBD_GetNextDesc
 .text.USBD_GetEpDesc
                0x08006ffc       0x3e CMakeFiles/EC_C_Board.elf.dir/Middlewares/ST/STM32_USB_Device_Library/Core/Src/usbd_core.c.obj
                0x08006ffc                USBD_GetEpDesc
 .text.USBD_GetLen
                0x0800703a       0x14 CMakeFiles/EC_C_Board.elf.dir/Middlewares/ST/STM32_USB_Device_Library/Core/Src/usbd_ctlreq.c.obj
 .text.USBD_ParseSetupRequest
                0x0800704e       0x28 CMakeFiles/EC_C_Board.elf.dir/Middlewares/ST/STM32_USB_Device_Library/Core/Src/usbd_ctlreq.c.obj
                0x0800704e                USBD_ParseSetupRequest
 .text.USBD_CtlError
                0x08007076       0x14 CMakeFiles/EC_C_Board.elf.dir/Middlewares/ST/STM32_USB_Device_Library/Core/Src/usbd_ctlreq.c.obj
                0x08007076                USBD_CtlError
 .text.USBD_GetDescriptor
                0x0800708a      0x18a CMakeFiles/EC_C_Board.elf.dir/Middlewares/ST/STM32_USB_Device_Library/Core/Src/usbd_ctlreq.c.obj
 .text.USBD_SetAddress
                0x08007214       0x50 CMakeFiles/EC_C_Board.elf.dir/Middlewares/ST/STM32_USB_Device_Library/Core/Src/usbd_ctlreq.c.obj
 .text.USBD_SetConfig
                0x08007264       0xcc CMakeFiles/EC_C_Board.elf.dir/Middlewares/ST/STM32_USB_Device_Library/Core/Src/usbd_ctlreq.c.obj
 .text.USBD_GetConfig
                0x08007330       0x40 CMakeFiles/EC_C_Board.elf.dir/Middlewares/ST/STM32_USB_Device_Library/Core/Src/usbd_ctlreq.c.obj
 .text.USBD_GetStatus
                0x08007370       0x38 CMakeFiles/EC_C_Board.elf.dir/Middlewares/ST/STM32_USB_Device_Library/Core/Src/usbd_ctlreq.c.obj
 .text.USBD_SetFeature
                0x080073a8       0x2a CMakeFiles/EC_C_Board.elf.dir/Middlewares/ST/STM32_USB_Device_Library/Core/Src/usbd_ctlreq.c.obj
 .text.USBD_ClrFeature
                0x080073d2       0x26 CMakeFiles/EC_C_Board.elf.dir/Middlewares/ST/STM32_USB_Device_Library/Core/Src/usbd_ctlreq.c.obj
 .text.USBD_StdDevReq
                0x080073f8       0x76 CMakeFiles/EC_C_Board.elf.dir/Middlewares/ST/STM32_USB_Device_Library/Core/Src/usbd_ctlreq.c.obj
                0x080073f8                USBD_StdDevReq
 .text.USBD_StdItfReq
                0x0800746e       0x84 CMakeFiles/EC_C_Board.elf.dir/Middlewares/ST/STM32_USB_Device_Library/Core/Src/usbd_ctlreq.c.obj
                0x0800746e                USBD_StdItfReq
 .text.USBD_StdEPReq
                0x080074f2      0x230 CMakeFiles/EC_C_Board.elf.dir/Middlewares/ST/STM32_USB_Device_Library/Core/Src/usbd_ctlreq.c.obj
                0x080074f2                USBD_StdEPReq
 .text.USBD_GetString
                0x08007722       0x3a CMakeFiles/EC_C_Board.elf.dir/Middlewares/ST/STM32_USB_Device_Library/Core/Src/usbd_ctlreq.c.obj
                0x08007722                USBD_GetString
 .text.USBD_CtlSendData
                0x0800775c       0x1a CMakeFiles/EC_C_Board.elf.dir/Middlewares/ST/STM32_USB_Device_Library/Core/Src/usbd_ioreq.c.obj
                0x0800775c                USBD_CtlSendData
 .text.USBD_CtlContinueSendData
                0x08007776       0x10 CMakeFiles/EC_C_Board.elf.dir/Middlewares/ST/STM32_USB_Device_Library/Core/Src/usbd_ioreq.c.obj
                0x08007776                USBD_CtlContinueSendData
 .text.USBD_CtlPrepareRx
                0x08007786       0x1e CMakeFiles/EC_C_Board.elf.dir/Middlewares/ST/STM32_USB_Device_Library/Core/Src/usbd_ioreq.c.obj
                0x08007786                USBD_CtlPrepareRx
 .text.USBD_CtlContinueRx
                0x080077a4       0x10 CMakeFiles/EC_C_Board.elf.dir/Middlewares/ST/STM32_USB_Device_Library/Core/Src/usbd_ioreq.c.obj
                0x080077a4                USBD_CtlContinueRx
 .text.USBD_CtlSendStatus
                0x080077b4       0x16 CMakeFiles/EC_C_Board.elf.dir/Middlewares/ST/STM32_USB_Device_Library/Core/Src/usbd_ioreq.c.obj
                0x080077b4                USBD_CtlSendStatus
 .text.USBD_CtlReceiveStatus
                0x080077ca       0x16 CMakeFiles/EC_C_Board.elf.dir/Middlewares/ST/STM32_USB_Device_Library/Core/Src/usbd_ioreq.c.obj
                0x080077ca                USBD_CtlReceiveStatus
 .text.makeFreeRtosPriority
                0x080077e0        0xc CMakeFiles/EC_C_Board.elf.dir/Middlewares/Third_Party/FreeRTOS/Source/CMSIS_RTOS/cmsis_os.c.obj
 .text.osKernelStart
                0x080077ec        0xa CMakeFiles/EC_C_Board.elf.dir/Middlewares/Third_Party/FreeRTOS/Source/CMSIS_RTOS/cmsis_os.c.obj
                0x080077ec                osKernelStart
 .text.osThreadCreate
                0x080077f6       0x6a CMakeFiles/EC_C_Board.elf.dir/Middlewares/Third_Party/FreeRTOS/Source/CMSIS_RTOS/cmsis_os.c.obj
                0x080077f6                osThreadCreate
 .text.osDelay  0x08007860        0xe CMakeFiles/EC_C_Board.elf.dir/Middlewares/Third_Party/FreeRTOS/Source/CMSIS_RTOS/cmsis_os.c.obj
                0x08007860                osDelay
 .text.vListInitialise
                0x0800786e       0x16 CMakeFiles/EC_C_Board.elf.dir/Middlewares/Third_Party/FreeRTOS/Source/list.c.obj
                0x0800786e                vListInitialise
 .text.vListInitialiseItem
                0x08007884        0x6 CMakeFiles/EC_C_Board.elf.dir/Middlewares/Third_Party/FreeRTOS/Source/list.c.obj
                0x08007884                vListInitialiseItem
 .text.vListInsertEnd
                0x0800788a       0x16 CMakeFiles/EC_C_Board.elf.dir/Middlewares/Third_Party/FreeRTOS/Source/list.c.obj
                0x0800788a                vListInsertEnd
 .text.vListInsert
                0x080078a0       0x32 CMakeFiles/EC_C_Board.elf.dir/Middlewares/Third_Party/FreeRTOS/Source/list.c.obj
                0x080078a0                vListInsert
 .text.uxListRemove
                0x080078d2       0x26 CMakeFiles/EC_C_Board.elf.dir/Middlewares/Third_Party/FreeRTOS/Source/list.c.obj
                0x080078d2                uxListRemove
 .text.prvTaskExitError
                0x080078f8       0x40 CMakeFiles/EC_C_Board.elf.dir/Middlewares/Third_Party/FreeRTOS/Source/portable/GCC/ARM_CM4F/port.c.obj
 .text.prvPortStartFirstTask
                0x08007938       0x28 CMakeFiles/EC_C_Board.elf.dir/Middlewares/Third_Party/FreeRTOS/Source/portable/GCC/ARM_CM4F/port.c.obj
 .text.vPortEnableVFP
                0x08007960       0x14 CMakeFiles/EC_C_Board.elf.dir/Middlewares/Third_Party/FreeRTOS/Source/portable/GCC/ARM_CM4F/port.c.obj
 .text.pxPortInitialiseStack
                0x08007974       0x2c CMakeFiles/EC_C_Board.elf.dir/Middlewares/Third_Party/FreeRTOS/Source/portable/GCC/ARM_CM4F/port.c.obj
                0x08007974                pxPortInitialiseStack
 .text.SVC_Handler
                0x080079a0       0x24 CMakeFiles/EC_C_Board.elf.dir/Middlewares/Third_Party/FreeRTOS/Source/portable/GCC/ARM_CM4F/port.c.obj
                0x080079a0                SVC_Handler
 .text.vPortEnterCritical
                0x080079c4       0x44 CMakeFiles/EC_C_Board.elf.dir/Middlewares/Third_Party/FreeRTOS/Source/portable/GCC/ARM_CM4F/port.c.obj
                0x080079c4                vPortEnterCritical
 .text.vPortExitCritical
                0x08007a08       0x2c CMakeFiles/EC_C_Board.elf.dir/Middlewares/Third_Party/FreeRTOS/Source/portable/GCC/ARM_CM4F/port.c.obj
                0x08007a08                vPortExitCritical
 *fill*         0x08007a34        0xc 
 .text.PendSV_Handler
                0x08007a40       0x64 CMakeFiles/EC_C_Board.elf.dir/Middlewares/Third_Party/FreeRTOS/Source/portable/GCC/ARM_CM4F/port.c.obj
                0x08007a40                PendSV_Handler
 .text.SysTick_Handler
                0x08007aa4       0x2c CMakeFiles/EC_C_Board.elf.dir/Middlewares/Third_Party/FreeRTOS/Source/portable/GCC/ARM_CM4F/port.c.obj
                0x08007aa4                SysTick_Handler
 .text.vPortSetupTimerInterrupt
                0x08007ad0       0x28 CMakeFiles/EC_C_Board.elf.dir/Middlewares/Third_Party/FreeRTOS/Source/portable/GCC/ARM_CM4F/port.c.obj
                0x08007ad0                vPortSetupTimerInterrupt
 .text.xPortStartScheduler
                0x08007af8      0x118 CMakeFiles/EC_C_Board.elf.dir/Middlewares/Third_Party/FreeRTOS/Source/portable/GCC/ARM_CM4F/port.c.obj
                0x08007af8                xPortStartScheduler
 .text.prvHeapInit
                0x08007c10       0x64 CMakeFiles/EC_C_Board.elf.dir/Middlewares/Third_Party/FreeRTOS/Source/portable/MemMang/heap_4.c.obj
 .text.prvInsertBlockIntoFreeList
                0x08007c74       0x64 CMakeFiles/EC_C_Board.elf.dir/Middlewares/Third_Party/FreeRTOS/Source/portable/MemMang/heap_4.c.obj
 .text.pvPortMalloc
                0x08007cd8       0xfc CMakeFiles/EC_C_Board.elf.dir/Middlewares/Third_Party/FreeRTOS/Source/portable/MemMang/heap_4.c.obj
                0x08007cd8                pvPortMalloc
 .text.vPortFree
                0x08007dd4       0x7c CMakeFiles/EC_C_Board.elf.dir/Middlewares/Third_Party/FreeRTOS/Source/portable/MemMang/heap_4.c.obj
                0x08007dd4                vPortFree
 .text.prvResetNextTaskUnblockTime
                0x08007e50       0x2c CMakeFiles/EC_C_Board.elf.dir/Middlewares/Third_Party/FreeRTOS/Source/tasks.c.obj
 .text.prvInitialiseNewTask
                0x08007e7c       0xfe CMakeFiles/EC_C_Board.elf.dir/Middlewares/Third_Party/FreeRTOS/Source/tasks.c.obj
 *fill*         0x08007f7a        0x2 
 .text.prvInitialiseTaskLists
                0x08007f7c       0x68 CMakeFiles/EC_C_Board.elf.dir/Middlewares/Third_Party/FreeRTOS/Source/tasks.c.obj
 .text.prvAddNewTaskToReadyList
                0x08007fe4       0xa8 CMakeFiles/EC_C_Board.elf.dir/Middlewares/Third_Party/FreeRTOS/Source/tasks.c.obj
 .text.prvDeleteTCB
                0x0800808c       0x40 CMakeFiles/EC_C_Board.elf.dir/Middlewares/Third_Party/FreeRTOS/Source/tasks.c.obj
 .text.prvCheckTasksWaitingTermination
                0x080080cc       0x4c CMakeFiles/EC_C_Board.elf.dir/Middlewares/Third_Party/FreeRTOS/Source/tasks.c.obj
 .text.prvIdleTask
                0x08008118       0x28 CMakeFiles/EC_C_Board.elf.dir/Middlewares/Third_Party/FreeRTOS/Source/tasks.c.obj
 .text.prvAddCurrentTaskToDelayedList
                0x08008140       0x98 CMakeFiles/EC_C_Board.elf.dir/Middlewares/Third_Party/FreeRTOS/Source/tasks.c.obj
 .text.xTaskCreateStatic
                0x080081d8       0x7a CMakeFiles/EC_C_Board.elf.dir/Middlewares/Third_Party/FreeRTOS/Source/tasks.c.obj
                0x080081d8                xTaskCreateStatic
 .text.xTaskCreate
                0x08008252       0x6a CMakeFiles/EC_C_Board.elf.dir/Middlewares/Third_Party/FreeRTOS/Source/tasks.c.obj
                0x08008252                xTaskCreate
 .text.vTaskStartScheduler
                0x080082bc       0x84 CMakeFiles/EC_C_Board.elf.dir/Middlewares/Third_Party/FreeRTOS/Source/tasks.c.obj
                0x080082bc                vTaskStartScheduler
 .text.vTaskSuspendAll
                0x08008340       0x10 CMakeFiles/EC_C_Board.elf.dir/Middlewares/Third_Party/FreeRTOS/Source/tasks.c.obj
                0x08008340                vTaskSuspendAll
 .text.xTaskIncrementTick
                0x08008350      0x118 CMakeFiles/EC_C_Board.elf.dir/Middlewares/Third_Party/FreeRTOS/Source/tasks.c.obj
                0x08008350                xTaskIncrementTick
 .text.xTaskResumeAll
                0x08008468       0xf8 CMakeFiles/EC_C_Board.elf.dir/Middlewares/Third_Party/FreeRTOS/Source/tasks.c.obj
                0x08008468                xTaskResumeAll
 .text.vTaskDelay
                0x08008560       0x4c CMakeFiles/EC_C_Board.elf.dir/Middlewares/Third_Party/FreeRTOS/Source/tasks.c.obj
                0x08008560                vTaskDelay
 .text.vTaskSwitchContext
                0x080085ac       0xa4 CMakeFiles/EC_C_Board.elf.dir/Middlewares/Third_Party/FreeRTOS/Source/tasks.c.obj
                0x080085ac                vTaskSwitchContext
 .text.MX_USB_DEVICE_Init
                0x08008650       0x54 CMakeFiles/EC_C_Board.elf.dir/USB_DEVICE/App/usb_device.c.obj
                0x08008650                MX_USB_DEVICE_Init
 .text.CDC_DeInit_FS
                0x080086a4        0x4 CMakeFiles/EC_C_Board.elf.dir/USB_DEVICE/App/usbd_cdc_if.c.obj
 .text.CDC_Control_FS
                0x080086a8        0x4 CMakeFiles/EC_C_Board.elf.dir/USB_DEVICE/App/usbd_cdc_if.c.obj
 .text.CDC_TransmitCplt_FS
                0x080086ac        0x4 CMakeFiles/EC_C_Board.elf.dir/USB_DEVICE/App/usbd_cdc_if.c.obj
 .text.CDC_Receive_FS
                0x080086b0       0x1c CMakeFiles/EC_C_Board.elf.dir/USB_DEVICE/App/usbd_cdc_if.c.obj
 .text.CDC_Init_FS
                0x080086cc       0x28 CMakeFiles/EC_C_Board.elf.dir/USB_DEVICE/App/usbd_cdc_if.c.obj
 .text.USBD_FS_DeviceDescriptor
                0x080086f4        0xc CMakeFiles/EC_C_Board.elf.dir/USB_DEVICE/App/usbd_desc.c.obj
                0x080086f4                USBD_FS_DeviceDescriptor
 .text.USBD_FS_LangIDStrDescriptor
                0x08008700        0xc CMakeFiles/EC_C_Board.elf.dir/USB_DEVICE/App/usbd_desc.c.obj
                0x08008700                USBD_FS_LangIDStrDescriptor
 .text.IntToUnicode
                0x0800870c       0x46 CMakeFiles/EC_C_Board.elf.dir/USB_DEVICE/App/usbd_desc.c.obj
 *fill*         0x08008752        0x2 
 .text.Get_SerialNum
                0x08008754       0x38 CMakeFiles/EC_C_Board.elf.dir/USB_DEVICE/App/usbd_desc.c.obj
 .text.USBD_FS_SerialStrDescriptor
                0x0800878c       0x14 CMakeFiles/EC_C_Board.elf.dir/USB_DEVICE/App/usbd_desc.c.obj
                0x0800878c                USBD_FS_SerialStrDescriptor
 .text.USBD_FS_ProductStrDescriptor
                0x080087a0       0x24 CMakeFiles/EC_C_Board.elf.dir/USB_DEVICE/App/usbd_desc.c.obj
                0x080087a0                USBD_FS_ProductStrDescriptor
 .text.USBD_FS_ManufacturerStrDescriptor
                0x080087c4       0x1c CMakeFiles/EC_C_Board.elf.dir/USB_DEVICE/App/usbd_desc.c.obj
                0x080087c4                USBD_FS_ManufacturerStrDescriptor
 .text.USBD_FS_ConfigStrDescriptor
                0x080087e0       0x24 CMakeFiles/EC_C_Board.elf.dir/USB_DEVICE/App/usbd_desc.c.obj
                0x080087e0                USBD_FS_ConfigStrDescriptor
 .text.USBD_FS_InterfaceStrDescriptor
                0x08008804       0x24 CMakeFiles/EC_C_Board.elf.dir/USB_DEVICE/App/usbd_desc.c.obj
                0x08008804                USBD_FS_InterfaceStrDescriptor
 .text.HAL_PCD_MspInit
                0x08008828       0x84 CMakeFiles/EC_C_Board.elf.dir/USB_DEVICE/Target/usbd_conf.c.obj
                0x08008828                HAL_PCD_MspInit
 .text.HAL_PCD_SetupStageCallback
                0x080088ac       0x10 CMakeFiles/EC_C_Board.elf.dir/USB_DEVICE/Target/usbd_conf.c.obj
                0x080088ac                HAL_PCD_SetupStageCallback
 .text.HAL_PCD_DataOutStageCallback
                0x080088bc       0x18 CMakeFiles/EC_C_Board.elf.dir/USB_DEVICE/Target/usbd_conf.c.obj
                0x080088bc                HAL_PCD_DataOutStageCallback
 .text.HAL_PCD_DataInStageCallback
                0x080088d4       0x16 CMakeFiles/EC_C_Board.elf.dir/USB_DEVICE/Target/usbd_conf.c.obj
                0x080088d4                HAL_PCD_DataInStageCallback
 .text.HAL_PCD_SOFCallback
                0x080088ea        0xc CMakeFiles/EC_C_Board.elf.dir/USB_DEVICE/Target/usbd_conf.c.obj
                0x080088ea                HAL_PCD_SOFCallback
 .text.HAL_PCD_ResetCallback
                0x080088f6       0x2c CMakeFiles/EC_C_Board.elf.dir/USB_DEVICE/Target/usbd_conf.c.obj
                0x080088f6                HAL_PCD_ResetCallback
 *fill*         0x08008922        0x2 
 .text.HAL_PCD_SuspendCallback
                0x08008924       0x30 CMakeFiles/EC_C_Board.elf.dir/USB_DEVICE/Target/usbd_conf.c.obj
                0x08008924                HAL_PCD_SuspendCallback
 .text.HAL_PCD_ResumeCallback
                0x08008954        0xc CMakeFiles/EC_C_Board.elf.dir/USB_DEVICE/Target/usbd_conf.c.obj
                0x08008954                HAL_PCD_ResumeCallback
 .text.HAL_PCD_ISOOUTIncompleteCallback
                0x08008960        0xc CMakeFiles/EC_C_Board.elf.dir/USB_DEVICE/Target/usbd_conf.c.obj
                0x08008960                HAL_PCD_ISOOUTIncompleteCallback
 .text.HAL_PCD_ISOINIncompleteCallback
                0x0800896c        0xc CMakeFiles/EC_C_Board.elf.dir/USB_DEVICE/Target/usbd_conf.c.obj
                0x0800896c                HAL_PCD_ISOINIncompleteCallback
 .text.HAL_PCD_ConnectCallback
                0x08008978        0xc CMakeFiles/EC_C_Board.elf.dir/USB_DEVICE/Target/usbd_conf.c.obj
                0x08008978                HAL_PCD_ConnectCallback
 .text.HAL_PCD_DisconnectCallback
                0x08008984        0xc CMakeFiles/EC_C_Board.elf.dir/USB_DEVICE/Target/usbd_conf.c.obj
                0x08008984                HAL_PCD_DisconnectCallback
 .text.USBD_LL_Init
                0x08008990       0x68 CMakeFiles/EC_C_Board.elf.dir/USB_DEVICE/Target/usbd_conf.c.obj
                0x08008990                USBD_LL_Init
 .text.USBD_LL_IsStallEP
                0x080089f8       0x2e CMakeFiles/EC_C_Board.elf.dir/USB_DEVICE/Target/usbd_conf.c.obj
                0x080089f8                USBD_LL_IsStallEP
 .text.USBD_LL_GetRxDataSize
                0x08008a26        0xc CMakeFiles/EC_C_Board.elf.dir/USB_DEVICE/Target/usbd_conf.c.obj
                0x08008a26                USBD_LL_GetRxDataSize
 *fill*         0x08008a32        0x2 
 .text.USBD_static_malloc
                0x08008a34        0x8 CMakeFiles/EC_C_Board.elf.dir/USB_DEVICE/Target/usbd_conf.c.obj
                0x08008a34                USBD_static_malloc
 .text.USBD_static_free
                0x08008a3c        0x2 CMakeFiles/EC_C_Board.elf.dir/USB_DEVICE/Target/usbd_conf.c.obj
                0x08008a3c                USBD_static_free
 .text.USBD_Get_USB_Status
                0x08008a3e       0x14 CMakeFiles/EC_C_Board.elf.dir/USB_DEVICE/Target/usbd_conf.c.obj
                0x08008a3e                USBD_Get_USB_Status
 .text.USBD_LL_Start
                0x08008a52       0x10 CMakeFiles/EC_C_Board.elf.dir/USB_DEVICE/Target/usbd_conf.c.obj
                0x08008a52                USBD_LL_Start
 .text.USBD_LL_OpenEP
                0x08008a62       0x16 CMakeFiles/EC_C_Board.elf.dir/USB_DEVICE/Target/usbd_conf.c.obj
                0x08008a62                USBD_LL_OpenEP
 .text.USBD_LL_CloseEP
                0x08008a78       0x10 CMakeFiles/EC_C_Board.elf.dir/USB_DEVICE/Target/usbd_conf.c.obj
                0x08008a78                USBD_LL_CloseEP
 .text.USBD_LL_StallEP
                0x08008a88       0x10 CMakeFiles/EC_C_Board.elf.dir/USB_DEVICE/Target/usbd_conf.c.obj
                0x08008a88                USBD_LL_StallEP
 .text.USBD_LL_ClearStallEP
                0x08008a98       0x10 CMakeFiles/EC_C_Board.elf.dir/USB_DEVICE/Target/usbd_conf.c.obj
                0x08008a98                USBD_LL_ClearStallEP
 .text.USBD_LL_SetUSBAddress
                0x08008aa8       0x10 CMakeFiles/EC_C_Board.elf.dir/USB_DEVICE/Target/usbd_conf.c.obj
                0x08008aa8                USBD_LL_SetUSBAddress
 .text.USBD_LL_Transmit
                0x08008ab8       0x10 CMakeFiles/EC_C_Board.elf.dir/USB_DEVICE/Target/usbd_conf.c.obj
                0x08008ab8                USBD_LL_Transmit
 .text.USBD_LL_PrepareReceive
                0x08008ac8       0x10 CMakeFiles/EC_C_Board.elf.dir/USB_DEVICE/Target/usbd_conf.c.obj
                0x08008ac8                USBD_LL_PrepareReceive
 .text._ZL16H_K_R_AdjustmentP4kf_t
                0x08008ad8      0x118 CMakeFiles/EC_C_Board.elf.dir/user/algorithm/src/Kalman_filter.cpp.obj
 .text._Z18Kalman_Filter_InitP4kf_thhh
                0x08008bf0      0x42c CMakeFiles/EC_C_Board.elf.dir/user/algorithm/src/Kalman_filter.cpp.obj
                0x08008bf0                Kalman_Filter_Init(kf_t*, unsigned char, unsigned char, unsigned char)
 .text._Z21Kalman_Filter_MeasureP4kf_t
                0x0800901c       0x4c CMakeFiles/EC_C_Board.elf.dir/user/algorithm/src/Kalman_filter.cpp.obj
                0x0800901c                Kalman_Filter_Measure(kf_t*)
 .text._Z29Kalman_Filter_xhatMinusUpdateP4kf_t
                0x08009068       0x76 CMakeFiles/EC_C_Board.elf.dir/user/algorithm/src/Kalman_filter.cpp.obj
                0x08009068                Kalman_Filter_xhatMinusUpdate(kf_t*)
 .text._Z26Kalman_Filter_PminusUpdateP4kf_t
                0x080090de       0x68 CMakeFiles/EC_C_Board.elf.dir/user/algorithm/src/Kalman_filter.cpp.obj
                0x080090de                Kalman_Filter_PminusUpdate(kf_t*)
 .text._Z18Kalman_Filter_SetKP4kf_t
                0x08009146       0xcc CMakeFiles/EC_C_Board.elf.dir/user/algorithm/src/Kalman_filter.cpp.obj
                0x08009146                Kalman_Filter_SetK(kf_t*)
 .text._Z24Kalman_Filter_xhatUpdateP4kf_t
                0x08009212       0x82 CMakeFiles/EC_C_Board.elf.dir/user/algorithm/src/Kalman_filter.cpp.obj
                0x08009212                Kalman_Filter_xhatUpdate(kf_t*)
 .text._Z22Kalman_Filter_P_UpdateP4kf_t
                0x08009294       0x64 CMakeFiles/EC_C_Board.elf.dir/user/algorithm/src/Kalman_filter.cpp.obj
                0x08009294                Kalman_Filter_P_Update(kf_t*)
 .text._Z20Kalman_Filter_UpdateP4kf_t
                0x080092f8       0xf8 CMakeFiles/EC_C_Board.elf.dir/user/algorithm/src/Kalman_filter.cpp.obj
                0x080092f8                Kalman_Filter_Update(kf_t*)
 .text._ZL7invSqrtf
                0x080093f0       0x30 CMakeFiles/EC_C_Board.elf.dir/user/algorithm/src/QuaternionEKF.cpp.obj
 .text._ZL42IMU_QuaternionEKF_F_Linearization_P_FadingP4kf_t
                0x08009420      0x1a0 CMakeFiles/EC_C_Board.elf.dir/user/algorithm/src/QuaternionEKF.cpp.obj
 .text._ZL25IMU_QuaternionEKF_ObserveP4kf_t
                0x080095c0       0x38 CMakeFiles/EC_C_Board.elf.dir/user/algorithm/src/QuaternionEKF.cpp.obj
 .text._ZL28IMU_QuaternionEKF_xhatUpdateP4kf_t
                0x080095f8      0x438 CMakeFiles/EC_C_Board.elf.dir/user/algorithm/src/QuaternionEKF.cpp.obj
 .text._ZL22IMU_QuaternionEKF_SetHP4kf_t
                0x08009a30       0xe4 CMakeFiles/EC_C_Board.elf.dir/user/algorithm/src/QuaternionEKF.cpp.obj
 .text._Z22IMU_QuaternionEKF_Initfffff
                0x08009b14       0xe0 CMakeFiles/EC_C_Board.elf.dir/user/algorithm/src/QuaternionEKF.cpp.obj
                0x08009b14                IMU_QuaternionEKF_Init(float, float, float, float, float)
 .text._Z24IMU_QuaternionEKF_Updatefffffff
                0x08009bf4      0x488 CMakeFiles/EC_C_Board.elf.dir/user/algorithm/src/QuaternionEKF.cpp.obj
                0x08009bf4                IMU_QuaternionEKF_Update(float, float, float, float, float, float, float)
 .text._ZN3Pid18TrapezoidIntergralEv
                0x0800a07c       0x2a CMakeFiles/EC_C_Board.elf.dir/user/algorithm/src/pid.cpp.obj
                0x0800a07c                Pid::TrapezoidIntergral()
 .text._ZN3Pid22ChangingIntegratioRateEv
                0x0800a0a6       0x5a CMakeFiles/EC_C_Board.elf.dir/user/algorithm/src/pid.cpp.obj
                0x0800a0a6                Pid::ChangingIntegratioRate()
 .text._ZN3Pid13IntegralLimitEv
                0x0800a100       0x88 CMakeFiles/EC_C_Board.elf.dir/user/algorithm/src/pid.cpp.obj
                0x0800a100                Pid::IntegralLimit()
 .text._ZN3Pid23DerivativeOnMeasurementEv
                0x0800a188       0x22 CMakeFiles/EC_C_Board.elf.dir/user/algorithm/src/pid.cpp.obj
                0x0800a188                Pid::DerivativeOnMeasurement()
 .text._ZN3Pid16DerivativeFilterEv
                0x0800a1aa       0x2e CMakeFiles/EC_C_Board.elf.dir/user/algorithm/src/pid.cpp.obj
                0x0800a1aa                Pid::DerivativeFilter()
 .text._ZN3Pid12OutputFilterEv
                0x0800a1d8       0x2e CMakeFiles/EC_C_Board.elf.dir/user/algorithm/src/pid.cpp.obj
                0x0800a1d8                Pid::OutputFilter()
 .text._ZN3Pid11OutputLimitEv
                0x0800a206       0x2e CMakeFiles/EC_C_Board.elf.dir/user/algorithm/src/pid.cpp.obj
                0x0800a206                Pid::OutputLimit()
 .text._ZN3Pid11ErrorHandleEv
                0x0800a234       0x90 CMakeFiles/EC_C_Board.elf.dir/user/algorithm/src/pid.cpp.obj
                0x0800a234                Pid::ErrorHandle()
 .text._ZN3Pid9CalculateEv
                0x0800a2c4      0x120 CMakeFiles/EC_C_Board.elf.dir/user/algorithm/src/pid.cpp.obj
                0x0800a2c4                Pid::Calculate()
 .text._ZN4Math14FloatConstrainEfff
                0x0800a3e4       0x20 CMakeFiles/EC_C_Board.elf.dir/user/algorithm/src/user_lib.cpp.obj
                0x0800a3e4                Math::FloatConstrain(float, float, float)
 .text._ZN4Math13FloatRoundingEf
                0x0800a404       0x40 CMakeFiles/EC_C_Board.elf.dir/user/algorithm/src/user_lib.cpp.obj
                0x0800a404                Math::FloatRounding(float)
 .text._Z15PitchOneStepSETt
                0x0800a444       0x4c CMakeFiles/EC_C_Board.elf.dir/user/application/src/gimbal.cpp.obj
                0x0800a444                PitchOneStepSET(unsigned short)
 .text._Z15StartPitchPulseht
                0x0800a490       0x16 CMakeFiles/EC_C_Board.elf.dir/user/application/src/gimbal.cpp.obj
                0x0800a490                StartPitchPulse(unsigned char, unsigned short)
 *fill*         0x0800a4a6        0x2 
 .text._Z11PitchDirSeth
                0x0800a4a8       0x30 CMakeFiles/EC_C_Board.elf.dir/user/application/src/gimbal.cpp.obj
                0x0800a4a8                PitchDirSet(unsigned char)
 .text._Z10PushDirSeth
                0x0800a4d8       0x28 CMakeFiles/EC_C_Board.elf.dir/user/application/src/gimbal.cpp.obj
                0x0800a4d8                PushDirSet(unsigned char)
 .text._Z10SetPushPWMt
                0x0800a500        0xc CMakeFiles/EC_C_Board.elf.dir/user/application/src/gimbal.cpp.obj
                0x0800a500                SetPushPWM(unsigned short)
 .text._Z13YawOneStepSETt
                0x0800a50c       0x4c CMakeFiles/EC_C_Board.elf.dir/user/application/src/gimbal.cpp.obj
                0x0800a50c                YawOneStepSET(unsigned short)
 .text._Z13StartYawPulseht
                0x0800a558       0x16 CMakeFiles/EC_C_Board.elf.dir/user/application/src/gimbal.cpp.obj
                0x0800a558                StartYawPulse(unsigned char, unsigned short)
 *fill*         0x0800a56e        0x2 
 .text._Z9YawDirSeth
                0x0800a570       0x2c CMakeFiles/EC_C_Board.elf.dir/user/application/src/gimbal.cpp.obj
                0x0800a570                YawDirSet(unsigned char)
 .text.InfantrySystemInit
                0x0800a59c       0x18 CMakeFiles/EC_C_Board.elf.dir/user/application/src/infantry.cpp.obj
                0x0800a59c                InfantrySystemInit
 .text.GimbalInit
                0x0800a5b4       0x10 CMakeFiles/EC_C_Board.elf.dir/user/application/src/infantry.cpp.obj
                0x0800a5b4                GimbalInit
 .text._Z12ServoControlv
                0x0800a5c4      0x140 CMakeFiles/EC_C_Board.elf.dir/user/application/src/infantry.cpp.obj
                0x0800a5c4                ServoControl()
 .text._Z15RotationControlv
                0x0800a704      0x130 CMakeFiles/EC_C_Board.elf.dir/user/application/src/infantry.cpp.obj
                0x0800a704                RotationControl()
 .text.GimbalTask
                0x0800a834       0x6c CMakeFiles/EC_C_Board.elf.dir/user/application/src/infantry.cpp.obj
                0x0800a834                GimbalTask
 .text._ZL20IMU_Param_CorrectionP11IMU_Param_tPfS1_
                0x0800a8a0      0x2c8 CMakeFiles/EC_C_Board.elf.dir/user/application/src/ins.cpp.obj
 .text.INS_Init
                0x0800ab68       0xb0 CMakeFiles/EC_C_Board.elf.dir/user/application/src/ins.cpp.obj
                0x0800ab68                INS_Init
 .text._Z21BodyFrameToEarthFramePKfPfS1_
                0x0800ac18      0x126 CMakeFiles/EC_C_Board.elf.dir/user/application/src/ins.cpp.obj
                0x0800ac18                BodyFrameToEarthFrame(float const*, float*, float*)
 .text._Z21EarthFrameToBodyFramePKfPfS1_
                0x0800ad3e      0x126 CMakeFiles/EC_C_Board.elf.dir/user/application/src/ins.cpp.obj
                0x0800ad3e                EarthFrameToBodyFrame(float const*, float*, float*)
 .text._Z20IMU_Temperature_Ctrlv
                0x0800ae64       0x54 CMakeFiles/EC_C_Board.elf.dir/user/application/src/ins.cpp.obj
                0x0800ae64                IMU_Temperature_Ctrl()
 .text.INS_Task
                0x0800aeb8      0x24c CMakeFiles/EC_C_Board.elf.dir/user/application/src/ins.cpp.obj
                0x0800aeb8                INS_Task
 .text._Z22RemoteShootTarget0Ctrlv
                0x0800b104       0x28 CMakeFiles/EC_C_Board.elf.dir/user/application/src/remote_keyboard.cpp.obj
                0x0800b104                RemoteShootTarget0Ctrl()
 .text._Z22RemoteShootTarget1Ctrlv
                0x0800b12c       0x28 CMakeFiles/EC_C_Board.elf.dir/user/application/src/remote_keyboard.cpp.obj
                0x0800b12c                RemoteShootTarget1Ctrl()
 .text._Z12StopFricCtrlv
                0x0800b154       0x30 CMakeFiles/EC_C_Board.elf.dir/user/application/src/remote_keyboard.cpp.obj
                0x0800b154                StopFricCtrl()
 .text._Z16DartStateControlv
                0x0800b184       0xe0 CMakeFiles/EC_C_Board.elf.dir/user/application/src/remote_keyboard.cpp.obj
                0x0800b184                DartStateControl()
 .text.ModeTask
                0x0800b264       0x64 CMakeFiles/EC_C_Board.elf.dir/user/application/src/remote_keyboard.cpp.obj
                0x0800b264                ModeTask
 .text._ZL23Right2FricMotorCallbackv
                0x0800b2c8       0x10 CMakeFiles/EC_C_Board.elf.dir/user/application/src/shoot.cpp.obj
 .text._ZL23Right1FricMotorCallbackv
                0x0800b2d8       0x10 CMakeFiles/EC_C_Board.elf.dir/user/application/src/shoot.cpp.obj
 .text._ZL22Left2FricMotorCallbackv
                0x0800b2e8       0x10 CMakeFiles/EC_C_Board.elf.dir/user/application/src/shoot.cpp.obj
 .text._ZL22Left1FricMotorCallbackv
                0x0800b2f8       0x10 CMakeFiles/EC_C_Board.elf.dir/user/application/src/shoot.cpp.obj
 .text._ZN5Shoot7PidInitEv
                0x0800b308       0xa8 CMakeFiles/EC_C_Board.elf.dir/user/application/src/shoot.cpp.obj
                0x0800b308                Shoot::PidInit()
 .text._ZN5Shoot9MotorInitEv
                0x0800b3b0       0x84 CMakeFiles/EC_C_Board.elf.dir/user/application/src/shoot.cpp.obj
                0x0800b3b0                Shoot::MotorInit()
 .text._ZN5Shoot8FricCalcEv
                0x0800b434       0x40 CMakeFiles/EC_C_Board.elf.dir/user/application/src/shoot.cpp.obj
                0x0800b434                Shoot::FricCalc()
 .text._ZN5Shoot7ControlEv
                0x0800b474        0x8 CMakeFiles/EC_C_Board.elf.dir/user/application/src/shoot.cpp.obj
                0x0800b474                Shoot::Control()
 .text._ZN5Shoot18SetFricLevel1SpeedEf
                0x0800b47c        0xe CMakeFiles/EC_C_Board.elf.dir/user/application/src/shoot.cpp.obj
                0x0800b47c                Shoot::SetFricLevel1Speed(float)
 .text._ZN5Shoot18SetFricLevel2SpeedEf
                0x0800b48a        0xe CMakeFiles/EC_C_Board.elf.dir/user/application/src/shoot.cpp.obj
                0x0800b48a                Shoot::SetFricLevel2Speed(float)
 .text.CanRxCallBack
                0x0800b498       0x7c CMakeFiles/EC_C_Board.elf.dir/user/bsp/src/bsp_can.c.obj
 .text.pCanRegister
                0x0800b514       0x78 CMakeFiles/EC_C_Board.elf.dir/user/bsp/src/bsp_can.c.obj
                0x0800b514                pCanRegister
 .text.HAL_CAN_RxFifo0MsgPendingCallback
                0x0800b58c        0xa CMakeFiles/EC_C_Board.elf.dir/user/bsp/src/bsp_can.c.obj
                0x0800b58c                HAL_CAN_RxFifo0MsgPendingCallback
 *fill*         0x0800b596        0x2 
 .text.DWT_CNT_Update
                0x0800b598       0x4c CMakeFiles/EC_C_Board.elf.dir/user/bsp/src/bsp_dwt.c.obj
 .text.DWT_Init
                0x0800b5e4       0x70 CMakeFiles/EC_C_Board.elf.dir/user/bsp/src/bsp_dwt.c.obj
                0x0800b5e4                DWT_Init
 .text.DWT_GetDeltaT
                0x0800b654       0x48 CMakeFiles/EC_C_Board.elf.dir/user/bsp/src/bsp_dwt.c.obj
                0x0800b654                DWT_GetDeltaT
 .text.DWT_SysTimeUpdate
                0x0800b69c       0xcc CMakeFiles/EC_C_Board.elf.dir/user/bsp/src/bsp_dwt.c.obj
                0x0800b69c                DWT_SysTimeUpdate
 .text.DWT_GetTimeline_s
                0x0800b768       0x4c CMakeFiles/EC_C_Board.elf.dir/user/bsp/src/bsp_dwt.c.obj
                0x0800b768                DWT_GetTimeline_s
 .text.DWT_GetTimeline_ms
                0x0800b7b4       0x3c CMakeFiles/EC_C_Board.elf.dir/user/bsp/src/bsp_dwt.c.obj
                0x0800b7b4                DWT_GetTimeline_ms
 .text.DWT_Delay
                0x0800b7f0       0x34 CMakeFiles/EC_C_Board.elf.dir/user/bsp/src/bsp_dwt.c.obj
                0x0800b7f0                DWT_Delay
 .text.UartInit
                0x0800b824       0x1e CMakeFiles/EC_C_Board.elf.dir/user/bsp/src/bsp_uart.c.obj
                0x0800b824                UartInit
 *fill*         0x0800b842        0x2 